203.0.113.9 - - [19/Aug/2025:19:10:41 +0000] "HEAD /sitemap.xml HTTP/1.1" 302 2133 "https://example.com/" "Mozilla/5.0 (Windows NT 10.0; Win64; x64) AppleWebKit/537.36 Chrome/118.0 Safari/537.36"
192.168.1.12 - - [19/Aug/2025:11:21:42 +0000] "HEAD /robots.txt HTTP/2" 200 4468 "https://example.com/" "curl/7.88.1"
192.168.1.28 - - [19/Aug/2025:16:52:25 +0000] "GET /css/site.css HTTP/2" 200 2271 "https://social.example.org/post/123" "Mozilla/5.0 (Macintosh; Intel Mac OS X 10_15_7) AppleWebKit/605.1.15 Version/15.5 Safari/605.1.15"
192.168.1.5 - - [19/Aug/2025:17:02:05 +0000] "HEAD /products?id=100 HTTP/1.1" 200 3977 "https://www.google.com/" "Mozilla/5.0 (Macintosh; Intel Mac OS X 10_15_7) AppleWebKit/605.1.15 Version/15.5 Safari/605.1.15"
192.168.1.23 - - [19/Aug/2025:17:18:49 +0000] "HEAD /api/v1/items HTTP/1.1" 500 4245 "https://social.example.org/post/123" "Googlebot/2.1 (+http://www.google.com/bot.html)"
203.0.113.2 - - [19/Aug/2025:07:41:42 +0000] "HEAD /nonexistent HTTP/2" 404 4176 "-" "curl/7.88.1"
192.168.1.6 - - [19/Aug/2025:08:12:22 +0000] "GET /index.html HTTP/2" 301 1828 "https://social.example.org/post/123" "Googlebot/2.1 (+http://www.google.com/bot.html)"
203.0.113.5 - - [19/Aug/2025:16:25:50 +0000] "POST /logout HTTP/1.1" 200 3759 "https://example.com/" "Mozilla/5.0 (X11; Linux x86_64) Gecko/20100101 Firefox/116.0"
192.168.1.2 - - [19/Aug/2025:14:44:11 +0000] "GET /images/logo.png HTTP/2" 200 4288 "https://example.com/" "Mozilla/5.0 (Macintosh; Intel Mac OS X 10_15_7) AppleWebKit/605.1.15 Version/15.5 Safari/605.1.15"
10.0.0.6 - - [19/Aug/2025:05:08:15 +0000] "HEAD /robots.txt HTTP/2" 200 1778 "https://social.example.org/post/123" "Mozilla/5.0 (Windows NT 10.0; Win64; x64) AppleWebKit/537.36 Chrome/118.0 Safari/537.36"
203.0.113.5 - - [19/Aug/2025:18:40:23 +0000] "POST /promo/summer HTTP/2" 200 322 "-" "Googlebot/2.1 (+http://www.google.com/bot.html)"
192.168.1.15 - - [19/Aug/2025:18:32:12 +0000] "GET /api/v1/items HTTP/2" 304 - "https://social.example.org/post/123" "bingbot/2.0; +http://www.bing.com/bingbot.htm"
10.0.0.13 - - [19/Aug/2025:23:39:59 +0000] "GET /login HTTP/1.1" 302 4782 "https://example.com/" "bingbot/2.0; +http://www.bing.com/bingbot.htm"
192.168.1.20 - - [19/Aug/2025:23:29:02 +0000] "POST / HTTP/2" 404 814 "https://social.example.org/post/123" "Mozilla/5.0 (X11; Linux x86_64) Gecko/20100101 Firefox/116.0"
10.0.0.12 - - [19/Aug/2025:19:59:29 +0000] "HEAD /search?q=hive HTTP/2" 404 2125 "https://social.example.org/post/123" "curl/7.88.1"
192.168.1.4 - - [19/Aug/2025:10:41:54 +0000] "GET /nonexistent HTTP/2" 404 335 "https://news.ycombinator.com/" "Mozilla/5.0 (Macintosh; Intel Mac OS X 10_15_7) AppleWebKit/605.1.15 Version/15.5 Safari/605.1.15"
192.168.1.17 - - [19/Aug/2025:05:52:28 +0000] "POST / HTTP/2" 200 923 "https://example.com/" "bingbot/2.0; +http://www.bing.com/bingbot.htm"
192.168.1.3 - - [19/Aug/2025:18:34:26 +0000] "HEAD /css/site.css HTTP/1.1" 302 2048 "https://news.ycombinator.com/" "python-requests/2.31.0"
192.168.1.17 - - [19/Aug/2025:14:49:07 +0000] "POST /docs/guide.pdf HTTP/2" 200 4765 "https://www.google.com/" "Mozilla/5.0 (Windows NT 10.0; Win64; x64) AppleWebKit/537.36 Chrome/118.0 Safari/537.36"
203.0.113.1 - - [19/Aug/2025:16:05:21 +0000] "GET /robots.txt HTTP/1.1" 200 1363 "https://example.com/" "Mozilla/5.0 (Macintosh; Intel Mac OS X 10_15_7) AppleWebKit/605.1.15 Version/15.5 Safari/605.1.15"
192.168.1.28 - - [19/Aug/2025:16:42:16 +0000] "GET /login HTTP/1.1" 500 1642 "https://example.com/" "Mozilla/5.0 (Windows NT 10.0; Win64; x64) AppleWebKit/537.36 Chrome/118.0 Safari/537.36"
10.0.0.8 - - [19/Aug/2025:18:18:19 +0000] "HEAD /docs/guide.pdf HTTP/1.1" 200 1574 "-" "Mozilla/5.0 (X11; Linux x86_64) Gecko/20100101 Firefox/116.0"
203.0.113.9 - - [19/Aug/2025:20:15:04 +0000] "POST /checkout HTTP/1.1" 302 3065 "-" "bingbot/2.0; +http://www.bing.com/bingbot.htm"
10.0.0.3 - - [19/Aug/2025:18:49:34 +0000] "HEAD /products?id=100 HTTP/2" 404 2579 "-" "curl/7.88.1"
192.168.1.26 - - [19/Aug/2025:18:22:11 +0000] "GET /docs/guide.pdf HTTP/2" 500 449 "https://news.ycombinator.com/" "Mozilla/5.0 (X11; Linux x86_64) Gecko/20100101 Firefox/116.0"
192.168.1.6 - - [19/Aug/2025:22:49:05 +0000] "GET /cart HTTP/2" 200 4576 "https://news.ycombinator.com/" "Mozilla/5.0 (Macintosh; Intel Mac OS X 10_15_7) AppleWebKit/605.1.15 Version/15.5 Safari/605.1.15"
10.0.0.14 - - [19/Aug/2025:13:59:48 +0000] "POST / HTTP/2" 301 3842 "-" "Mozilla/5.0 (X11; Linux x86_64) Gecko/20100101 Firefox/116.0"
192.168.1.15 - - [19/Aug/2025:13:51:25 +0000] "GET /search?q=hadoop HTTP/2" 404 848 "https://www.google.com/" "Mozilla/5.0 (X11; Linux x86_64) Gecko/20100101 Firefox/116.0"
10.0.0.5 - - [19/Aug/2025:16:58:49 +0000] "HEAD /logout HTTP/2" 200 3321 "https://www.google.com/" "Mozilla/5.0 (Windows NT 10.0; Win64; x64) AppleWebKit/537.36 Chrome/118.0 Safari/537.36"
10.0.0.10 - - [19/Aug/2025:04:12:00 +0000] "POST / HTTP/2" 404 3074 "https://social.example.org/post/123" "python-requests/2.31.0"
10.0.0.3 - - [19/Aug/2025:19:20:55 +0000] "GET /cart HTTP/1.1" 404 4564 "https://news.ycombinator.com/" "Mozilla/5.0 (X11; Linux x86_64) Gecko/20100101 Firefox/116.0"
10.0.0.5 - - [19/Aug/2025:07:08:30 +0000] "HEAD /docs/guide.pdf HTTP/2" 200 566 "https://example.com/" "Mozilla/5.0 (Macintosh; Intel Mac OS X 10_15_7) AppleWebKit/605.1.15 Version/15.5 Safari/605.1.15"
192.168.1.20 - - [19/Aug/2025:10:52:27 +0000] "GET /products?id=100 HTTP/1.1" 200 1421 "https://example.com/" "Mozilla/5.0 (X11; Linux x86_64) Gecko/20100101 Firefox/116.0"
192.168.1.23 - - [19/Aug/2025:11:09:17 +0000] "POST /products HTTP/2" 200 4381 "https://example.com/" "python-requests/2.31.0"
192.168.1.20 - - [19/Aug/2025:10:01:01 +0000] "POST /checkout HTTP/1.1" 200 4600 "https://news.ycombinator.com/" "bingbot/2.0; +http://www.bing.com/bingbot.htm"
192.168.1.8 - - [19/Aug/2025:19:23:07 +0000] "POST /api/v1/items HTTP/2" 200 1796 "https://news.ycombinator.com/" "Mozilla/5.0 (Macintosh; Intel Mac OS X 10_15_7) AppleWebKit/605.1.15 Version/15.5 Safari/605.1.15"
192.168.1.5 - - [19/Aug/2025:14:05:14 +0000] "POST /css/site.css HTTP/1.1" 500 4796 "https://news.ycombinator.com/" "Mozilla/5.0 (X11; Linux x86_64) Gecko/20100101 Firefox/116.0"
10.0.0.9 - - [19/Aug/2025:17:19:58 +0000] "HEAD /css/site.css HTTP/1.1" 301 633 "https://example.com/" "Googlebot/2.1 (+http://www.google.com/bot.html)"
203.0.113.7 - - [19/Aug/2025:07:21:17 +0000] "GET /cart HTTP/1.1" 200 332 "-" "Googlebot/2.1 (+http://www.google.com/bot.html)"
192.168.1.27 - - [19/Aug/2025:05:51:23 +0000] "HEAD /products?id=100 HTTP/2" 200 4897 "https://www.google.com/" "Mozilla/5.0 (Windows NT 10.0; Win64; x64) AppleWebKit/537.36 Chrome/118.0 Safari/537.36"
10.0.0.10 - - [19/Aug/2025:10:11:41 +0000] "HEAD /products?id=100 HTTP/1.1" 302 2089 "https://www.google.com/" "Mozilla/5.0 (Macintosh; Intel Mac OS X 10_15_7) AppleWebKit/605.1.15 Version/15.5 Safari/605.1.15"
203.0.113.3 - - [19/Aug/2025:17:52:55 +0000] "HEAD /search?q=hive HTTP/2" 200 4584 "https://example.com/" "bingbot/2.0; +http://www.bing.com/bingbot.htm"
192.168.1.14 - - [19/Aug/2025:18:49:53 +0000] "POST /docs/guide.pdf HTTP/1.1" 200 3820 "https://www.google.com/" "bingbot/2.0; +http://www.bing.com/bingbot.htm"
10.0.0.7 - - [19/Aug/2025:16:12:52 +0000] "POST /api/v1/items/42 HTTP/1.1" 301 3671 "https://news.ycombinator.com/" "curl/7.88.1"
192.168.1.9 - - [19/Aug/2025:09:39:54 +0000] "HEAD /login HTTP/2" 404 4376 "-" "Mozilla/5.0 (Windows NT 10.0; Win64; x64) AppleWebKit/537.36 Chrome/118.0 Safari/537.36"
192.168.1.18 - - [19/Aug/2025:11:12:47 +0000] "HEAD /cart HTTP/1.1" 404 1282 "https://www.google.com/" "Mozilla/5.0 (Macintosh; Intel Mac OS X 10_15_7) AppleWebKit/605.1.15 Version/15.5 Safari/605.1.15"
203.0.113.7 - - [19/Aug/2025:17:14:15 +0000] "GET /products HTTP/2" 200 2086 "https://example.com/" "Mozilla/5.0 (Windows NT 10.0; Win64; x64) AppleWebKit/537.36 Chrome/118.0 Safari/537.36"
203.0.113.5 - - [19/Aug/2025:14:41:13 +0000] "GET / HTTP/2" 200 3096 "https://www.google.com/" "Googlebot/2.1 (+http://www.google.com/bot.html)"
192.168.1.9 - - [19/Aug/2025:08:46:41 +0000] "POST /api/v1/items HTTP/2" 301 4550 "https://example.com/" "Googlebot/2.1 (+http://www.google.com/bot.html)"
192.168.1.11 - - [19/Aug/2025:16:54:40 +0000] "GET /admin HTTP/2" 403 4313 "https://social.example.org/post/123" "curl/7.88.1"
192.168.1.29 - - [19/Aug/2025:12:16:00 +0000] "POST /checkout HTTP/1.1" 200 4058 "https://news.ycombinator.com/" "curl/7.88.1"
192.168.1.20 - - [19/Aug/2025:09:07:56 +0000] "GET /css/site.css HTTP/2" 200 3791 "-" "Googlebot/2.1 (+http://www.google.com/bot.html)"
10.0.0.11 - - [19/Aug/2025:18:33:04 +0000] "POST /api/v1/items/42 HTTP/2" 404 2137 "https://social.example.org/post/123" "Mozilla/5.0 (Macintosh; Intel Mac OS X 10_15_7) AppleWebKit/605.1.15 Version/15.5 Safari/605.1.15"
10.0.0.4 - - [19/Aug/2025:16:17:53 +0000] "POST /images/logo.png HTTP/1.1" 302 2106 "https://social.example.org/post/123" "Mozilla/5.0 (Macintosh; Intel Mac OS X 10_15_7) AppleWebKit/605.1.15 Version/15.5 Safari/605.1.15"
10.0.0.5 - - [19/Aug/2025:02:15:41 +0000] "POST /search?q=hive HTTP/1.1" 200 2492 "https://example.com/" "bingbot/2.0; +http://www.bing.com/bingbot.htm"
203.0.113.2 - - [19/Aug/2025:09:06:17 +0000] "HEAD /css/site.css HTTP/2" 200 815 "https://news.ycombinator.com/" "Mozilla/5.0 (Windows NT 10.0; Win64; x64) AppleWebKit/537.36 Chrome/118.0 Safari/537.36"
192.168.1.17 - - [19/Aug/2025:09:18:16 +0000] "HEAD /docs/guide.pdf HTTP/1.1" 404 4371 "https://news.ycombinator.com/" "Mozilla/5.0 (Windows NT 10.0; Win64; x64) AppleWebKit/537.36 Chrome/118.0 Safari/537.36"
203.0.113.9 - - [19/Aug/2025:08:01:20 +0000] "HEAD /docs/guide.pdf HTTP/2" 404 3095 "-" "Googlebot/2.1 (+http://www.google.com/bot.html)"
192.168.1.21 - - [19/Aug/2025:08:06:46 +0000] "HEAD /login HTTP/2" 500 2527 "https://news.ycombinator.com/" "Mozilla/5.0 (Macintosh; Intel Mac OS X 10_15_7) AppleWebKit/605.1.15 Version/15.5 Safari/605.1.15"
10.0.0.12 - - [19/Aug/2025:15:42:53 +0000] "HEAD /nonexistent HTTP/2" 200 4165 "https://news.ycombinator.com/" "Mozilla/5.0 (Macintosh; Intel Mac OS X 10_15_7) AppleWebKit/605.1.15 Version/15.5 Safari/605.1.15"
192.168.1.23 - - [19/Aug/2025:20:20:02 +0000] "POST /robots.txt HTTP/1.1" 304 - "https://example.com/" "Googlebot/2.1 (+http://www.google.com/bot.html)"
203.0.113.4 - - [19/Aug/2025:09:35:01 +0000] "GET /products?id=100 HTTP/1.1" 200 3664 "-" "Mozilla/5.0 (Macintosh; Intel Mac OS X 10_15_7) AppleWebKit/605.1.15 Version/15.5 Safari/605.1.15"
192.168.1.6 - - [19/Aug/2025:12:34:47 +0000] "GET /docs/guide.pdf HTTP/2" 500 1411 "https://www.google.com/" "python-requests/2.31.0"
192.168.1.4 - - [19/Aug/2025:09:23:06 +0000] "POST / HTTP/2" 200 2597 "https://news.ycombinator.com/" "Googlebot/2.1 (+http://www.google.com/bot.html)"
192.168.1.17 - - [19/Aug/2025:20:05:21 +0000] "HEAD /products?id=100 HTTP/1.1" 200 4698 "https://www.google.com/" "Mozilla/5.0 (Windows NT 10.0; Win64; x64) AppleWebKit/537.36 Chrome/118.0 Safari/537.36"
192.168.1.12 - - [19/Aug/2025:12:17:34 +0000] "HEAD / HTTP/2" 200 3673 "https://example.com/" "Mozilla/5.0 (Windows NT 10.0; Win64; x64) AppleWebKit/537.36 Chrome/118.0 Safari/537.36"
10.0.0.10 - - [19/Aug/2025:07:37:14 +0000] "POST / HTTP/2" 500 3158 "https://example.com/" "Mozilla/5.0 (X11; Linux x86_64) Gecko/20100101 Firefox/116.0"
192.168.1.3 - - [19/Aug/2025:12:44:10 +0000] "HEAD /products?id=100 HTTP/1.1" 404 2554 "https://www.google.com/" "Mozilla/5.0 (Macintosh; Intel Mac OS X 10_15_7) AppleWebKit/605.1.15 Version/15.5 Safari/605.1.15"
192.168.1.4 - - [19/Aug/2025:18:14:47 +0000] "HEAD /checkout HTTP/1.1" 200 1919 "https://www.google.com/" "curl/7.88.1"
192.168.1.16 - - [19/Aug/2025:12:42:28 +0000] "HEAD /cart HTTP/1.1" 200 1972 "https://example.com/" "python-requests/2.31.0"
203.0.113.3 - - [19/Aug/2025:18:48:19 +0000] "POST /cart HTTP/1.1" 200 4180 "https://social.example.org/post/123" "Mozilla/5.0 (Windows NT 10.0; Win64; x64) AppleWebKit/537.36 Chrome/118.0 Safari/537.36"
192.168.1.13 - - [19/Aug/2025:08:02:34 +0000] "HEAD /login HTTP/1.1" 200 1590 "https://www.google.com/" "Mozilla/5.0 (Windows NT 10.0; Win64; x64) AppleWebKit/537.36 Chrome/118.0 Safari/537.36"
192.168.1.16 - - [19/Aug/2025:08:06:27 +0000] "HEAD /checkout HTTP/2" 500 4561 "https://news.ycombinator.com/" "python-requests/2.31.0"
10.0.0.11 - - [19/Aug/2025:13:57:59 +0000] "HEAD /api/v1/items HTTP/2" 200 4665 "https://news.ycombinator.com/" "Mozilla/5.0 (Macintosh; Intel Mac OS X 10_15_7) AppleWebKit/605.1.15 Version/15.5 Safari/605.1.15"
10.0.0.13 - - [19/Aug/2025:21:27:11 +0000] "POST /images/logo.png HTTP/2" 200 2054 "-" "Mozilla/5.0 (Macintosh; Intel Mac OS X 10_15_7) AppleWebKit/605.1.15 Version/15.5 Safari/605.1.15"
10.0.0.8 - - [19/Aug/2025:11:24:49 +0000] "POST /products HTTP/1.1" 500 1338 "-" "Mozilla/5.0 (Macintosh; Intel Mac OS X 10_15_7) AppleWebKit/605.1.15 Version/15.5 Safari/605.1.15"
192.168.1.9 - - [19/Aug/2025:17:34:54 +0000] "HEAD /robots.txt HTTP/2" 404 1407 "-" "bingbot/2.0; +http://www.bing.com/bingbot.htm"
192.168.1.10 - - [19/Aug/2025:08:56:14 +0000] "GET /index.html HTTP/1.1" 200 4715 "https://news.ycombinator.com/" "Mozilla/5.0 (Windows NT 10.0; Win64; x64) AppleWebKit/537.36 Chrome/118.0 Safari/537.36"
192.168.1.18 - - [19/Aug/2025:10:34:05 +0000] "POST /api/v1/items HTTP/1.1" 200 660 "https://social.example.org/post/123" "Googlebot/2.1 (+http://www.google.com/bot.html)"
192.168.1.16 - - [19/Aug/2025:19:13:08 +0000] "HEAD /products HTTP/1.1" 404 3923 "-" "Googlebot/2.1 (+http://www.google.com/bot.html)"
203.0.113.7 - - [19/Aug/2025:17:34:05 +0000] "POST /logout HTTP/1.1" 404 2563 "https://example.com/" "Mozilla/5.0 (Windows NT 10.0; Win64; x64) AppleWebKit/537.36 Chrome/118.0 Safari/537.36"
192.168.1.3 - - [19/Aug/2025:04:00:49 +0000] "HEAD / HTTP/1.1" 200 2941 "https://www.google.com/" "Mozilla/5.0 (X11; Linux x86_64) Gecko/20100101 Firefox/116.0"
192.168.1.7 - - [19/Aug/2025:17:40:37 +0000] "GET /search?q=hadoop HTTP/2" 200 3896 "https://news.ycombinator.com/" "python-requests/2.31.0"
203.0.113.7 - - [19/Aug/2025:11:50:40 +0000] "HEAD / HTTP/1.1" 200 2862 "https://social.example.org/post/123" "python-requests/2.31.0"
203.0.113.1 - - [19/Aug/2025:07:58:32 +0000] "POST /css/site.css HTTP/2" 200 996 "https://news.ycombinator.com/" "Mozilla/5.0 (X11; Linux x86_64) Gecko/20100101 Firefox/116.0"
10.0.0.8 - - [19/Aug/2025:08:42:36 +0000] "POST /css/site.css HTTP/2" 304 - "-" "Mozilla/5.0 (Macintosh; Intel Mac OS X 10_15_7) AppleWebKit/605.1.15 Version/15.5 Safari/605.1.15"
10.0.0.6 - - [19/Aug/2025:08:48:18 +0000] "HEAD /index.html HTTP/2" 301 4141 "-" "bingbot/2.0; +http://www.bing.com/bingbot.htm"
10.0.0.12 - - [19/Aug/2025:12:01:02 +0000] "GET / HTTP/2" 200 3395 "https://example.com/" "python-requests/2.31.0"
10.0.0.7 - - [19/Aug/2025:10:23:46 +0000] "POST /sitemap.xml HTTP/1.1" 301 3394 "https://news.ycombinator.com/" "Mozilla/5.0 (Windows NT 10.0; Win64; x64) AppleWebKit/537.36 Chrome/118.0 Safari/537.36"
192.168.1.19 - - [19/Aug/2025:09:09:51 +0000] "HEAD /search?q=hive HTTP/2" 200 701 "https://example.com/" "curl/7.88.1"
192.168.1.26 - - [19/Aug/2025:18:50:36 +0000] "HEAD /index.html HTTP/1.1" 404 4148 "-" "Googlebot/2.1 (+http://www.google.com/bot.html)"
10.0.0.13 - - [19/Aug/2025:09:26:38 +0000] "HEAD /logout HTTP/2" 200 4607 "https://www.google.com/" "Mozilla/5.0 (Macintosh; Intel Mac OS X 10_15_7) AppleWebKit/605.1.15 Version/15.5 Safari/605.1.15"
192.168.1.5 - - [19/Aug/2025:06:17:51 +0000] "GET /admin HTTP/2" 401 4853 "https://news.ycombinator.com/" "python-requests/2.31.0"
192.168.1.18 - - [19/Aug/2025:00:40:46 +0000] "HEAD /checkout HTTP/2" 302 2339 "https://news.ycombinator.com/" "Mozilla/5.0 (Macintosh; Intel Mac OS X 10_15_7) AppleWebKit/605.1.15 Version/15.5 Safari/605.1.15"
10.0.0.7 - - [19/Aug/2025:11:48:12 +0000] "HEAD /products HTTP/2" 200 2284 "https://www.google.com/" "python-requests/2.31.0"
10.0.0.13 - - [19/Aug/2025:06:44:25 +0000] "HEAD /css/site.css HTTP/1.1" 304 - "https://news.ycombinator.com/" "python-requests/2.31.0"
192.168.1.28 - - [19/Aug/2025:16:46:19 +0000] "POST /checkout HTTP/1.1" 200 3738 "https://www.google.com/" "curl/7.88.1"
192.168.1.29 - - [19/Aug/2025:17:54:33 +0000] "GET /products?id=100 HTTP/2" 200 973 "https://social.example.org/post/123" "Mozilla/5.0 (X11; Linux x86_64) Gecko/20100101 Firefox/116.0"
10.0.0.14 - - [19/Aug/2025:05:24:18 +0000] "POST /checkout HTTP/2" 200 2680 "-" "Mozilla/5.0 (Macintosh; Intel Mac OS X 10_15_7) AppleWebKit/605.1.15 Version/15.5 Safari/605.1.15"
203.0.113.3 - - [19/Aug/2025:11:14:46 +0000] "POST /api/v1/items HTTP/1.1" 200 1870 "-" "python-requests/2.31.0"
192.168.1.28 - - [19/Aug/2025:06:24:19 +0000] "POST /css/site.css HTTP/1.1" 200 1192 "https://example.com/" "Mozilla/5.0 (Macintosh; Intel Mac OS X 10_15_7) AppleWebKit/605.1.15 Version/15.5 Safari/605.1.15"
192.168.1.13 - - [19/Aug/2025:14:32:33 +0000] "POST /api/v1/items HTTP/1.1" 302 804 "https://example.com/" "Mozilla/5.0 (Windows NT 10.0; Win64; x64) AppleWebKit/537.36 Chrome/118.0 Safari/537.36"
192.168.1.20 - - [19/Aug/2025:10:40:03 +0000] "GET /search?q=hadoop HTTP/1.1" 200 3208 "https://www.google.com/" "Mozilla/5.0 (X11; Linux x86_64) Gecko/20100101 Firefox/116.0"
203.0.113.5 - - [19/Aug/2025:13:37:20 +0000] "GET /admin HTTP/1.1" 401 1037 "-" "python-requests/2.31.0"
203.0.113.6 - - [19/Aug/2025:15:33:29 +0000] "GET /docs/guide.pdf HTTP/1.1" 404 1927 "https://www.google.com/" "bingbot/2.0; +http://www.bing.com/bingbot.htm"
10.0.0.5 - - [19/Aug/2025:07:43:12 +0000] "GET /cart HTTP/2" 404 2946 "https://www.google.com/" "Mozilla/5.0 (Windows NT 10.0; Win64; x64) AppleWebKit/537.36 Chrome/118.0 Safari/537.36"
203.0.113.6 - - [19/Aug/2025:19:54:02 +0000] "GET /products HTTP/2" 200 3489 "-" "Googlebot/2.1 (+http://www.google.com/bot.html)"
203.0.113.9 - - [19/Aug/2025:21:54:26 +0000] "HEAD /sitemap.xml HTTP/1.1" 200 1814 "https://www.google.com/" "Mozilla/5.0 (X11; Linux x86_64) Gecko/20100101 Firefox/116.0"
10.0.0.11 - - [19/Aug/2025:04:51:01 +0000] "GET /api/v1/items HTTP/2" 200 4803 "https://www.google.com/" "Mozilla/5.0 (X11; Linux x86_64) Gecko/20100101 Firefox/116.0"
192.168.1.17 - - [19/Aug/2025:15:59:00 +0000] "HEAD /admin HTTP/2" 302 4374 "https://example.com/" "python-requests/2.31.0"
203.0.113.6 - - [19/Aug/2025:10:38:07 +0000] "POST / HTTP/1.1" 301 3313 "https://news.ycombinator.com/" "Mozilla/5.0 (X11; Linux x86_64) Gecko/20100101 Firefox/116.0"
192.168.1.6 - - [19/Aug/2025:10:56:03 +0000] "POST /promo/summer HTTP/1.1" 200 4608 "https://news.ycombinator.com/" "curl/7.88.1"
192.168.1.16 - - [19/Aug/2025:07:18:14 +0000] "POST /sitemap.xml HTTP/2" 200 516 "https://news.ycombinator.com/" "Mozilla/5.0 (Macintosh; Intel Mac OS X 10_15_7) AppleWebKit/605.1.15 Version/15.5 Safari/605.1.15"
192.168.1.12 - - [19/Aug/2025:18:26:12 +0000] "HEAD /checkout HTTP/1.1" 404 4443 "https://www.google.com/" "Mozilla/5.0 (Windows NT 10.0; Win64; x64) AppleWebKit/537.36 Chrome/118.0 Safari/537.36"
192.168.1.23 - - [19/Aug/2025:09:17:21 +0000] "POST /products HTTP/1.1" 200 598 "https://example.com/" "Mozilla/5.0 (Macintosh; Intel Mac OS X 10_15_7) AppleWebKit/605.1.15 Version/15.5 Safari/605.1.15"
192.168.1.4 - - [19/Aug/2025:13:26:47 +0000] "POST / HTTP/2" 200 4333 "https://social.example.org/post/123" "Googlebot/2.1 (+http://www.google.com/bot.html)"
192.168.1.4 - - [19/Aug/2025:12:50:47 +0000] "HEAD /products?id=100 HTTP/1.1" 500 1355 "https://social.example.org/post/123" "Mozilla/5.0 (X11; Linux x86_64) Gecko/20100101 Firefox/116.0"
192.168.1.5 - - [19/Aug/2025:19:02:12 +0000] "HEAD /search?q=hadoop HTTP/2" 301 3559 "https://news.ycombinator.com/" "Mozilla/5.0 (Windows NT 10.0; Win64; x64) AppleWebKit/537.36 Chrome/118.0 Safari/537.36"
192.168.1.26 - - [19/Aug/2025:18:48:01 +0000] "GET /logout HTTP/1.1" 200 2043 "-" "Mozilla/5.0 (Macintosh; Intel Mac OS X 10_15_7) AppleWebKit/605.1.15 Version/15.5 Safari/605.1.15"
192.168.1.23 - - [19/Aug/2025:18:16:57 +0000] "POST /index.html HTTP/2" 304 - "https://news.ycombinator.com/" "Mozilla/5.0 (Macintosh; Intel Mac OS X 10_15_7) AppleWebKit/605.1.15 Version/15.5 Safari/605.1.15"
10.0.0.14 - - [19/Aug/2025:12:06:31 +0000] "POST /login HTTP/1.1" 404 2027 "https://news.ycombinator.com/" "Mozilla/5.0 (X11; Linux x86_64) Gecko/20100101 Firefox/116.0"
192.168.1.9 - - [19/Aug/2025:09:47:02 +0000] "GET /css/site.css HTTP/1.1" 304 - "https://social.example.org/post/123" "Mozilla/5.0 (X11; Linux x86_64) Gecko/20100101 Firefox/116.0"
10.0.0.4 - - [19/Aug/2025:08:19:15 +0000] "HEAD /docs/guide.pdf HTTP/1.1" 301 677 "https://www.google.com/" "Mozilla/5.0 (Macintosh; Intel Mac OS X 10_15_7) AppleWebKit/605.1.15 Version/15.5 Safari/605.1.15"
192.168.1.9 - - [19/Aug/2025:16:39:46 +0000] "GET /products?id=100 HTTP/2" 302 447 "https://news.ycombinator.com/" "Mozilla/5.0 (X11; Linux x86_64) Gecko/20100101 Firefox/116.0"
10.0.0.11 - - [19/Aug/2025:05:23:36 +0000] "HEAD /products HTTP/2" 200 1789 "-" "python-requests/2.31.0"
192.168.1.12 - - [19/Aug/2025:23:16:37 +0000] "POST /promo/summer HTTP/2" 404 4991 "https://social.example.org/post/123" "Mozilla/5.0 (X11; Linux x86_64) Gecko/20100101 Firefox/116.0"
10.0.0.9 - - [19/Aug/2025:18:18:53 +0000] "HEAD /promo/summer HTTP/2" 200 4577 "https://example.com/" "Mozilla/5.0 (Macintosh; Intel Mac OS X 10_15_7) AppleWebKit/605.1.15 Version/15.5 Safari/605.1.15"
192.168.1.26 - - [19/Aug/2025:14:23:37 +0000] "HEAD /nonexistent HTTP/1.1" 404 4931 "-" "curl/7.88.1"
192.168.1.21 - - [19/Aug/2025:03:32:56 +0000] "HEAD /promo/summer HTTP/1.1" 200 1859 "-" "Mozilla/5.0 (Macintosh; Intel Mac OS X 10_15_7) AppleWebKit/605.1.15 Version/15.5 Safari/605.1.15"
192.168.1.16 - - [19/Aug/2025:19:51:52 +0000] "POST /cart HTTP/2" 301 4919 "https://news.ycombinator.com/" "Mozilla/5.0 (Windows NT 10.0; Win64; x64) AppleWebKit/537.36 Chrome/118.0 Safari/537.36"
10.0.0.9 - - [19/Aug/2025:11:44:01 +0000] "POST /cart HTTP/2" 404 1264 "https://social.example.org/post/123" "Mozilla/5.0 (X11; Linux x86_64) Gecko/20100101 Firefox/116.0"
203.0.113.1 - - [19/Aug/2025:12:57:01 +0000] "POST /checkout HTTP/1.1" 200 4901 "https://www.google.com/" "bingbot/2.0; +http://www.bing.com/bingbot.htm"
203.0.113.2 - - [19/Aug/2025:15:20:42 +0000] "HEAD /api/v1/items/42 HTTP/1.1" 304 - "https://www.google.com/" "python-requests/2.31.0"
192.168.1.20 - - [19/Aug/2025:20:48:01 +0000] "GET /api/v1/items/42 HTTP/2" 404 1265 "https://www.google.com/" "python-requests/2.31.0"
192.168.1.3 - - [19/Aug/2025:14:27:21 +0000] "HEAD /cart HTTP/2" 404 3238 "https://news.ycombinator.com/" "python-requests/2.31.0"
192.168.1.7 - - [19/Aug/2025:08:42:17 +0000] "HEAD /admin HTTP/2" 200 3633 "-" "Mozilla/5.0 (X11; Linux x86_64) Gecko/20100101 Firefox/116.0"
192.168.1.29 - - [19/Aug/2025:09:35:30 +0000] "GET /cart HTTP/1.1" 304 - "https://example.com/" "bingbot/2.0; +http://www.bing.com/bingbot.htm"
192.168.1.9 - - [19/Aug/2025:10:59:48 +0000] "POST /search?q=hadoop HTTP/2" 301 4735 "https://www.google.com/" "Mozilla/5.0 (Macintosh; Intel Mac OS X 10_15_7) AppleWebKit/605.1.15 Version/15.5 Safari/605.1.15"
10.0.0.6 - - [19/Aug/2025:15:49:19 +0000] "POST /index.html HTTP/1.1" 200 4219 "https://www.google.com/" "Mozilla/5.0 (Windows NT 10.0; Win64; x64) AppleWebKit/537.36 Chrome/118.0 Safari/537.36"
192.168.1.29 - - [19/Aug/2025:01:54:32 +0000] "HEAD /admin HTTP/2" 200 751 "-" "Mozilla/5.0 (X11; Linux x86_64) Gecko/20100101 Firefox/116.0"
192.168.1.14 - - [19/Aug/2025:22:24:32 +0000] "GET /products HTTP/1.1" 404 3043 "-" "Mozilla/5.0 (Windows NT 10.0; Win64; x64) AppleWebKit/537.36 Chrome/118.0 Safari/537.36"
192.168.1.5 - - [19/Aug/2025:21:24:33 +0000] "HEAD /images/logo.png HTTP/1.1" 200 899 "https://example.com/" "Mozilla/5.0 (Windows NT 10.0; Win64; x64) AppleWebKit/537.36 Chrome/118.0 Safari/537.36"
10.0.0.14 - - [19/Aug/2025:12:49:11 +0000] "HEAD /search?q=hadoop HTTP/2" 404 3668 "https://www.google.com/" "Mozilla/5.0 (Windows NT 10.0; Win64; x64) AppleWebKit/537.36 Chrome/118.0 Safari/537.36"
192.168.1.19 - - [19/Aug/2025:17:14:40 +0000] "POST / HTTP/2" 302 3926 "https://news.ycombinator.com/" "curl/7.88.1"
10.0.0.2 - - [19/Aug/2025:11:03:45 +0000] "GET /admin HTTP/2" 403 1423 "https://example.com/" "Mozilla/5.0 (Windows NT 10.0; Win64; x64) AppleWebKit/537.36 Chrome/118.0 Safari/537.36"
10.0.0.5 - - [19/Aug/2025:14:05:47 +0000] "HEAD /robots.txt HTTP/2" 200 1618 "https://news.ycombinator.com/" "python-requests/2.31.0"
203.0.113.9 - - [19/Aug/2025:20:04:49 +0000] "POST / HTTP/2" 304 - "https://news.ycombinator.com/" "curl/7.88.1"
192.168.1.14 - - [19/Aug/2025:06:12:12 +0000] "POST /search?q=hive HTTP/1.1" 200 2873 "https://example.com/" "python-requests/2.31.0"
192.168.1.27 - - [19/Aug/2025:20:12:22 +0000] "GET /logout HTTP/1.1" 302 387 "https://www.google.com/" "Mozilla/5.0 (X11; Linux x86_64) Gecko/20100101 Firefox/116.0"
203.0.113.3 - - [19/Aug/2025:23:58:10 +0000] "GET /products HTTP/1.1" 200 3411 "-" "Mozilla/5.0 (Macintosh; Intel Mac OS X 10_15_7) AppleWebKit/605.1.15 Version/15.5 Safari/605.1.15"
10.0.0.6 - - [19/Aug/2025:17:15:52 +0000] "HEAD /api/v1/items HTTP/1.1" 302 4361 "https://news.ycombinator.com/" "bingbot/2.0; +http://www.bing.com/bingbot.htm"
192.168.1.14 - - [19/Aug/2025:22:24:07 +0000] "GET /logout HTTP/1.1" 404 4766 "https://example.com/" "curl/7.88.1"
192.168.1.12 - - [19/Aug/2025:09:03:46 +0000] "HEAD /api/v1/items HTTP/1.1" 200 3540 "https://example.com/" "bingbot/2.0; +http://www.bing.com/bingbot.htm"
192.168.1.29 - - [19/Aug/2025:05:52:06 +0000] "POST /css/site.css HTTP/1.1" 200 4000 "https://www.google.com/" "python-requests/2.31.0"
10.0.0.4 - - [19/Aug/2025:09:06:25 +0000] "HEAD /products?id=100 HTTP/1.1" 302 4393 "https://news.ycombinator.com/" "Mozilla/5.0 (Macintosh; Intel Mac OS X 10_15_7) AppleWebKit/605.1.15 Version/15.5 Safari/605.1.15"
192.168.1.12 - - [19/Aug/2025:20:04:00 +0000] "HEAD /products HTTP/2" 404 4692 "https://www.google.com/" "Mozilla/5.0 (Windows NT 10.0; Win64; x64) AppleWebKit/537.36 Chrome/118.0 Safari/537.36"
192.168.1.28 - - [19/Aug/2025:15:16:33 +0000] "GET /nonexistent HTTP/2" 200 3887 "https://www.google.com/" "Mozilla/5.0 (X11; Linux x86_64) Gecko/20100101 Firefox/116.0"
10.0.0.8 - - [19/Aug/2025:12:52:14 +0000] "GET /products?id=100 HTTP/1.1" 304 - "https://example.com/" "Googlebot/2.1 (+http://www.google.com/bot.html)"
203.0.113.8 - - [19/Aug/2025:04:14:36 +0000] "POST / HTTP/2" 500 4761 "https://social.example.org/post/123" "Googlebot/2.1 (+http://www.google.com/bot.html)"
10.0.0.4 - - [19/Aug/2025:16:07:29 +0000] "HEAD /index.html HTTP/2" 302 2232 "https://social.example.org/post/123" "bingbot/2.0; +http://www.bing.com/bingbot.htm"
192.168.1.2 - - [19/Aug/2025:18:09:55 +0000] "POST / HTTP/2" 304 - "https://www.google.com/" "Mozilla/5.0 (Windows NT 10.0; Win64; x64) AppleWebKit/537.36 Chrome/118.0 Safari/537.36"
192.168.1.16 - - [19/Aug/2025:16:10:11 +0000] "HEAD /api/v1/items/42 HTTP/2" 404 1604 "-" "Googlebot/2.1 (+http://www.google.com/bot.html)"
192.168.1.2 - - [19/Aug/2025:16:42:23 +0000] "POST /docs/guide.pdf HTTP/2" 200 2470 "https://social.example.org/post/123" "bingbot/2.0; +http://www.bing.com/bingbot.htm"
203.0.113.1 - - [19/Aug/2025:08:04:33 +0000] "GET /products HTTP/1.1" 200 4951 "https://social.example.org/post/123" "Googlebot/2.1 (+http://www.google.com/bot.html)"
10.0.0.11 - - [19/Aug/2025:18:02:35 +0000] "HEAD /images/logo.png HTTP/1.1" 301 4738 "https://example.com/" "Mozilla/5.0 (X11; Linux x86_64) Gecko/20100101 Firefox/116.0"
192.168.1.10 - - [19/Aug/2025:14:01:10 +0000] "GET /api/v1/items HTTP/1.1" 404 2182 "https://news.ycombinator.com/" "Googlebot/2.1 (+http://www.google.com/bot.html)"
203.0.113.4 - - [19/Aug/2025:22:38:45 +0000] "POST /sitemap.xml HTTP/2" 404 1364 "https://example.com/" "bingbot/2.0; +http://www.bing.com/bingbot.htm"
10.0.0.6 - - [19/Aug/2025:10:47:39 +0000] "HEAD /products HTTP/1.1" 200 3140 "https://social.example.org/post/123" "python-requests/2.31.0"
203.0.113.8 - - [19/Aug/2025:14:29:51 +0000] "GET /logout HTTP/1.1" 200 1766 "https://www.google.com/" "bingbot/2.0; +http://www.bing.com/bingbot.htm"
192.168.1.14 - - [19/Aug/2025:11:24:30 +0000] "HEAD /checkout HTTP/1.1" 404 4002 "https://example.com/" "Googlebot/2.1 (+http://www.google.com/bot.html)"
203.0.113.6 - - [19/Aug/2025:18:39:04 +0000] "HEAD /logout HTTP/2" 404 4659 "https://social.example.org/post/123" "Googlebot/2.1 (+http://www.google.com/bot.html)"
10.0.0.10 - - [19/Aug/2025:14:54:39 +0000] "POST /sitemap.xml HTTP/2" 500 1560 "https://www.google.com/" "curl/7.88.1"
203.0.113.7 - - [19/Aug/2025:13:12:31 +0000] "GET /docs/guide.pdf HTTP/2" 404 4595 "-" "Googlebot/2.1 (+http://www.google.com/bot.html)"
192.168.1.17 - - [19/Aug/2025:16:43:40 +0000] "POST /index.html HTTP/2" 200 3252 "https://social.example.org/post/123" "Googlebot/2.1 (+http://www.google.com/bot.html)"
10.0.0.3 - - [19/Aug/2025:17:21:43 +0000] "HEAD /index.html HTTP/1.1" 404 1322 "https://www.google.com/" "curl/7.88.1"
203.0.113.7 - - [19/Aug/2025:20:11:49 +0000] "POST /api/v1/items/42 HTTP/2" 200 1795 "https://news.ycombinator.com/" "Googlebot/2.1 (+http://www.google.com/bot.html)"
192.168.1.10 - - [19/Aug/2025:12:25:12 +0000] "POST /promo/summer HTTP/2" 200 2320 "https://www.google.com/" "python-requests/2.31.0"
192.168.1.19 - - [19/Aug/2025:13:36:54 +0000] "POST /search?q=hive HTTP/1.1" 304 - "https://news.ycombinator.com/" "Mozilla/5.0 (Windows NT 10.0; Win64; x64) AppleWebKit/537.36 Chrome/118.0 Safari/537.36"
192.168.1.7 - - [19/Aug/2025:10:10:16 +0000] "HEAD /api/v1/items HTTP/1.1" 304 - "https://example.com/" "python-requests/2.31.0"
192.168.1.23 - - [19/Aug/2025:23:30:11 +0000] "POST /checkout HTTP/1.1" 301 2115 "https://www.google.com/" "curl/7.88.1"
192.168.1.25 - - [19/Aug/2025:13:50:43 +0000] "GET /search?q=hive HTTP/1.1" 304 - "https://social.example.org/post/123" "curl/7.88.1"
10.0.0.7 - - [19/Aug/2025:11:41:31 +0000] "POST /admin HTTP/2" 200 4295 "https://example.com/" "Mozilla/5.0 (X11; Linux x86_64) Gecko/20100101 Firefox/116.0"
192.168.1.21 - - [19/Aug/2025:09:00:12 +0000] "HEAD /promo/summer HTTP/1.1" 404 4496 "https://news.ycombinator.com/" "Mozilla/5.0 (Windows NT 10.0; Win64; x64) AppleWebKit/537.36 Chrome/118.0 Safari/537.36"
10.0.0.4 - - [19/Aug/2025:20:07:58 +0000] "HEAD /robots.txt HTTP/1.1" 200 1931 "https://news.ycombinator.com/" "Mozilla/5.0 (X11; Linux x86_64) Gecko/20100101 Firefox/116.0"
192.168.1.19 - - [19/Aug/2025:17:37:15 +0000] "GET /products HTTP/2" 200 3531 "https://example.com/" "Mozilla/5.0 (Windows NT 10.0; Win64; x64) AppleWebKit/537.36 Chrome/118.0 Safari/537.36"
192.168.1.22 - - [19/Aug/2025:10:29:06 +0000] "POST /search?q=hadoop HTTP/1.1" 200 1721 "https://example.com/" "bingbot/2.0; +http://www.bing.com/bingbot.htm"
10.0.0.4 - - [19/Aug/2025:19:52:26 +0000] "HEAD /sitemap.xml HTTP/1.1" 200 3791 "https://social.example.org/post/123" "Mozilla/5.0 (X11; Linux x86_64) Gecko/20100101 Firefox/116.0"
192.168.1.19 - - [19/Aug/2025:10:01:39 +0000] "GET /products?id=100 HTTP/2" 200 588 "https://example.com/" "Mozilla/5.0 (Macintosh; Intel Mac OS X 10_15_7) AppleWebKit/605.1.15 Version/15.5 Safari/605.1.15"
192.168.1.9 - - [19/Aug/2025:12:39:33 +0000] "HEAD /nonexistent HTTP/2" 404 1378 "https://social.example.org/post/123" "Mozilla/5.0 (Windows NT 10.0; Win64; x64) AppleWebKit/537.36 Chrome/118.0 Safari/537.36"
10.0.0.6 - - [19/Aug/2025:09:08:15 +0000] "HEAD /docs/guide.pdf HTTP/2" 301 1633 "https://www.google.com/" "curl/7.88.1"
203.0.113.9 - - [19/Aug/2025:14:58:51 +0000] "POST /login HTTP/1.1" 200 4448 "https://social.example.org/post/123" "Mozilla/5.0 (X11; Linux x86_64) Gecko/20100101 Firefox/116.0"
192.168.1.19 - - [19/Aug/2025:18:34:28 +0000] "POST /checkout HTTP/1.1" 302 3067 "https://news.ycombinator.com/" "curl/7.88.1"
192.168.1.19 - - [19/Aug/2025:22:57:42 +0000] "HEAD /api/v1/items HTTP/2" 200 2899 "https://news.ycombinator.com/" "curl/7.88.1"
10.0.0.13 - - [19/Aug/2025:08:08:19 +0000] "GET /products HTTP/2" 200 508 "https://www.google.com/" "Mozilla/5.0 (X11; Linux x86_64) Gecko/20100101 Firefox/116.0"
192.168.1.11 - - [19/Aug/2025:01:02:02 +0000] "POST /api/v1/items/42 HTTP/1.1" 404 2201 "-" "Mozilla/5.0 (Macintosh; Intel Mac OS X 10_15_7) AppleWebKit/605.1.15 Version/15.5 Safari/605.1.15"
192.168.1.9 - - [19/Aug/2025:07:56:52 +0000] "POST /api/v1/items HTTP/1.1" 200 345 "https://example.com/" "curl/7.88.1"
10.0.0.14 - - [19/Aug/2025:13:33:13 +0000] "HEAD /login HTTP/1.1" 404 1122 "https://example.com/" "curl/7.88.1"
10.0.0.13 - - [19/Aug/2025:10:33:33 +0000] "POST /admin HTTP/2" 404 2119 "https://social.example.org/post/123" "Googlebot/2.1 (+http://www.google.com/bot.html)"
203.0.113.6 - - [19/Aug/2025:20:50:28 +0000] "POST /login HTTP/1.1" 500 352 "https://www.google.com/" "curl/7.88.1"
192.168.1.12 - - [19/Aug/2025:19:47:45 +0000] "POST /css/site.css HTTP/1.1" 200 4607 "https://www.google.com/" "Mozilla/5.0 (X11; Linux x86_64) Gecko/20100101 Firefox/116.0"
192.168.1.8 - - [19/Aug/2025:18:45:34 +0000] "HEAD /cart HTTP/1.1" 200 1334 "https://www.google.com/" "bingbot/2.0; +http://www.bing.com/bingbot.htm"
192.168.1.2 - - [19/Aug/2025:08:53:41 +0000] "HEAD /css/site.css HTTP/1.1" 200 3389 "-" "Mozilla/5.0 (Windows NT 10.0; Win64; x64) AppleWebKit/537.36 Chrome/118.0 Safari/537.36"
10.0.0.5 - - [19/Aug/2025:13:26:16 +0000] "GET /search?q=hadoop HTTP/2" 200 498 "https://news.ycombinator.com/" "Mozilla/5.0 (Macintosh; Intel Mac OS X 10_15_7) AppleWebKit/605.1.15 Version/15.5 Safari/605.1.15"
203.0.113.5 - - [19/Aug/2025:18:25:33 +0000] "GET /logout HTTP/1.1" 200 3167 "https://social.example.org/post/123" "Googlebot/2.1 (+http://www.google.com/bot.html)"
10.0.0.9 - - [19/Aug/2025:10:47:23 +0000] "HEAD /images/logo.png HTTP/2" 200 3404 "https://www.google.com/" "Mozilla/5.0 (X11; Linux x86_64) Gecko/20100101 Firefox/116.0"
192.168.1.11 - - [19/Aug/2025:14:02:20 +0000] "HEAD /products HTTP/2" 301 4836 "https://www.google.com/" "python-requests/2.31.0"
192.168.1.13 - - [19/Aug/2025:07:03:35 +0000] "HEAD /logout HTTP/1.1" 404 4140 "https://www.google.com/" "Mozilla/5.0 (Windows NT 10.0; Win64; x64) AppleWebKit/537.36 Chrome/118.0 Safari/537.36"
10.0.0.2 - - [19/Aug/2025:12:13:12 +0000] "HEAD /search?q=hadoop HTTP/1.1" 200 2969 "https://www.google.com/" "Mozilla/5.0 (Macintosh; Intel Mac OS X 10_15_7) AppleWebKit/605.1.15 Version/15.5 Safari/605.1.15"
10.0.0.13 - - [19/Aug/2025:08:36:58 +0000] "GET /login HTTP/1.1" 200 3798 "https://example.com/" "python-requests/2.31.0"
192.168.1.21 - - [19/Aug/2025:19:04:40 +0000] "GET /docs/guide.pdf HTTP/1.1" 200 1664 "https://example.com/" "python-requests/2.31.0"
10.0.0.10 - - [19/Aug/2025:11:15:50 +0000] "HEAD /search?q=hadoop HTTP/2" 304 - "https://example.com/" "curl/7.88.1"
203.0.113.1 - - [19/Aug/2025:12:31:46 +0000] "POST /robots.txt HTTP/1.1" 200 3520 "https://example.com/" "Mozilla/5.0 (Macintosh; Intel Mac OS X 10_15_7) AppleWebKit/605.1.15 Version/15.5 Safari/605.1.15"
192.168.1.18 - - [19/Aug/2025:21:36:21 +0000] "POST /nonexistent HTTP/2" 404 1778 "https://social.example.org/post/123" "bingbot/2.0; +http://www.bing.com/bingbot.htm"
10.0.0.2 - - [19/Aug/2025:18:55:37 +0000] "GET /checkout HTTP/1.1" 302 872 "https://www.google.com/" "Mozilla/5.0 (Windows NT 10.0; Win64; x64) AppleWebKit/537.36 Chrome/118.0 Safari/537.36"
10.0.0.12 - - [19/Aug/2025:10:42:57 +0000] "POST /sitemap.xml HTTP/2" 500 1221 "https://www.google.com/" "Googlebot/2.1 (+http://www.google.com/bot.html)"
192.168.1.10 - - [19/Aug/2025:17:52:20 +0000] "HEAD /docs/guide.pdf HTTP/1.1" 200 1522 "-" "Mozilla/5.0 (X11; Linux x86_64) Gecko/20100101 Firefox/116.0"
192.168.1.25 - - [19/Aug/2025:16:06:08 +0000] "POST /index.html HTTP/1.1" 200 608 "-" "curl/7.88.1"
203.0.113.3 - - [19/Aug/2025:18:31:38 +0000] "POST /sitemap.xml HTTP/2" 200 2025 "https://example.com/" "python-requests/2.31.0"
10.0.0.14 - - [19/Aug/2025:13:11:15 +0000] "HEAD /admin HTTP/1.1" 200 1954 "-" "curl/7.88.1"
192.168.1.26 - - [19/Aug/2025:22:15:59 +0000] "HEAD /products HTTP/2" 200 4070 "-" "curl/7.88.1"
203.0.113.6 - - [19/Aug/2025:19:10:13 +0000] "HEAD /products HTTP/1.1" 200 1671 "https://news.ycombinator.com/" "python-requests/2.31.0"
192.168.1.21 - - [19/Aug/2025:11:01:05 +0000] "GET /robots.txt HTTP/2" 404 4489 "https://www.google.com/" "Mozilla/5.0 (Windows NT 10.0; Win64; x64) AppleWebKit/537.36 Chrome/118.0 Safari/537.36"
192.168.1.2 - - [19/Aug/2025:15:12:58 +0000] "HEAD /login HTTP/2" 200 2023 "https://news.ycombinator.com/" "Googlebot/2.1 (+http://www.google.com/bot.html)"
192.168.1.27 - - [19/Aug/2025:07:07:09 +0000] "GET /cart HTTP/1.1" 200 1997 "https://www.google.com/" "Mozilla/5.0 (Windows NT 10.0; Win64; x64) AppleWebKit/537.36 Chrome/118.0 Safari/537.36"
10.0.0.3 - - [19/Aug/2025:19:59:44 +0000] "POST /logout HTTP/1.1" 200 1243 "https://news.ycombinator.com/" "Mozilla/5.0 (X11; Linux x86_64) Gecko/20100101 Firefox/116.0"
192.168.1.9 - - [19/Aug/2025:17:05:07 +0000] "POST /admin HTTP/1.1" 403 642 "-" "bingbot/2.0; +http://www.bing.com/bingbot.htm"
203.0.113.6 - - [19/Aug/2025:17:28:08 +0000] "POST /sitemap.xml HTTP/2" 200 1921 "https://news.ycombinator.com/" "python-requests/2.31.0"
10.0.0.10 - - [19/Aug/2025:17:02:18 +0000] "GET /login HTTP/2" 200 2007 "https://news.ycombinator.com/" "Mozilla/5.0 (Windows NT 10.0; Win64; x64) AppleWebKit/537.36 Chrome/118.0 Safari/537.36"
203.0.113.2 - - [19/Aug/2025:16:29:41 +0000] "POST /sitemap.xml HTTP/1.1" 200 2610 "https://www.google.com/" "Mozilla/5.0 (Windows NT 10.0; Win64; x64) AppleWebKit/537.36 Chrome/118.0 Safari/537.36"
10.0.0.9 - - [19/Aug/2025:07:01:50 +0000] "HEAD /admin HTTP/1.1" 200 371 "https://news.ycombinator.com/" "python-requests/2.31.0"
10.0.0.12 - - [19/Aug/2025:10:08:09 +0000] "POST /admin HTTP/1.1" 403 3304 "https://example.com/" "python-requests/2.31.0"
203.0.113.7 - - [19/Aug/2025:11:50:04 +0000] "HEAD / HTTP/1.1" 500 4960 "https://news.ycombinator.com/" "curl/7.88.1"
10.0.0.5 - - [19/Aug/2025:07:44:37 +0000] "GET /products?id=100 HTTP/1.1" 302 1271 "https://www.google.com/" "curl/7.88.1"
10.0.0.9 - - [19/Aug/2025:08:59:22 +0000] "POST /docs/guide.pdf HTTP/2" 301 2814 "https://www.google.com/" "Mozilla/5.0 (Macintosh; Intel Mac OS X 10_15_7) AppleWebKit/605.1.15 Version/15.5 Safari/605.1.15"
203.0.113.7 - - [19/Aug/2025:19:16:04 +0000] "GET / HTTP/1.1" 302 740 "https://social.example.org/post/123" "Mozilla/5.0 (Windows NT 10.0; Win64; x64) AppleWebKit/537.36 Chrome/118.0 Safari/537.36"
192.168.1.16 - - [19/Aug/2025:11:10:30 +0000] "HEAD /robots.txt HTTP/2" 200 1662 "https://news.ycombinator.com/" "bingbot/2.0; +http://www.bing.com/bingbot.htm"
192.168.1.7 - - [19/Aug/2025:06:46:46 +0000] "POST /login HTTP/1.1" 301 2169 "https://www.google.com/" "Mozilla/5.0 (Macintosh; Intel Mac OS X 10_15_7) AppleWebKit/605.1.15 Version/15.5 Safari/605.1.15"
192.168.1.8 - - [19/Aug/2025:19:33:41 +0000] "POST /api/v1/items HTTP/2" 200 362 "https://www.google.com/" "python-requests/2.31.0"
192.168.1.17 - - [19/Aug/2025:17:18:02 +0000] "GET /products?id=100 HTTP/1.1" 404 3275 "https://social.example.org/post/123" "Googlebot/2.1 (+http://www.google.com/bot.html)"
10.0.0.2 - - [19/Aug/2025:14:49:40 +0000] "POST /login HTTP/2" 404 831 "https://example.com/" "Googlebot/2.1 (+http://www.google.com/bot.html)"
192.168.1.25 - - [19/Aug/2025:15:49:22 +0000] "POST /login HTTP/1.1" 200 2358 "https://social.example.org/post/123" "Mozilla/5.0 (X11; Linux x86_64) Gecko/20100101 Firefox/116.0"
192.168.1.18 - - [19/Aug/2025:07:53:51 +0000] "POST /login HTTP/1.1" 200 661 "https://news.ycombinator.com/" "Mozilla/5.0 (Windows NT 10.0; Win64; x64) AppleWebKit/537.36 Chrome/118.0 Safari/537.36"
10.0.0.6 - - [19/Aug/2025:18:51:50 +0000] "GET /index.html HTTP/1.1" 200 3679 "https://news.ycombinator.com/" "Mozilla/5.0 (Macintosh; Intel Mac OS X 10_15_7) AppleWebKit/605.1.15 Version/15.5 Safari/605.1.15"
203.0.113.8 - - [19/Aug/2025:07:25:17 +0000] "GET /robots.txt HTTP/1.1" 301 4529 "-" "bingbot/2.0; +http://www.bing.com/bingbot.htm"
203.0.113.6 - - [19/Aug/2025:02:06:51 +0000] "HEAD /api/v1/items/42 HTTP/2" 200 1513 "https://news.ycombinator.com/" "Mozilla/5.0 (Windows NT 10.0; Win64; x64) AppleWebKit/537.36 Chrome/118.0 Safari/537.36"
203.0.113.5 - - [19/Aug/2025:19:06:21 +0000] "GET /logout HTTP/1.1" 200 4464 "-" "Googlebot/2.1 (+http://www.google.com/bot.html)"
10.0.0.3 - - [19/Aug/2025:12:15:03 +0000] "HEAD /search?q=hive HTTP/2" 200 691 "https://example.com/" "curl/7.88.1"
192.168.1.21 - - [19/Aug/2025:22:17:31 +0000] "GET /admin HTTP/1.1" 403 503 "-" "bingbot/2.0; +http://www.bing.com/bingbot.htm"
10.0.0.7 - - [19/Aug/2025:12:22:34 +0000] "HEAD /api/v1/items/42 HTTP/2" 301 3818 "https://news.ycombinator.com/" "curl/7.88.1"
10.0.0.9 - - [19/Aug/2025:13:13:07 +0000] "GET /api/v1/items HTTP/1.1" 404 1941 "https://news.ycombinator.com/" "Googlebot/2.1 (+http://www.google.com/bot.html)"
10.0.0.2 - - [19/Aug/2025:08:51:58 +0000] "POST /login HTTP/2" 301 1519 "-" "curl/7.88.1"
192.168.1.10 - - [19/Aug/2025:15:33:15 +0000] "HEAD /robots.txt HTTP/1.1" 200 771 "https://example.com/" "Googlebot/2.1 (+http://www.google.com/bot.html)"
192.168.1.23 - - [19/Aug/2025:11:06:19 +0000] "HEAD /nonexistent HTTP/1.1" 404 714 "https://social.example.org/post/123" "bingbot/2.0; +http://www.bing.com/bingbot.htm"
192.168.1.18 - - [19/Aug/2025:13:29:07 +0000] "GET / HTTP/2" 404 2232 "https://news.ycombinator.com/" "Mozilla/5.0 (X11; Linux x86_64) Gecko/20100101 Firefox/116.0"
203.0.113.5 - - [19/Aug/2025:21:04:52 +0000] "HEAD /images/logo.png HTTP/1.1" 200 2342 "-" "curl/7.88.1"
10.0.0.13 - - [19/Aug/2025:18:02:16 +0000] "HEAD /sitemap.xml HTTP/1.1" 404 2738 "https://news.ycombinator.com/" "Mozilla/5.0 (X11; Linux x86_64) Gecko/20100101 Firefox/116.0"
10.0.0.12 - - [19/Aug/2025:13:58:25 +0000] "HEAD /robots.txt HTTP/1.1" 404 833 "https://www.google.com/" "Googlebot/2.1 (+http://www.google.com/bot.html)"
192.168.1.28 - - [19/Aug/2025:15:43:07 +0000] "POST /promo/summer HTTP/2" 200 3665 "https://social.example.org/post/123" "Mozilla/5.0 (Windows NT 10.0; Win64; x64) AppleWebKit/537.36 Chrome/118.0 Safari/537.36"
192.168.1.5 - - [19/Aug/2025:08:31:18 +0000] "POST /robots.txt HTTP/2" 200 2211 "https://www.google.com/" "Mozilla/5.0 (X11; Linux x86_64) Gecko/20100101 Firefox/116.0"
203.0.113.7 - - [19/Aug/2025:10:11:13 +0000] "HEAD /sitemap.xml HTTP/2" 404 4956 "-" "bingbot/2.0; +http://www.bing.com/bingbot.htm"
203.0.113.5 - - [19/Aug/2025:12:00:04 +0000] "POST /checkout HTTP/2" 404 1443 "-" "Mozilla/5.0 (Macintosh; Intel Mac OS X 10_15_7) AppleWebKit/605.1.15 Version/15.5 Safari/605.1.15"
10.0.0.8 - - [19/Aug/2025:12:32:29 +0000] "GET /products?id=100 HTTP/1.1" 301 749 "https://www.google.com/" "python-requests/2.31.0"
203.0.113.2 - - [19/Aug/2025:16:01:40 +0000] "HEAD /images/logo.png HTTP/1.1" 304 - "-" "Mozilla/5.0 (Macintosh; Intel Mac OS X 10_15_7) AppleWebKit/605.1.15 Version/15.5 Safari/605.1.15"
10.0.0.13 - - [19/Aug/2025:11:44:48 +0000] "HEAD /sitemap.xml HTTP/2" 200 1217 "-" "Googlebot/2.1 (+http://www.google.com/bot.html)"
10.0.0.8 - - [19/Aug/2025:21:46:53 +0000] "HEAD /nonexistent HTTP/2" 404 878 "https://news.ycombinator.com/" "Googlebot/2.1 (+http://www.google.com/bot.html)"
192.168.1.10 - - [19/Aug/2025:20:19:34 +0000] "GET /products?id=100 HTTP/2" 200 4575 "https://news.ycombinator.com/" "python-requests/2.31.0"
10.0.0.6 - - [19/Aug/2025:20:36:28 +0000] "POST /logout HTTP/1.1" 304 - "https://www.google.com/" "Mozilla/5.0 (Windows NT 10.0; Win64; x64) AppleWebKit/537.36 Chrome/118.0 Safari/537.36"
192.168.1.4 - - [19/Aug/2025:18:16:34 +0000] "POST /robots.txt HTTP/2" 302 1067 "https://www.google.com/" "Mozilla/5.0 (X11; Linux x86_64) Gecko/20100101 Firefox/116.0"
192.168.1.21 - - [19/Aug/2025:08:36:05 +0000] "HEAD /admin HTTP/1.1" 404 988 "https://www.google.com/" "bingbot/2.0; +http://www.bing.com/bingbot.htm"
10.0.0.11 - - [19/Aug/2025:20:43:52 +0000] "POST /checkout HTTP/2" 304 - "https://news.ycombinator.com/" "Mozilla/5.0 (Macintosh; Intel Mac OS X 10_15_7) AppleWebKit/605.1.15 Version/15.5 Safari/605.1.15"
10.0.0.11 - - [19/Aug/2025:12:48:25 +0000] "HEAD /robots.txt HTTP/1.1" 200 653 "https://news.ycombinator.com/" "curl/7.88.1"
192.168.1.7 - - [19/Aug/2025:09:07:16 +0000] "HEAD /login HTTP/1.1" 200 3799 "-" "Googlebot/2.1 (+http://www.google.com/bot.html)"
192.168.1.13 - - [19/Aug/2025:20:41:15 +0000] "POST /css/site.css HTTP/1.1" 200 3391 "https://example.com/" "Mozilla/5.0 (Windows NT 10.0; Win64; x64) AppleWebKit/537.36 Chrome/118.0 Safari/537.36"
203.0.113.2 - - [19/Aug/2025:18:29:37 +0000] "HEAD /admin HTTP/1.1" 200 670 "https://news.ycombinator.com/" "Googlebot/2.1 (+http://www.google.com/bot.html)"
10.0.0.13 - - [19/Aug/2025:17:18:53 +0000] "POST /admin HTTP/1.1" 200 3816 "-" "curl/7.88.1"
192.168.1.6 - - [19/Aug/2025:12:19:09 +0000] "POST / HTTP/1.1" 304 - "https://example.com/" "Mozilla/5.0 (Windows NT 10.0; Win64; x64) AppleWebKit/537.36 Chrome/118.0 Safari/537.36"
192.168.1.24 - - [19/Aug/2025:11:10:59 +0000] "HEAD /search?q=hive HTTP/2" 200 4745 "https://news.ycombinator.com/" "Mozilla/5.0 (Macintosh; Intel Mac OS X 10_15_7) AppleWebKit/605.1.15 Version/15.5 Safari/605.1.15"
203.0.113.9 - - [19/Aug/2025:00:36:50 +0000] "GET /images/logo.png HTTP/2" 304 - "https://news.ycombinator.com/" "Mozilla/5.0 (Macintosh; Intel Mac OS X 10_15_7) AppleWebKit/605.1.15 Version/15.5 Safari/605.1.15"
192.168.1.10 - - [19/Aug/2025:15:56:27 +0000] "POST /admin HTTP/2" 404 858 "https://social.example.org/post/123" "Mozilla/5.0 (Windows NT 10.0; Win64; x64) AppleWebKit/537.36 Chrome/118.0 Safari/537.36"
192.168.1.21 - - [19/Aug/2025:15:04:05 +0000] "GET /search?q=hadoop HTTP/1.1" 404 2333 "https://example.com/" "python-requests/2.31.0"
192.168.1.12 - - [19/Aug/2025:18:38:40 +0000] "GET /login HTTP/1.1" 200 2047 "https://social.example.org/post/123" "python-requests/2.31.0"
192.168.1.13 - - [19/Aug/2025:11:00:21 +0000] "GET /index.html HTTP/2" 200 4857 "https://news.ycombinator.com/" "Mozilla/5.0 (Windows NT 10.0; Win64; x64) AppleWebKit/537.36 Chrome/118.0 Safari/537.36"
203.0.113.4 - - [19/Aug/2025:11:49:53 +0000] "GET /checkout HTTP/2" 200 2774 "https://social.example.org/post/123" "Mozilla/5.0 (Macintosh; Intel Mac OS X 10_15_7) AppleWebKit/605.1.15 Version/15.5 Safari/605.1.15"
192.168.1.29 - - [19/Aug/2025:09:39:06 +0000] "POST /index.html HTTP/1.1" 500 2668 "https://example.com/" "Mozilla/5.0 (Windows NT 10.0; Win64; x64) AppleWebKit/537.36 Chrome/118.0 Safari/537.36"
192.168.1.6 - - [19/Aug/2025:18:26:25 +0000] "POST /robots.txt HTTP/1.1" 304 - "https://www.google.com/" "python-requests/2.31.0"
203.0.113.8 - - [19/Aug/2025:09:34:36 +0000] "HEAD /index.html HTTP/1.1" 301 4082 "https://news.ycombinator.com/" "Mozilla/5.0 (Macintosh; Intel Mac OS X 10_15_7) AppleWebKit/605.1.15 Version/15.5 Safari/605.1.15"
192.168.1.19 - - [19/Aug/2025:07:05:28 +0000] "POST /sitemap.xml HTTP/1.1" 200 2974 "https://news.ycombinator.com/" "Mozilla/5.0 (Macintosh; Intel Mac OS X 10_15_7) AppleWebKit/605.1.15 Version/15.5 Safari/605.1.15"
192.168.1.18 - - [19/Aug/2025:20:40:24 +0000] "HEAD /login HTTP/1.1" 500 3542 "https://news.ycombinator.com/" "bingbot/2.0; +http://www.bing.com/bingbot.htm"
192.168.1.26 - - [19/Aug/2025:12:59:32 +0000] "HEAD /css/site.css HTTP/1.1" 200 3087 "https://news.ycombinator.com/" "curl/7.88.1"
192.168.1.5 - - [19/Aug/2025:22:51:42 +0000] "GET /products?id=100 HTTP/1.1" 500 1779 "-" "Mozilla/5.0 (X11; Linux x86_64) Gecko/20100101 Firefox/116.0"
192.168.1.17 - - [19/Aug/2025:16:30:23 +0000] "HEAD /admin HTTP/1.1" 200 1228 "-" "Googlebot/2.1 (+http://www.google.com/bot.html)"
192.168.1.5 - - [19/Aug/2025:06:43:46 +0000] "GET /promo/summer HTTP/2" 200 3750 "https://example.com/" "Mozilla/5.0 (Macintosh; Intel Mac OS X 10_15_7) AppleWebKit/605.1.15 Version/15.5 Safari/605.1.15"
192.168.1.10 - - [19/Aug/2025:11:45:41 +0000] "GET /sitemap.xml HTTP/2" 200 3350 "https://news.ycombinator.com/" "Mozilla/5.0 (Windows NT 10.0; Win64; x64) AppleWebKit/537.36 Chrome/118.0 Safari/537.36"
192.168.1.3 - - [19/Aug/2025:11:00:03 +0000] "HEAD /nonexistent HTTP/2" 404 4644 "https://news.ycombinator.com/" "curl/7.88.1"
192.168.1.26 - - [19/Aug/2025:08:18:58 +0000] "POST /images/logo.png HTTP/2" 301 4375 "https://social.example.org/post/123" "Mozilla/5.0 (Windows NT 10.0; Win64; x64) AppleWebKit/537.36 Chrome/118.0 Safari/537.36"
192.168.1.12 - - [19/Aug/2025:10:27:16 +0000] "GET /css/site.css HTTP/2" 301 3283 "https://social.example.org/post/123" "Mozilla/5.0 (X11; Linux x86_64) Gecko/20100101 Firefox/116.0"
192.168.1.3 - - [19/Aug/2025:12:34:57 +0000] "HEAD /logout HTTP/2" 200 2108 "https://www.google.com/" "Mozilla/5.0 (X11; Linux x86_64) Gecko/20100101 Firefox/116.0"
192.168.1.29 - - [19/Aug/2025:13:38:01 +0000] "GET /search?q=hive HTTP/2" 200 3613 "https://social.example.org/post/123" "Mozilla/5.0 (X11; Linux x86_64) Gecko/20100101 Firefox/116.0"
203.0.113.9 - - [19/Aug/2025:07:40:11 +0000] "POST /api/v1/items HTTP/2" 200 1188 "https://social.example.org/post/123" "python-requests/2.31.0"
192.168.1.16 - - [19/Aug/2025:10:38:22 +0000] "GET / HTTP/2" 200 1829 "-" "Mozilla/5.0 (Macintosh; Intel Mac OS X 10_15_7) AppleWebKit/605.1.15 Version/15.5 Safari/605.1.15"
10.0.0.2 - - [19/Aug/2025:08:11:48 +0000] "POST /robots.txt HTTP/2" 200 3586 "https://www.google.com/" "Mozilla/5.0 (X11; Linux x86_64) Gecko/20100101 Firefox/116.0"
192.168.1.3 - - [19/Aug/2025:10:04:24 +0000] "GET /products HTTP/1.1" 200 1118 "-" "curl/7.88.1"
192.168.1.18 - - [19/Aug/2025:20:54:32 +0000] "HEAD /sitemap.xml HTTP/2" 200 350 "https://news.ycombinator.com/" "Mozilla/5.0 (Windows NT 10.0; Win64; x64) AppleWebKit/537.36 Chrome/118.0 Safari/537.36"
192.168.1.27 - - [19/Aug/2025:07:37:33 +0000] "POST /robots.txt HTTP/1.1" 200 948 "https://www.google.com/" "bingbot/2.0; +http://www.bing.com/bingbot.htm"
192.168.1.2 - - [19/Aug/2025:15:22:28 +0000] "POST /logout HTTP/1.1" 500 3646 "https://example.com/" "Mozilla/5.0 (X11; Linux x86_64) Gecko/20100101 Firefox/116.0"
