10.0.0.10 - - [18/Aug/2025:06:04:00 +0000] "POST /cart HTTP/1.1" 302 1447 "https://news.ycombinator.com/" "python-requests/2.31.0"
203.0.113.6 - - [18/Aug/2025:21:30:26 +0000] "POST /logout HTTP/1.1" 200 1211 "https://www.google.com/" "Mozilla/5.0 (Windows NT 10.0; Win64; x64) AppleWebKit/537.36 Chrome/118.0 Safari/537.36"
203.0.113.8 - - [18/Aug/2025:19:02:38 +0000] "GET /sitemap.xml HTTP/1.1" 200 3547 "https://social.example.org/post/123" "python-requests/2.31.0"
203.0.113.5 - - [18/Aug/2025:21:29:35 +0000] "POST /nonexistent HTTP/2" 404 3770 "https://www.google.com/" "curl/7.88.1"
192.168.1.10 - - [18/Aug/2025:22:33:24 +0000] "HEAD /search?q=hadoop HTTP/2" 404 758 "https://www.google.com/" "Googlebot/2.1 (+http://www.google.com/bot.html)"
10.0.0.12 - - [18/Aug/2025:08:47:35 +0000] "GET /logout HTTP/2" 200 3618 "https://social.example.org/post/123" "Mozilla/5.0 (Macintosh; Intel Mac OS X 10_15_7) AppleWebKit/605.1.15 Version/15.5 Safari/605.1.15"
192.168.1.29 - - [18/Aug/2025:05:23:41 +0000] "GET /images/logo.png HTTP/1.1" 200 937 "https://example.com/" "bingbot/2.0; +http://www.bing.com/bingbot.htm"
192.168.1.17 - - [18/Aug/2025:18:21:01 +0000] "POST /checkout HTTP/1.1" 200 2035 "https://news.ycombinator.com/" "Mozilla/5.0 (Windows NT 10.0; Win64; x64) AppleWebKit/537.36 Chrome/118.0 Safari/537.36"
10.0.0.9 - - [18/Aug/2025:18:19:12 +0000] "GET /index.html HTTP/1.1" 200 996 "https://news.ycombinator.com/" "bingbot/2.0; +http://www.bing.com/bingbot.htm"
192.168.1.4 - - [18/Aug/2025:05:50:30 +0000] "GET /api/v1/items HTTP/1.1" 200 369 "https://example.com/" "Mozilla/5.0 (X11; Linux x86_64) Gecko/20100101 Firefox/116.0"
192.168.1.14 - - [18/Aug/2025:10:25:32 +0000] "POST /admin HTTP/2" 401 3014 "https://social.example.org/post/123" "python-requests/2.31.0"
203.0.113.9 - - [18/Aug/2025:13:32:51 +0000] "GET / HTTP/2" 302 606 "https://example.com/" "Mozilla/5.0 (Macintosh; Intel Mac OS X 10_15_7) AppleWebKit/605.1.15 Version/15.5 Safari/605.1.15"
10.0.0.14 - - [18/Aug/2025:08:29:05 +0000] "GET /search?q=hive HTTP/1.1" 404 1453 "https://www.google.com/" "bingbot/2.0; +http://www.bing.com/bingbot.htm"
203.0.113.1 - - [18/Aug/2025:13:46:38 +0000] "HEAD /api/v1/items HTTP/2" 200 3077 "https://example.com/" "curl/7.88.1"
203.0.113.5 - - [18/Aug/2025:15:27:02 +0000] "HEAD /admin HTTP/1.1" 200 914 "https://www.google.com/" "bingbot/2.0; +http://www.bing.com/bingbot.htm"
192.168.1.2 - - [18/Aug/2025:15:31:06 +0000] "GET /css/site.css HTTP/1.1" 302 1070 "https://social.example.org/post/123" "curl/7.88.1"
192.168.1.6 - - [18/Aug/2025:08:18:10 +0000] "POST /nonexistent HTTP/2" 404 882 "https://www.google.com/" "python-requests/2.31.0"
192.168.1.18 - - [18/Aug/2025:18:16:30 +0000] "POST /cart HTTP/1.1" 404 4299 "-" "curl/7.88.1"
10.0.0.13 - - [18/Aug/2025:19:25:26 +0000] "HEAD /cart HTTP/2" 200 4498 "https://news.ycombinator.com/" "curl/7.88.1"
10.0.0.6 - - [18/Aug/2025:11:43:26 +0000] "POST /images/logo.png HTTP/1.1" 404 767 "https://www.google.com/" "python-requests/2.31.0"
192.168.1.8 - - [18/Aug/2025:18:00:09 +0000] "POST /admin HTTP/1.1" 404 897 "https://www.google.com/" "Googlebot/2.1 (+http://www.google.com/bot.html)"
192.168.1.24 - - [18/Aug/2025:19:42:05 +0000] "POST /logout HTTP/2" 200 1003 "https://www.google.com/" "python-requests/2.31.0"
203.0.113.9 - - [18/Aug/2025:07:59:25 +0000] "POST /search?q=hadoop HTTP/2" 200 828 "https://example.com/" "curl/7.88.1"
203.0.113.4 - - [18/Aug/2025:23:31:13 +0000] "HEAD /robots.txt HTTP/1.1" 200 4023 "-" "bingbot/2.0; +http://www.bing.com/bingbot.htm"
10.0.0.14 - - [18/Aug/2025:08:30:09 +0000] "GET /api/v1/items HTTP/1.1" 404 3415 "-" "Mozilla/5.0 (X11; Linux x86_64) Gecko/20100101 Firefox/116.0"
192.168.1.15 - - [18/Aug/2025:11:27:30 +0000] "GET /search?q=hadoop HTTP/1.1" 404 3764 "https://example.com/" "curl/7.88.1"
192.168.1.6 - - [18/Aug/2025:16:05:09 +0000] "POST /admin HTTP/1.1" 404 3738 "https://news.ycombinator.com/" "Mozilla/5.0 (Macintosh; Intel Mac OS X 10_15_7) AppleWebKit/605.1.15 Version/15.5 Safari/605.1.15"
192.168.1.5 - - [18/Aug/2025:16:16:11 +0000] "GET /login HTTP/2" 200 1647 "https://www.google.com/" "curl/7.88.1"
10.0.0.8 - - [18/Aug/2025:21:30:30 +0000] "HEAD /checkout HTTP/2" 200 4972 "https://social.example.org/post/123" "Mozilla/5.0 (X11; Linux x86_64) Gecko/20100101 Firefox/116.0"
10.0.0.12 - - [18/Aug/2025:01:50:57 +0000] "GET /products HTTP/1.1" 200 2892 "-" "Mozilla/5.0 (Macintosh; Intel Mac OS X 10_15_7) AppleWebKit/605.1.15 Version/15.5 Safari/605.1.15"
10.0.0.5 - - [18/Aug/2025:20:59:09 +0000] "POST /products?id=100 HTTP/2" 200 4565 "-" "Googlebot/2.1 (+http://www.google.com/bot.html)"
10.0.0.14 - - [18/Aug/2025:21:54:08 +0000] "POST /nonexistent HTTP/1.1" 404 1837 "https://social.example.org/post/123" "python-requests/2.31.0"
192.168.1.26 - - [18/Aug/2025:14:10:38 +0000] "GET /api/v1/items/42 HTTP/1.1" 200 417 "https://example.com/" "Mozilla/5.0 (X11; Linux x86_64) Gecko/20100101 Firefox/116.0"
192.168.1.21 - - [18/Aug/2025:11:19:57 +0000] "HEAD /products?id=100 HTTP/2" 404 4035 "https://social.example.org/post/123" "Googlebot/2.1 (+http://www.google.com/bot.html)"
192.168.1.29 - - [18/Aug/2025:11:53:34 +0000] "HEAD /api/v1/items HTTP/1.1" 200 4058 "https://social.example.org/post/123" "curl/7.88.1"
10.0.0.8 - - [18/Aug/2025:08:38:10 +0000] "POST /admin HTTP/2" 404 2620 "https://news.ycombinator.com/" "Mozilla/5.0 (X11; Linux x86_64) Gecko/20100101 Firefox/116.0"
192.168.1.8 - - [18/Aug/2025:07:05:51 +0000] "GET / HTTP/2" 200 4366 "https://news.ycombinator.com/" "bingbot/2.0; +http://www.bing.com/bingbot.htm"
10.0.0.11 - - [18/Aug/2025:07:28:32 +0000] "GET /css/site.css HTTP/2" 200 2125 "https://social.example.org/post/123" "bingbot/2.0; +http://www.bing.com/bingbot.htm"
10.0.0.4 - - [18/Aug/2025:11:12:54 +0000] "GET /api/v1/items/42 HTTP/2" 301 3542 "-" "curl/7.88.1"
192.168.1.19 - - [18/Aug/2025:18:32:18 +0000] "HEAD /images/logo.png HTTP/2" 301 2278 "-" "Googlebot/2.1 (+http://www.google.com/bot.html)"
192.168.1.25 - - [18/Aug/2025:04:01:09 +0000] "HEAD /promo/summer HTTP/2" 200 1696 "https://news.ycombinator.com/" "Googlebot/2.1 (+http://www.google.com/bot.html)"
10.0.0.13 - - [18/Aug/2025:09:25:12 +0000] "HEAD /admin HTTP/1.1" 404 3815 "https://www.google.com/" "python-requests/2.31.0"
192.168.1.27 - - [18/Aug/2025:11:46:11 +0000] "POST /sitemap.xml HTTP/1.1" 301 2192 "-" "python-requests/2.31.0"
10.0.0.14 - - [18/Aug/2025:18:32:07 +0000] "HEAD /admin HTTP/2" 304 - "https://www.google.com/" "curl/7.88.1"
192.168.1.29 - - [18/Aug/2025:09:05:01 +0000] "GET /nonexistent HTTP/1.1" 404 4984 "https://social.example.org/post/123" "Mozilla/5.0 (Windows NT 10.0; Win64; x64) AppleWebKit/537.36 Chrome/118.0 Safari/537.36"
10.0.0.14 - - [18/Aug/2025:17:08:29 +0000] "HEAD /api/v1/items/42 HTTP/1.1" 200 2116 "https://example.com/" "Mozilla/5.0 (Macintosh; Intel Mac OS X 10_15_7) AppleWebKit/605.1.15 Version/15.5 Safari/605.1.15"
203.0.113.9 - - [18/Aug/2025:14:15:46 +0000] "POST /images/logo.png HTTP/1.1" 200 979 "https://www.google.com/" "python-requests/2.31.0"
192.168.1.8 - - [18/Aug/2025:03:37:55 +0000] "GET /logout HTTP/1.1" 200 1461 "https://example.com/" "curl/7.88.1"
10.0.0.5 - - [18/Aug/2025:20:05:04 +0000] "POST /search?q=hadoop HTTP/2" 200 4322 "-" "Googlebot/2.1 (+http://www.google.com/bot.html)"
192.168.1.15 - - [18/Aug/2025:06:40:04 +0000] "HEAD /login HTTP/2" 200 3993 "https://www.google.com/" "Mozilla/5.0 (Macintosh; Intel Mac OS X 10_15_7) AppleWebKit/605.1.15 Version/15.5 Safari/605.1.15"
203.0.113.2 - - [18/Aug/2025:10:57:11 +0000] "HEAD /promo/summer HTTP/1.1" 200 3108 "https://example.com/" "Googlebot/2.1 (+http://www.google.com/bot.html)"
192.168.1.2 - - [18/Aug/2025:23:38:34 +0000] "GET /sitemap.xml HTTP/2" 200 1879 "https://news.ycombinator.com/" "Mozilla/5.0 (Windows NT 10.0; Win64; x64) AppleWebKit/537.36 Chrome/118.0 Safari/537.36"
203.0.113.8 - - [18/Aug/2025:14:33:32 +0000] "GET /search?q=hadoop HTTP/2" 200 2077 "-" "curl/7.88.1"
203.0.113.4 - - [18/Aug/2025:08:05:46 +0000] "GET /images/logo.png HTTP/2" 302 1932 "-" "curl/7.88.1"
10.0.0.3 - - [18/Aug/2025:17:41:18 +0000] "HEAD /robots.txt HTTP/2" 304 - "https://social.example.org/post/123" "Mozilla/5.0 (Macintosh; Intel Mac OS X 10_15_7) AppleWebKit/605.1.15 Version/15.5 Safari/605.1.15"
203.0.113.5 - - [18/Aug/2025:09:12:43 +0000] "POST /admin HTTP/1.1" 200 1657 "https://www.google.com/" "python-requests/2.31.0"
192.168.1.29 - - [18/Aug/2025:13:56:28 +0000] "HEAD /images/logo.png HTTP/2" 404 1181 "https://news.ycombinator.com/" "Googlebot/2.1 (+http://www.google.com/bot.html)"
192.168.1.25 - - [18/Aug/2025:12:36:22 +0000] "HEAD /products HTTP/2" 200 576 "https://news.ycombinator.com/" "curl/7.88.1"
203.0.113.1 - - [18/Aug/2025:15:18:38 +0000] "HEAD /api/v1/items/42 HTTP/2" 200 1239 "https://www.google.com/" "Mozilla/5.0 (X11; Linux x86_64) Gecko/20100101 Firefox/116.0"
192.168.1.24 - - [18/Aug/2025:10:50:11 +0000] "GET /products HTTP/1.1" 404 3344 "https://example.com/" "Mozilla/5.0 (Macintosh; Intel Mac OS X 10_15_7) AppleWebKit/605.1.15 Version/15.5 Safari/605.1.15"
192.168.1.22 - - [18/Aug/2025:18:07:00 +0000] "HEAD / HTTP/2" 200 4112 "https://news.ycombinator.com/" "Mozilla/5.0 (X11; Linux x86_64) Gecko/20100101 Firefox/116.0"
192.168.1.6 - - [18/Aug/2025:10:14:35 +0000] "POST /css/site.css HTTP/1.1" 304 - "https://www.google.com/" "Mozilla/5.0 (Windows NT 10.0; Win64; x64) AppleWebKit/537.36 Chrome/118.0 Safari/537.36"
203.0.113.2 - - [18/Aug/2025:14:45:38 +0000] "GET /nonexistent HTTP/2" 200 2903 "https://example.com/" "Mozilla/5.0 (Macintosh; Intel Mac OS X 10_15_7) AppleWebKit/605.1.15 Version/15.5 Safari/605.1.15"
10.0.0.5 - - [18/Aug/2025:08:51:31 +0000] "GET /images/logo.png HTTP/2" 200 1316 "https://social.example.org/post/123" "Mozilla/5.0 (Macintosh; Intel Mac OS X 10_15_7) AppleWebKit/605.1.15 Version/15.5 Safari/605.1.15"
192.168.1.17 - - [18/Aug/2025:15:37:24 +0000] "HEAD / HTTP/2" 200 338 "https://social.example.org/post/123" "curl/7.88.1"
10.0.0.8 - - [18/Aug/2025:07:25:02 +0000] "HEAD /index.html HTTP/2" 404 433 "-" "Googlebot/2.1 (+http://www.google.com/bot.html)"
203.0.113.6 - - [18/Aug/2025:07:51:26 +0000] "POST /images/logo.png HTTP/2" 200 3579 "-" "bingbot/2.0; +http://www.bing.com/bingbot.htm"
192.168.1.5 - - [18/Aug/2025:18:31:39 +0000] "POST /css/site.css HTTP/2" 302 1294 "https://example.com/" "bingbot/2.0; +http://www.bing.com/bingbot.htm"
192.168.1.2 - - [18/Aug/2025:07:14:03 +0000] "GET /products?id=100 HTTP/2" 500 3869 "https://www.google.com/" "Mozilla/5.0 (Macintosh; Intel Mac OS X 10_15_7) AppleWebKit/605.1.15 Version/15.5 Safari/605.1.15"
192.168.1.25 - - [18/Aug/2025:07:46:57 +0000] "HEAD / HTTP/1.1" 200 652 "-" "Mozilla/5.0 (Windows NT 10.0; Win64; x64) AppleWebKit/537.36 Chrome/118.0 Safari/537.36"
192.168.1.23 - - [18/Aug/2025:21:04:16 +0000] "HEAD /promo/summer HTTP/2" 200 1695 "https://www.google.com/" "bingbot/2.0; +http://www.bing.com/bingbot.htm"
192.168.1.11 - - [18/Aug/2025:12:08:20 +0000] "HEAD /login HTTP/2" 404 1302 "https://news.ycombinator.com/" "bingbot/2.0; +http://www.bing.com/bingbot.htm"
10.0.0.5 - - [18/Aug/2025:09:30:42 +0000] "POST /api/v1/items HTTP/2" 200 1052 "https://example.com/" "Mozilla/5.0 (X11; Linux x86_64) Gecko/20100101 Firefox/116.0"
10.0.0.9 - - [18/Aug/2025:10:05:22 +0000] "GET /search?q=hadoop HTTP/1.1" 200 4351 "-" "Mozilla/5.0 (Macintosh; Intel Mac OS X 10_15_7) AppleWebKit/605.1.15 Version/15.5 Safari/605.1.15"
192.168.1.26 - - [18/Aug/2025:02:13:29 +0000] "GET /robots.txt HTTP/1.1" 200 2009 "https://news.ycombinator.com/" "Mozilla/5.0 (X11; Linux x86_64) Gecko/20100101 Firefox/116.0"
203.0.113.8 - - [18/Aug/2025:13:54:20 +0000] "POST /logout HTTP/1.1" 304 - "-" "Mozilla/5.0 (Macintosh; Intel Mac OS X 10_15_7) AppleWebKit/605.1.15 Version/15.5 Safari/605.1.15"
10.0.0.2 - - [18/Aug/2025:09:23:24 +0000] "HEAD /sitemap.xml HTTP/1.1" 301 1839 "-" "curl/7.88.1"
10.0.0.10 - - [18/Aug/2025:12:43:19 +0000] "HEAD /products?id=100 HTTP/1.1" 302 1177 "-" "Mozilla/5.0 (Macintosh; Intel Mac OS X 10_15_7) AppleWebKit/605.1.15 Version/15.5 Safari/605.1.15"
192.168.1.19 - - [18/Aug/2025:02:29:11 +0000] "GET /robots.txt HTTP/2" 200 2475 "-" "bingbot/2.0; +http://www.bing.com/bingbot.htm"
192.168.1.11 - - [18/Aug/2025:06:27:13 +0000] "POST /sitemap.xml HTTP/2" 304 - "https://example.com/" "Mozilla/5.0 (Windows NT 10.0; Win64; x64) AppleWebKit/537.36 Chrome/118.0 Safari/537.36"
192.168.1.5 - - [18/Aug/2025:12:23:06 +0000] "HEAD /admin HTTP/2" 200 2708 "https://www.google.com/" "Googlebot/2.1 (+http://www.google.com/bot.html)"
10.0.0.12 - - [18/Aug/2025:08:17:33 +0000] "POST /sitemap.xml HTTP/2" 200 708 "https://www.google.com/" "Mozilla/5.0 (Windows NT 10.0; Win64; x64) AppleWebKit/537.36 Chrome/118.0 Safari/537.36"
192.168.1.4 - - [18/Aug/2025:09:03:57 +0000] "HEAD /images/logo.png HTTP/1.1" 200 4659 "-" "curl/7.88.1"
203.0.113.5 - - [18/Aug/2025:09:39:44 +0000] "POST /admin HTTP/2" 403 2497 "https://social.example.org/post/123" "Mozilla/5.0 (Macintosh; Intel Mac OS X 10_15_7) AppleWebKit/605.1.15 Version/15.5 Safari/605.1.15"
10.0.0.14 - - [18/Aug/2025:08:13:22 +0000] "POST /promo/summer HTTP/2" 500 325 "-" "Mozilla/5.0 (Macintosh; Intel Mac OS X 10_15_7) AppleWebKit/605.1.15 Version/15.5 Safari/605.1.15"
10.0.0.4 - - [18/Aug/2025:13:44:39 +0000] "HEAD /css/site.css HTTP/1.1" 200 2881 "-" "Mozilla/5.0 (Macintosh; Intel Mac OS X 10_15_7) AppleWebKit/605.1.15 Version/15.5 Safari/605.1.15"
192.168.1.11 - - [18/Aug/2025:08:57:29 +0000] "GET /robots.txt HTTP/2" 200 470 "https://www.google.com/" "curl/7.88.1"
203.0.113.8 - - [18/Aug/2025:19:10:43 +0000] "GET /promo/summer HTTP/2" 302 308 "https://social.example.org/post/123" "Mozilla/5.0 (X11; Linux x86_64) Gecko/20100101 Firefox/116.0"
192.168.1.3 - - [18/Aug/2025:09:07:02 +0000] "HEAD /css/site.css HTTP/1.1" 304 - "https://news.ycombinator.com/" "Mozilla/5.0 (Macintosh; Intel Mac OS X 10_15_7) AppleWebKit/605.1.15 Version/15.5 Safari/605.1.15"
192.168.1.8 - - [18/Aug/2025:18:49:06 +0000] "POST /api/v1/items HTTP/2" 302 3173 "https://news.ycombinator.com/" "curl/7.88.1"
10.0.0.3 - - [18/Aug/2025:16:16:23 +0000] "GET /api/v1/items/42 HTTP/2" 500 3033 "https://news.ycombinator.com/" "Mozilla/5.0 (X11; Linux x86_64) Gecko/20100101 Firefox/116.0"
10.0.0.12 - - [18/Aug/2025:16:55:57 +0000] "POST /products?id=100 HTTP/2" 404 4554 "-" "Mozilla/5.0 (Macintosh; Intel Mac OS X 10_15_7) AppleWebKit/605.1.15 Version/15.5 Safari/605.1.15"
203.0.113.2 - - [18/Aug/2025:22:54:14 +0000] "GET /api/v1/items/42 HTTP/2" 200 2301 "https://news.ycombinator.com/" "python-requests/2.31.0"
192.168.1.15 - - [18/Aug/2025:17:27:23 +0000] "HEAD /products HTTP/1.1" 301 1184 "https://example.com/" "python-requests/2.31.0"
10.0.0.2 - - [18/Aug/2025:16:57:58 +0000] "HEAD /checkout HTTP/2" 404 3157 "https://example.com/" "Googlebot/2.1 (+http://www.google.com/bot.html)"
192.168.1.14 - - [18/Aug/2025:15:17:19 +0000] "GET /nonexistent HTTP/2" 404 3850 "https://social.example.org/post/123" "bingbot/2.0; +http://www.bing.com/bingbot.htm"
192.168.1.20 - - [18/Aug/2025:21:50:22 +0000] "GET / HTTP/2" 404 1505 "https://social.example.org/post/123" "python-requests/2.31.0"
10.0.0.9 - - [18/Aug/2025:08:18:39 +0000] "HEAD /checkout HTTP/2" 302 2661 "-" "Mozilla/5.0 (X11; Linux x86_64) Gecko/20100101 Firefox/116.0"
192.168.1.15 - - [18/Aug/2025:10:29:02 +0000] "POST /nonexistent HTTP/1.1" 200 2805 "-" "Googlebot/2.1 (+http://www.google.com/bot.html)"
192.168.1.5 - - [18/Aug/2025:11:53:00 +0000] "POST /cart HTTP/2" 200 4412 "https://news.ycombinator.com/" "Mozilla/5.0 (Macintosh; Intel Mac OS X 10_15_7) AppleWebKit/605.1.15 Version/15.5 Safari/605.1.15"
192.168.1.11 - - [19/Aug/2025:21:45:17 +0000] "HEAD /search?q=hadoop HTTP/2" 404 961 "https://example.com/" "Mozilla/5.0 (Macintosh; Intel Mac OS X 10_15_7) AppleWebKit/605.1.15 Version/15.5 Safari/605.1.15"
192.168.1.17 - - [19/Aug/2025:04:59:22 +0000] "HEAD /admin HTTP/2" 301 1103 "https://example.com/" "curl/7.88.1"
192.168.1.29 - - [19/Aug/2025:15:11:36 +0000] "HEAD /api/v1/items HTTP/1.1" 404 1934 "https://example.com/" "Mozilla/5.0 (Macintosh; Intel Mac OS X 10_15_7) AppleWebKit/605.1.15 Version/15.5 Safari/605.1.15"
192.168.1.21 - - [19/Aug/2025:12:12:19 +0000] "GET /css/site.css HTTP/2" 304 - "https://www.google.com/" "Googlebot/2.1 (+http://www.google.com/bot.html)"
192.168.1.8 - - [19/Aug/2025:18:53:27 +0000] "GET /sitemap.xml HTTP/2" 500 2866 "https://news.ycombinator.com/" "python-requests/2.31.0"
192.168.1.29 - - [19/Aug/2025:17:29:22 +0000] "POST /login HTTP/2" 302 526 "https://news.ycombinator.com/" "Mozilla/5.0 (Windows NT 10.0; Win64; x64) AppleWebKit/537.36 Chrome/118.0 Safari/537.36"
203.0.113.8 - - [19/Aug/2025:21:26:05 +0000] "GET /promo/summer HTTP/2" 200 4495 "https://example.com/" "Mozilla/5.0 (Macintosh; Intel Mac OS X 10_15_7) AppleWebKit/605.1.15 Version/15.5 Safari/605.1.15"
192.168.1.20 - - [19/Aug/2025:15:57:36 +0000] "GET /admin HTTP/1.1" 401 4091 "https://news.ycombinator.com/" "Googlebot/2.1 (+http://www.google.com/bot.html)"
192.168.1.19 - - [19/Aug/2025:19:05:03 +0000] "HEAD /products?id=100 HTTP/2" 404 1097 "https://example.com/" "bingbot/2.0; +http://www.bing.com/bingbot.htm"
192.168.1.5 - - [19/Aug/2025:13:21:55 +0000] "GET /nonexistent HTTP/1.1" 404 4529 "https://www.google.com/" "bingbot/2.0; +http://www.bing.com/bingbot.htm"
192.168.1.16 - - [19/Aug/2025:17:31:08 +0000] "HEAD /cart HTTP/2" 404 2846 "-" "Mozilla/5.0 (X11; Linux x86_64) Gecko/20100101 Firefox/116.0"
192.168.1.9 - - [19/Aug/2025:13:44:12 +0000] "GET / HTTP/1.1" 404 1291 "https://news.ycombinator.com/" "Mozilla/5.0 (Windows NT 10.0; Win64; x64) AppleWebKit/537.36 Chrome/118.0 Safari/537.36"
192.168.1.3 - - [19/Aug/2025:09:06:30 +0000] "HEAD /logout HTTP/2" 200 1297 "https://example.com/" "Googlebot/2.1 (+http://www.google.com/bot.html)"
192.168.1.17 - - [19/Aug/2025:13:11:52 +0000] "HEAD /images/logo.png HTTP/2" 404 1309 "https://social.example.org/post/123" "Mozilla/5.0 (Macintosh; Intel Mac OS X 10_15_7) AppleWebKit/605.1.15 Version/15.5 Safari/605.1.15"
203.0.113.7 - - [19/Aug/2025:16:11:09 +0000] "HEAD /search?q=hive HTTP/1.1" 304 - "https://news.ycombinator.com/" "Mozilla/5.0 (Macintosh; Intel Mac OS X 10_15_7) AppleWebKit/605.1.15 Version/15.5 Safari/605.1.15"
203.0.113.2 - - [19/Aug/2025:12:18:18 +0000] "GET /nonexistent HTTP/2" 404 3504 "https://social.example.org/post/123" "python-requests/2.31.0"
192.168.1.29 - - [19/Aug/2025:18:29:26 +0000] "GET / HTTP/2" 302 1284 "https://news.ycombinator.com/" "Googlebot/2.1 (+http://www.google.com/bot.html)"
203.0.113.1 - - [19/Aug/2025:01:19:02 +0000] "HEAD /promo/summer HTTP/2" 200 3205 "https://www.google.com/" "Googlebot/2.1 (+http://www.google.com/bot.html)"
192.168.1.2 - - [19/Aug/2025:19:29:17 +0000] "GET /api/v1/items/42 HTTP/1.1" 200 4601 "https://social.example.org/post/123" "bingbot/2.0; +http://www.bing.com/bingbot.htm"
192.168.1.24 - - [19/Aug/2025:06:41:09 +0000] "HEAD /nonexistent HTTP/2" 404 2580 "https://example.com/" "Googlebot/2.1 (+http://www.google.com/bot.html)"
10.0.0.4 - - [19/Aug/2025:06:53:41 +0000] "POST /robots.txt HTTP/1.1" 404 4453 "https://news.ycombinator.com/" "curl/7.88.1"
10.0.0.11 - - [19/Aug/2025:07:20:37 +0000] "POST /nonexistent HTTP/2" 404 541 "https://www.google.com/" "Mozilla/5.0 (Macintosh; Intel Mac OS X 10_15_7) AppleWebKit/605.1.15 Version/15.5 Safari/605.1.15"
203.0.113.3 - - [19/Aug/2025:07:06:31 +0000] "POST /api/v1/items HTTP/1.1" 500 2238 "-" "Mozilla/5.0 (Macintosh; Intel Mac OS X 10_15_7) AppleWebKit/605.1.15 Version/15.5 Safari/605.1.15"
192.168.1.28 - - [19/Aug/2025:17:24:48 +0000] "GET /index.html HTTP/2" 200 606 "-" "Googlebot/2.1 (+http://www.google.com/bot.html)"
192.168.1.3 - - [19/Aug/2025:18:38:40 +0000] "GET /api/v1/items HTTP/1.1" 500 3982 "https://social.example.org/post/123" "Mozilla/5.0 (Macintosh; Intel Mac OS X 10_15_7) AppleWebKit/605.1.15 Version/15.5 Safari/605.1.15"
192.168.1.14 - - [19/Aug/2025:23:36:35 +0000] "GET /images/logo.png HTTP/2" 302 2643 "https://www.google.com/" "Mozilla/5.0 (Macintosh; Intel Mac OS X 10_15_7) AppleWebKit/605.1.15 Version/15.5 Safari/605.1.15"
10.0.0.7 - - [19/Aug/2025:17:27:52 +0000] "GET /products HTTP/1.1" 404 1088 "https://www.google.com/" "Mozilla/5.0 (Windows NT 10.0; Win64; x64) AppleWebKit/537.36 Chrome/118.0 Safari/537.36"
192.168.1.25 - - [19/Aug/2025:18:57:00 +0000] "POST /nonexistent HTTP/1.1" 404 4626 "https://social.example.org/post/123" "Mozilla/5.0 (Macintosh; Intel Mac OS X 10_15_7) AppleWebKit/605.1.15 Version/15.5 Safari/605.1.15"
10.0.0.4 - - [19/Aug/2025:19:36:52 +0000] "HEAD /api/v1/items/42 HTTP/2" 404 4876 "https://www.google.com/" "Mozilla/5.0 (X11; Linux x86_64) Gecko/20100101 Firefox/116.0"
192.168.1.26 - - [19/Aug/2025:06:27:40 +0000] "GET /nonexistent HTTP/1.1" 404 1126 "-" "Googlebot/2.1 (+http://www.google.com/bot.html)"
192.168.1.23 - - [19/Aug/2025:09:38:34 +0000] "GET /search?q=hive HTTP/2" 200 3498 "https://example.com/" "Mozilla/5.0 (Windows NT 10.0; Win64; x64) AppleWebKit/537.36 Chrome/118.0 Safari/537.36"
192.168.1.6 - - [19/Aug/2025:19:10:18 +0000] "HEAD /nonexistent HTTP/1.1" 404 3570 "https://news.ycombinator.com/" "Mozilla/5.0 (Windows NT 10.0; Win64; x64) AppleWebKit/537.36 Chrome/118.0 Safari/537.36"
10.0.0.11 - - [19/Aug/2025:14:57:07 +0000] "POST /images/logo.png HTTP/1.1" 200 3069 "https://social.example.org/post/123" "curl/7.88.1"
192.168.1.5 - - [19/Aug/2025:09:56:48 +0000] "GET /search?q=hadoop HTTP/2" 404 810 "https://www.google.com/" "Googlebot/2.1 (+http://www.google.com/bot.html)"
10.0.0.13 - - [19/Aug/2025:06:36:57 +0000] "HEAD /index.html HTTP/2" 200 3709 "https://news.ycombinator.com/" "python-requests/2.31.0"
10.0.0.9 - - [19/Aug/2025:15:05:56 +0000] "POST /cart HTTP/2" 500 641 "-" "Mozilla/5.0 (Windows NT 10.0; Win64; x64) AppleWebKit/537.36 Chrome/118.0 Safari/537.36"
192.168.1.24 - - [19/Aug/2025:13:14:41 +0000] "POST /robots.txt HTTP/2" 200 475 "-" "Mozilla/5.0 (Windows NT 10.0; Win64; x64) AppleWebKit/537.36 Chrome/118.0 Safari/537.36"
10.0.0.8 - - [19/Aug/2025:18:51:12 +0000] "HEAD /admin HTTP/1.1" 304 - "https://social.example.org/post/123" "Mozilla/5.0 (Windows NT 10.0; Win64; x64) AppleWebKit/537.36 Chrome/118.0 Safari/537.36"
192.168.1.10 - - [19/Aug/2025:11:24:44 +0000] "POST /login HTTP/1.1" 200 3887 "-" "bingbot/2.0; +http://www.bing.com/bingbot.htm"
192.168.1.14 - - [19/Aug/2025:22:23:22 +0000] "POST /login HTTP/1.1" 200 2200 "-" "bingbot/2.0; +http://www.bing.com/bingbot.htm"
203.0.113.8 - - [19/Aug/2025:01:26:47 +0000] "HEAD /nonexistent HTTP/1.1" 404 765 "-" "Mozilla/5.0 (Windows NT 10.0; Win64; x64) AppleWebKit/537.36 Chrome/118.0 Safari/537.36"
192.168.1.4 - - [19/Aug/2025:07:11:18 +0000] "POST /api/v1/items/42 HTTP/1.1" 200 1362 "https://news.ycombinator.com/" "Googlebot/2.1 (+http://www.google.com/bot.html)"
192.168.1.6 - - [19/Aug/2025:13:07:42 +0000] "GET /images/logo.png HTTP/1.1" 302 3224 "https://www.google.com/" "Googlebot/2.1 (+http://www.google.com/bot.html)"
10.0.0.9 - - [19/Aug/2025:17:23:49 +0000] "POST /search?q=hive HTTP/2" 200 4735 "https://news.ycombinator.com/" "Mozilla/5.0 (Windows NT 10.0; Win64; x64) AppleWebKit/537.36 Chrome/118.0 Safari/537.36"
203.0.113.5 - - [19/Aug/2025:05:57:26 +0000] "HEAD /robots.txt HTTP/2" 200 1967 "https://www.google.com/" "Mozilla/5.0 (X11; Linux x86_64) Gecko/20100101 Firefox/116.0"
203.0.113.7 - - [19/Aug/2025:22:14:19 +0000] "HEAD /search?q=hadoop HTTP/1.1" 200 1462 "-" "Mozilla/5.0 (Macintosh; Intel Mac OS X 10_15_7) AppleWebKit/605.1.15 Version/15.5 Safari/605.1.15"
10.0.0.3 - - [19/Aug/2025:17:41:48 +0000] "GET / HTTP/2" 200 2514 "https://example.com/" "bingbot/2.0; +http://www.bing.com/bingbot.htm"
192.168.1.5 - - [19/Aug/2025:11:52:05 +0000] "POST /promo/summer HTTP/2" 302 454 "https://social.example.org/post/123" "Googlebot/2.1 (+http://www.google.com/bot.html)"
192.168.1.26 - - [19/Aug/2025:12:14:13 +0000] "GET /login HTTP/1.1" 404 2799 "-" "bingbot/2.0; +http://www.bing.com/bingbot.htm"
10.0.0.12 - - [19/Aug/2025:18:59:01 +0000] "POST /images/logo.png HTTP/1.1" 200 3093 "https://news.ycombinator.com/" "Googlebot/2.1 (+http://www.google.com/bot.html)"
203.0.113.7 - - [19/Aug/2025:19:50:46 +0000] "GET /products?id=100 HTTP/2" 500 2654 "https://news.ycombinator.com/" "Googlebot/2.1 (+http://www.google.com/bot.html)"
203.0.113.9 - - [19/Aug/2025:12:46:36 +0000] "HEAD /images/logo.png HTTP/1.1" 301 4128 "https://www.google.com/" "Mozilla/5.0 (Macintosh; Intel Mac OS X 10_15_7) AppleWebKit/605.1.15 Version/15.5 Safari/605.1.15"
203.0.113.3 - - [19/Aug/2025:20:17:51 +0000] "POST /products HTTP/1.1" 304 - "https://example.com/" "curl/7.88.1"
192.168.1.19 - - [19/Aug/2025:14:02:39 +0000] "POST /images/logo.png HTTP/2" 404 401 "-" "curl/7.88.1"
192.168.1.18 - - [19/Aug/2025:14:20:53 +0000] "GET /logout HTTP/2" 200 3903 "-" "Googlebot/2.1 (+http://www.google.com/bot.html)"
10.0.0.14 - - [19/Aug/2025:04:22:30 +0000] "HEAD /search?q=hadoop HTTP/2" 200 951 "https://example.com/" "bingbot/2.0; +http://www.bing.com/bingbot.htm"
192.168.1.13 - - [19/Aug/2025:14:04:28 +0000] "POST /images/logo.png HTTP/2" 302 1342 "https://www.google.com/" "python-requests/2.31.0"
203.0.113.1 - - [19/Aug/2025:08:55:39 +0000] "GET /search?q=hive HTTP/1.1" 404 615 "https://www.google.com/" "python-requests/2.31.0"
192.168.1.22 - - [19/Aug/2025:13:28:37 +0000] "GET /docs/guide.pdf HTTP/1.1" 200 2422 "https://example.com/" "Mozilla/5.0 (Windows NT 10.0; Win64; x64) AppleWebKit/537.36 Chrome/118.0 Safari/537.36"
192.168.1.24 - - [19/Aug/2025:16:54:54 +0000] "HEAD /index.html HTTP/1.1" 200 1194 "-" "bingbot/2.0; +http://www.bing.com/bingbot.htm"
192.168.1.17 - - [19/Aug/2025:12:32:04 +0000] "GET /api/v1/items HTTP/2" 404 3707 "-" "python-requests/2.31.0"
192.168.1.3 - - [19/Aug/2025:12:18:09 +0000] "POST /promo/summer HTTP/2" 200 3643 "https://example.com/" "Googlebot/2.1 (+http://www.google.com/bot.html)"
192.168.1.3 - - [19/Aug/2025:21:18:39 +0000] "GET /api/v1/items/42 HTTP/1.1" 200 1529 "https://news.ycombinator.com/" "Mozilla/5.0 (Windows NT 10.0; Win64; x64) AppleWebKit/537.36 Chrome/118.0 Safari/537.36"
192.168.1.22 - - [19/Aug/2025:07:13:51 +0000] "HEAD /sitemap.xml HTTP/2" 200 3403 "https://news.ycombinator.com/" "Mozilla/5.0 (Windows NT 10.0; Win64; x64) AppleWebKit/537.36 Chrome/118.0 Safari/537.36"
203.0.113.8 - - [19/Aug/2025:16:09:24 +0000] "HEAD /products HTTP/1.1" 200 4931 "https://news.ycombinator.com/" "bingbot/2.0; +http://www.bing.com/bingbot.htm"
10.0.0.8 - - [19/Aug/2025:15:46:26 +0000] "HEAD /products?id=100 HTTP/1.1" 404 4169 "https://news.ycombinator.com/" "bingbot/2.0; +http://www.bing.com/bingbot.htm"
10.0.0.10 - - [19/Aug/2025:12:17:12 +0000] "POST /search?q=hive HTTP/2" 200 3265 "https://www.google.com/" "Googlebot/2.1 (+http://www.google.com/bot.html)"
192.168.1.17 - - [19/Aug/2025:10:07:44 +0000] "POST /login HTTP/2" 200 3183 "https://news.ycombinator.com/" "bingbot/2.0; +http://www.bing.com/bingbot.htm"
10.0.0.4 - - [19/Aug/2025:06:23:41 +0000] "HEAD /search?q=hive HTTP/2" 301 2182 "https://news.ycombinator.com/" "Mozilla/5.0 (X11; Linux x86_64) Gecko/20100101 Firefox/116.0"
10.0.0.8 - - [19/Aug/2025:19:08:59 +0000] "GET /login HTTP/1.1" 404 2432 "https://example.com/" "curl/7.88.1"
192.168.1.28 - - [19/Aug/2025:10:05:26 +0000] "HEAD /cart HTTP/2" 404 1922 "https://www.google.com/" "Googlebot/2.1 (+http://www.google.com/bot.html)"
192.168.1.18 - - [19/Aug/2025:02:07:26 +0000] "HEAD /robots.txt HTTP/1.1" 200 579 "https://social.example.org/post/123" "Mozilla/5.0 (Windows NT 10.0; Win64; x64) AppleWebKit/537.36 Chrome/118.0 Safari/537.36"
10.0.0.6 - - [19/Aug/2025:17:04:08 +0000] "HEAD /admin HTTP/2" 200 1344 "https://social.example.org/post/123" "python-requests/2.31.0"
192.168.1.9 - - [19/Aug/2025:14:45:18 +0000] "POST /api/v1/items HTTP/1.1" 500 670 "-" "python-requests/2.31.0"
192.168.1.28 - - [19/Aug/2025:20:28:58 +0000] "HEAD /logout HTTP/2" 200 4208 "https://www.google.com/" "python-requests/2.31.0"
10.0.0.6 - - [19/Aug/2025:08:49:37 +0000] "GET /cart HTTP/1.1" 404 3330 "https://social.example.org/post/123" "Googlebot/2.1 (+http://www.google.com/bot.html)"
203.0.113.6 - - [19/Aug/2025:10:11:32 +0000] "HEAD /images/logo.png HTTP/1.1" 200 2735 "https://social.example.org/post/123" "curl/7.88.1"
10.0.0.7 - - [19/Aug/2025:05:33:57 +0000] "HEAD /sitemap.xml HTTP/2" 200 2944 "https://social.example.org/post/123" "curl/7.88.1"
203.0.113.7 - - [19/Aug/2025:18:09:02 +0000] "HEAD /search?q=hadoop HTTP/2" 304 - "https://example.com/" "bingbot/2.0; +http://www.bing.com/bingbot.htm"
192.168.1.24 - - [19/Aug/2025:19:20:06 +0000] "POST /checkout HTTP/1.1" 200 2543 "https://social.example.org/post/123" "Googlebot/2.1 (+http://www.google.com/bot.html)"
192.168.1.18 - - [19/Aug/2025:09:10:18 +0000] "HEAD /products?id=100 HTTP/1.1" 404 2582 "https://www.google.com/" "Mozilla/5.0 (Windows NT 10.0; Win64; x64) AppleWebKit/537.36 Chrome/118.0 Safari/537.36"
203.0.113.8 - - [19/Aug/2025:09:53:32 +0000] "GET / HTTP/1.1" 304 - "https://news.ycombinator.com/" "Mozilla/5.0 (X11; Linux x86_64) Gecko/20100101 Firefox/116.0"
192.168.1.3 - - [19/Aug/2025:08:31:53 +0000] "POST /search?q=hadoop HTTP/2" 404 3793 "https://social.example.org/post/123" "bingbot/2.0; +http://www.bing.com/bingbot.htm"
192.168.1.9 - - [19/Aug/2025:07:29:18 +0000] "HEAD /products?id=100 HTTP/2" 301 4340 "https://example.com/" "Mozilla/5.0 (Windows NT 10.0; Win64; x64) AppleWebKit/537.36 Chrome/118.0 Safari/537.36"
203.0.113.2 - - [19/Aug/2025:19:17:46 +0000] "GET /api/v1/items/42 HTTP/1.1" 500 2122 "-" "curl/7.88.1"
10.0.0.3 - - [19/Aug/2025:08:21:17 +0000] "HEAD /sitemap.xml HTTP/1.1" 500 2878 "-" "Googlebot/2.1 (+http://www.google.com/bot.html)"
10.0.0.7 - - [19/Aug/2025:07:45:50 +0000] "POST /search?q=hadoop HTTP/1.1" 404 365 "https://www.google.com/" "Mozilla/5.0 (Macintosh; Intel Mac OS X 10_15_7) AppleWebKit/605.1.15 Version/15.5 Safari/605.1.15"
203.0.113.3 - - [19/Aug/2025:15:55:14 +0000] "GET /images/logo.png HTTP/2" 200 4269 "https://www.google.com/" "python-requests/2.31.0"
10.0.0.14 - - [19/Aug/2025:13:08:12 +0000] "GET /sitemap.xml HTTP/1.1" 200 3857 "-" "Googlebot/2.1 (+http://www.google.com/bot.html)"
192.168.1.13 - - [19/Aug/2025:14:13:45 +0000] "GET /login HTTP/2" 404 3415 "https://news.ycombinator.com/" "Mozilla/5.0 (Macintosh; Intel Mac OS X 10_15_7) AppleWebKit/605.1.15 Version/15.5 Safari/605.1.15"
203.0.113.2 - - [19/Aug/2025:16:30:33 +0000] "GET /css/site.css HTTP/1.1" 200 4273 "https://social.example.org/post/123" "Mozilla/5.0 (X11; Linux x86_64) Gecko/20100101 Firefox/116.0"
10.0.0.8 - - [19/Aug/2025:15:38:22 +0000] "POST /css/site.css HTTP/1.1" 200 1220 "https://example.com/" "Googlebot/2.1 (+http://www.google.com/bot.html)"
203.0.113.2 - - [19/Aug/2025:22:20:15 +0000] "POST /products?id=100 HTTP/1.1" 302 2912 "-" "curl/7.88.1"
203.0.113.9 - - [19/Aug/2025:17:45:08 +0000] "POST /robots.txt HTTP/2" 404 2223 "-" "curl/7.88.1"
192.168.1.28 - - [19/Aug/2025:09:13:56 +0000] "GET /docs/guide.pdf HTTP/2" 200 2901 "https://social.example.org/post/123" "Googlebot/2.1 (+http://www.google.com/bot.html)"
192.168.1.18 - - [19/Aug/2025:18:27:25 +0000] "GET /images/logo.png HTTP/2" 500 2093 "https://example.com/" "python-requests/2.31.0"
192.168.1.28 - - [19/Aug/2025:18:19:28 +0000] "GET /nonexistent HTTP/1.1" 404 1203 "https://news.ycombinator.com/" "bingbot/2.0; +http://www.bing.com/bingbot.htm"
192.168.1.3 - - [19/Aug/2025:10:38:34 +0000] "HEAD / HTTP/2" 200 3030 "https://example.com/" "Mozilla/5.0 (X11; Linux x86_64) Gecko/20100101 Firefox/116.0"
192.168.1.5 - - [19/Aug/2025:18:04:41 +0000] "HEAD /search?q=hadoop HTTP/2" 304 - "https://www.google.com/" "Mozilla/5.0 (Macintosh; Intel Mac OS X 10_15_7) AppleWebKit/605.1.15 Version/15.5 Safari/605.1.15"
203.0.113.5 - - [19/Aug/2025:19:25:55 +0000] "GET /css/site.css HTTP/1.1" 200 3015 "https://social.example.org/post/123" "Mozilla/5.0 (Macintosh; Intel Mac OS X 10_15_7) AppleWebKit/605.1.15 Version/15.5 Safari/605.1.15"
192.168.1.4 - - [19/Aug/2025:14:15:00 +0000] "GET /sitemap.xml HTTP/1.1" 304 - "https://social.example.org/post/123" "Mozilla/5.0 (X11; Linux x86_64) Gecko/20100101 Firefox/116.0"
192.168.1.21 - - [19/Aug/2025:13:10:18 +0000] "GET /search?q=hive HTTP/1.1" 200 2531 "-" "Mozilla/5.0 (X11; Linux x86_64) Gecko/20100101 Firefox/116.0"
192.168.1.10 - - [19/Aug/2025:18:41:25 +0000] "HEAD /images/logo.png HTTP/1.1" 200 905 "https://news.ycombinator.com/" "python-requests/2.31.0"
192.168.1.3 - - [19/Aug/2025:17:46:26 +0000] "GET /docs/guide.pdf HTTP/1.1" 200 3504 "https://www.google.com/" "Mozilla/5.0 (X11; Linux x86_64) Gecko/20100101 Firefox/116.0"
192.168.1.22 - - [19/Aug/2025:15:19:50 +0000] "POST /sitemap.xml HTTP/1.1" 200 2545 "https://social.example.org/post/123" "Mozilla/5.0 (Macintosh; Intel Mac OS X 10_15_7) AppleWebKit/605.1.15 Version/15.5 Safari/605.1.15"
10.0.0.4 - - [19/Aug/2025:07:41:36 +0000] "POST /css/site.css HTTP/2" 200 2120 "https://social.example.org/post/123" "bingbot/2.0; +http://www.bing.com/bingbot.htm"
203.0.113.4 - - [19/Aug/2025:10:18:58 +0000] "HEAD /sitemap.xml HTTP/1.1" 301 441 "https://social.example.org/post/123" "python-requests/2.31.0"
10.0.0.8 - - [19/Aug/2025:11:23:48 +0000] "HEAD /products?id=100 HTTP/2" 200 503 "https://social.example.org/post/123" "Mozilla/5.0 (X11; Linux x86_64) Gecko/20100101 Firefox/116.0"
10.0.0.10 - - [19/Aug/2025:09:23:30 +0000] "GET /css/site.css HTTP/2" 200 985 "-" "bingbot/2.0; +http://www.bing.com/bingbot.htm"
10.0.0.11 - - [19/Aug/2025:08:55:31 +0000] "GET /products HTTP/1.1" 301 4179 "https://news.ycombinator.com/" "python-requests/2.31.0"
192.168.1.5 - - [19/Aug/2025:19:48:14 +0000] "POST /images/logo.png HTTP/2" 200 3067 "https://www.google.com/" "Mozilla/5.0 (Windows NT 10.0; Win64; x64) AppleWebKit/537.36 Chrome/118.0 Safari/537.36"
192.168.1.28 - - [19/Aug/2025:10:36:38 +0000] "GET /images/logo.png HTTP/1.1" 304 - "https://social.example.org/post/123" "bingbot/2.0; +http://www.bing.com/bingbot.htm"
192.168.1.22 - - [19/Aug/2025:13:41:15 +0000] "POST /robots.txt HTTP/1.1" 200 3787 "-" "Googlebot/2.1 (+http://www.google.com/bot.html)"
10.0.0.7 - - [19/Aug/2025:07:00:10 +0000] "HEAD /products?id=100 HTTP/1.1" 200 3884 "-" "Mozilla/5.0 (Windows NT 10.0; Win64; x64) AppleWebKit/537.36 Chrome/118.0 Safari/537.36"
10.0.0.14 - - [19/Aug/2025:19:31:10 +0000] "HEAD /robots.txt HTTP/1.1" 500 4781 "https://social.example.org/post/123" "Googlebot/2.1 (+http://www.google.com/bot.html)"
192.168.1.20 - - [19/Aug/2025:01:07:27 +0000] "HEAD /images/logo.png HTTP/2" 404 3344 "https://news.ycombinator.com/" "python-requests/2.31.0"
203.0.113.3 - - [19/Aug/2025:08:18:33 +0000] "GET /promo/summer HTTP/2" 304 - "https://news.ycombinator.com/" "curl/7.88.1"
192.168.1.23 - - [19/Aug/2025:12:13:59 +0000] "HEAD /cart HTTP/1.1" 304 - "https://social.example.org/post/123" "Mozilla/5.0 (Windows NT 10.0; Win64; x64) AppleWebKit/537.36 Chrome/118.0 Safari/537.36"
10.0.0.4 - - [19/Aug/2025:10:11:09 +0000] "GET / HTTP/2" 500 1837 "https://www.google.com/" "python-requests/2.31.0"
192.168.1.8 - - [19/Aug/2025:07:29:21 +0000] "GET /promo/summer HTTP/2" 404 1581 "-" "curl/7.88.1"
192.168.1.24 - - [19/Aug/2025:16:56:14 +0000] "HEAD / HTTP/1.1" 200 2628 "https://social.example.org/post/123" "bingbot/2.0; +http://www.bing.com/bingbot.htm"
203.0.113.9 - - [19/Aug/2025:17:23:39 +0000] "POST /images/logo.png HTTP/1.1" 200 1548 "-" "python-requests/2.31.0"
10.0.0.10 - - [19/Aug/2025:09:11:16 +0000] "GET /cart HTTP/2" 200 2571 "https://news.ycombinator.com/" "python-requests/2.31.0"
192.168.1.2 - - [19/Aug/2025:20:13:10 +0000] "GET /search?q=hadoop HTTP/1.1" 404 1500 "https://www.google.com/" "Mozilla/5.0 (Macintosh; Intel Mac OS X 10_15_7) AppleWebKit/605.1.15 Version/15.5 Safari/605.1.15"
192.168.1.6 - - [19/Aug/2025:12:00:20 +0000] "GET /cart HTTP/2" 301 4164 "https://example.com/" "curl/7.88.1"
10.0.0.9 - - [19/Aug/2025:13:07:15 +0000] "POST /admin HTTP/2" 404 3208 "https://example.com/" "Mozilla/5.0 (X11; Linux x86_64) Gecko/20100101 Firefox/116.0"
10.0.0.12 - - [19/Aug/2025:13:33:05 +0000] "GET /checkout HTTP/2" 500 1470 "https://social.example.org/post/123" "bingbot/2.0; +http://www.bing.com/bingbot.htm"
192.168.1.18 - - [19/Aug/2025:12:44:50 +0000] "HEAD /products?id=100 HTTP/2" 404 3152 "https://www.google.com/" "Mozilla/5.0 (Windows NT 10.0; Win64; x64) AppleWebKit/537.36 Chrome/118.0 Safari/537.36"
203.0.113.9 - - [19/Aug/2025:19:54:29 +0000] "HEAD /api/v1/items/42 HTTP/2" 200 4885 "https://www.google.com/" "Googlebot/2.1 (+http://www.google.com/bot.html)"
192.168.1.2 - - [19/Aug/2025:11:59:47 +0000] "GET /logout HTTP/2" 304 - "https://www.google.com/" "Mozilla/5.0 (Windows NT 10.0; Win64; x64) AppleWebKit/537.36 Chrome/118.0 Safari/537.36"
192.168.1.25 - - [19/Aug/2025:15:21:06 +0000] "POST /sitemap.xml HTTP/1.1" 404 2536 "-" "python-requests/2.31.0"
192.168.1.4 - - [19/Aug/2025:10:30:25 +0000] "HEAD /images/logo.png HTTP/2" 404 768 "https://news.ycombinator.com/" "Mozilla/5.0 (X11; Linux x86_64) Gecko/20100101 Firefox/116.0"
10.0.0.4 - - [19/Aug/2025:04:45:59 +0000] "HEAD /logout HTTP/2" 200 4178 "https://news.ycombinator.com/" "Mozilla/5.0 (X11; Linux x86_64) Gecko/20100101 Firefox/116.0"
10.0.0.13 - - [19/Aug/2025:07:23:01 +0000] "HEAD /cart HTTP/1.1" 200 978 "https://social.example.org/post/123" "Mozilla/5.0 (X11; Linux x86_64) Gecko/20100101 Firefox/116.0"
10.0.0.14 - - [19/Aug/2025:19:03:28 +0000] "HEAD /index.html HTTP/2" 200 4757 "https://example.com/" "Mozilla/5.0 (X11; Linux x86_64) Gecko/20100101 Firefox/116.0"
192.168.1.3 - - [19/Aug/2025:08:39:47 +0000] "POST /api/v1/items HTTP/1.1" 404 3300 "https://news.ycombinator.com/" "Mozilla/5.0 (Windows NT 10.0; Win64; x64) AppleWebKit/537.36 Chrome/118.0 Safari/537.36"
203.0.113.2 - - [19/Aug/2025:21:25:26 +0000] "HEAD /index.html HTTP/1.1" 200 4408 "https://www.google.com/" "python-requests/2.31.0"
192.168.1.4 - - [19/Aug/2025:09:11:28 +0000] "POST /promo/summer HTTP/1.1" 500 4440 "https://social.example.org/post/123" "Mozilla/5.0 (Macintosh; Intel Mac OS X 10_15_7) AppleWebKit/605.1.15 Version/15.5 Safari/605.1.15"
192.168.1.2 - - [19/Aug/2025:16:53:53 +0000] "POST /images/logo.png HTTP/2" 200 3097 "https://social.example.org/post/123" "bingbot/2.0; +http://www.bing.com/bingbot.htm"
10.0.0.3 - - [19/Aug/2025:19:05:36 +0000] "GET /products?id=100 HTTP/1.1" 200 1007 "https://www.google.com/" "curl/7.88.1"
192.168.1.12 - - [19/Aug/2025:15:01:49 +0000] "GET /search?q=hadoop HTTP/2" 302 965 "https://www.google.com/" "curl/7.88.1"
192.168.1.14 - - [19/Aug/2025:19:41:57 +0000] "HEAD /cart HTTP/2" 200 3407 "https://example.com/" "Mozilla/5.0 (Macintosh; Intel Mac OS X 10_15_7) AppleWebKit/605.1.15 Version/15.5 Safari/605.1.15"
192.168.1.28 - - [19/Aug/2025:10:36:20 +0000] "GET /search?q=hadoop HTTP/2" 200 1750 "https://example.com/" "curl/7.88.1"
10.0.0.5 - - [19/Aug/2025:17:16:05 +0000] "POST /nonexistent HTTP/2" 200 1696 "-" "Mozilla/5.0 (X11; Linux x86_64) Gecko/20100101 Firefox/116.0"
10.0.0.10 - - [19/Aug/2025:15:09:34 +0000] "GET /login HTTP/2" 404 2664 "https://www.google.com/" "curl/7.88.1"
203.0.113.7 - - [19/Aug/2025:17:32:35 +0000] "POST /products HTTP/1.1" 200 2087 "https://social.example.org/post/123" "curl/7.88.1"
203.0.113.2 - - [19/Aug/2025:04:07:33 +0000] "HEAD /checkout HTTP/2" 200 4127 "https://news.ycombinator.com/" "curl/7.88.1"
10.0.0.11 - - [19/Aug/2025:11:24:42 +0000] "GET /api/v1/items HTTP/1.1" 404 3239 "-" "Mozilla/5.0 (Macintosh; Intel Mac OS X 10_15_7) AppleWebKit/605.1.15 Version/15.5 Safari/605.1.15"
203.0.113.1 - - [19/Aug/2025:12:21:21 +0000] "GET /checkout HTTP/2" 200 1633 "https://social.example.org/post/123" "bingbot/2.0; +http://www.bing.com/bingbot.htm"
10.0.0.13 - - [19/Aug/2025:08:01:28 +0000] "POST /nonexistent HTTP/2" 200 4179 "https://www.google.com/" "curl/7.88.1"
10.0.0.4 - - [19/Aug/2025:17:38:21 +0000] "HEAD /admin HTTP/2" 200 2219 "https://news.ycombinator.com/" "Mozilla/5.0 (Windows NT 10.0; Win64; x64) AppleWebKit/537.36 Chrome/118.0 Safari/537.36"
10.0.0.10 - - [19/Aug/2025:12:49:17 +0000] "POST /nonexistent HTTP/1.1" 404 2762 "https://news.ycombinator.com/" "python-requests/2.31.0"
203.0.113.8 - - [19/Aug/2025:21:12:36 +0000] "GET /cart HTTP/2" 200 1040 "https://example.com/" "Mozilla/5.0 (X11; Linux x86_64) Gecko/20100101 Firefox/116.0"
10.0.0.3 - - [19/Aug/2025:18:51:22 +0000] "POST /checkout HTTP/2" 200 1508 "https://www.google.com/" "Mozilla/5.0 (Macintosh; Intel Mac OS X 10_15_7) AppleWebKit/605.1.15 Version/15.5 Safari/605.1.15"
192.168.1.17 - - [19/Aug/2025:10:05:11 +0000] "GET /login HTTP/1.1" 500 2304 "https://www.google.com/" "python-requests/2.31.0"
192.168.1.2 - - [19/Aug/2025:14:49:23 +0000] "POST /checkout HTTP/2" 200 4156 "https://news.ycombinator.com/" "python-requests/2.31.0"
10.0.0.4 - - [19/Aug/2025:11:13:58 +0000] "HEAD /admin HTTP/2" 500 2288 "-" "Googlebot/2.1 (+http://www.google.com/bot.html)"
192.168.1.10 - - [19/Aug/2025:07:48:59 +0000] "POST /api/v1/items HTTP/2" 404 3778 "https://news.ycombinator.com/" "Googlebot/2.1 (+http://www.google.com/bot.html)"
203.0.113.2 - - [19/Aug/2025:13:22:31 +0000] "HEAD /nonexistent HTTP/1.1" 404 2226 "https://example.com/" "curl/7.88.1"
10.0.0.13 - - [19/Aug/2025:10:52:00 +0000] "HEAD /admin HTTP/1.1" 404 2184 "https://www.google.com/" "Googlebot/2.1 (+http://www.google.com/bot.html)"
192.168.1.29 - - [19/Aug/2025:08:13:19 +0000] "GET /api/v1/items HTTP/2" 404 1773 "https://social.example.org/post/123" "Mozilla/5.0 (Macintosh; Intel Mac OS X 10_15_7) AppleWebKit/605.1.15 Version/15.5 Safari/605.1.15"
10.0.0.4 - - [19/Aug/2025:10:24:43 +0000] "GET /images/logo.png HTTP/2" 200 1639 "https://social.example.org/post/123" "python-requests/2.31.0"
192.168.1.7 - - [19/Aug/2025:13:06:29 +0000] "POST /products?id=100 HTTP/2" 200 1617 "https://example.com/" "Mozilla/5.0 (Macintosh; Intel Mac OS X 10_15_7) AppleWebKit/605.1.15 Version/15.5 Safari/605.1.15"
10.0.0.3 - - [19/Aug/2025:14:24:43 +0000] "GET /robots.txt HTTP/2" 301 746 "https://example.com/" "Googlebot/2.1 (+http://www.google.com/bot.html)"
10.0.0.12 - - [19/Aug/2025:09:40:07 +0000] "POST /sitemap.xml HTTP/2" 302 3044 "https://news.ycombinator.com/" "curl/7.88.1"
10.0.0.8 - - [19/Aug/2025:07:11:27 +0000] "POST /products HTTP/1.1" 200 3061 "https://news.ycombinator.com/" "curl/7.88.1"
203.0.113.6 - - [19/Aug/2025:08:52:39 +0000] "POST /login HTTP/1.1" 302 2607 "-" "Mozilla/5.0 (Windows NT 10.0; Win64; x64) AppleWebKit/537.36 Chrome/118.0 Safari/537.36"
192.168.1.5 - - [19/Aug/2025:19:29:23 +0000] "HEAD /api/v1/items/42 HTTP/2" 301 3064 "https://example.com/" "Mozilla/5.0 (X11; Linux x86_64) Gecko/20100101 Firefox/116.0"
192.168.1.13 - - [19/Aug/2025:18:34:17 +0000] "POST /api/v1/items/42 HTTP/2" 200 3959 "https://example.com/" "curl/7.88.1"
192.168.1.24 - - [19/Aug/2025:16:38:07 +0000] "HEAD /index.html HTTP/2" 200 1735 "-" "bingbot/2.0; +http://www.bing.com/bingbot.htm"
10.0.0.14 - - [19/Aug/2025:07:46:09 +0000] "POST /login HTTP/2" 200 4052 "https://news.ycombinator.com/" "Mozilla/5.0 (Macintosh; Intel Mac OS X 10_15_7) AppleWebKit/605.1.15 Version/15.5 Safari/605.1.15"
203.0.113.6 - - [19/Aug/2025:20:57:53 +0000] "HEAD /nonexistent HTTP/2" 404 2975 "https://example.com/" "Mozilla/5.0 (Windows NT 10.0; Win64; x64) AppleWebKit/537.36 Chrome/118.0 Safari/537.36"
192.168.1.8 - - [19/Aug/2025:08:46:40 +0000] "POST /sitemap.xml HTTP/1.1" 200 2773 "https://social.example.org/post/123" "Googlebot/2.1 (+http://www.google.com/bot.html)"
203.0.113.6 - - [19/Aug/2025:03:47:16 +0000] "HEAD /products HTTP/2" 200 1869 "https://news.ycombinator.com/" "curl/7.88.1"
10.0.0.8 - - [19/Aug/2025:23:39:32 +0000] "GET /index.html HTTP/2" 404 4174 "https://www.google.com/" "Mozilla/5.0 (X11; Linux x86_64) Gecko/20100101 Firefox/116.0"
203.0.113.4 - - [19/Aug/2025:20:17:47 +0000] "GET /images/logo.png HTTP/1.1" 404 3565 "https://www.google.com/" "python-requests/2.31.0"
192.168.1.15 - - [19/Aug/2025:10:00:26 +0000] "GET /login HTTP/1.1" 200 2487 "https://social.example.org/post/123" "bingbot/2.0; +http://www.bing.com/bingbot.htm"
192.168.1.8 - - [19/Aug/2025:18:40:20 +0000] "GET /search?q=hive HTTP/1.1" 500 2959 "https://www.google.com/" "Mozilla/5.0 (Windows NT 10.0; Win64; x64) AppleWebKit/537.36 Chrome/118.0 Safari/537.36"
10.0.0.12 - - [19/Aug/2025:15:46:45 +0000] "POST /nonexistent HTTP/2" 404 4735 "https://social.example.org/post/123" "Googlebot/2.1 (+http://www.google.com/bot.html)"
192.168.1.23 - - [19/Aug/2025:20:00:21 +0000] "POST /api/v1/items/42 HTTP/2" 200 4084 "https://social.example.org/post/123" "Mozilla/5.0 (Macintosh; Intel Mac OS X 10_15_7) AppleWebKit/605.1.15 Version/15.5 Safari/605.1.15"
192.168.1.26 - - [19/Aug/2025:13:10:43 +0000] "POST /admin HTTP/1.1" 401 4285 "https://news.ycombinator.com/" "curl/7.88.1"
192.168.1.25 - - [19/Aug/2025:06:47:33 +0000] "POST /css/site.css HTTP/2" 302 4128 "-" "Mozilla/5.0 (Macintosh; Intel Mac OS X 10_15_7) AppleWebKit/605.1.15 Version/15.5 Safari/605.1.15"
192.168.1.24 - - [19/Aug/2025:15:10:39 +0000] "HEAD /login HTTP/2" 200 2625 "https://news.ycombinator.com/" "python-requests/2.31.0"
10.0.0.8 - - [19/Aug/2025:13:15:24 +0000] "GET /admin HTTP/1.1" 404 2088 "https://www.google.com/" "Mozilla/5.0 (Windows NT 10.0; Win64; x64) AppleWebKit/537.36 Chrome/118.0 Safari/537.36"
192.168.1.12 - - [19/Aug/2025:14:11:55 +0000] "HEAD /admin HTTP/2" 200 2083 "https://social.example.org/post/123" "bingbot/2.0; +http://www.bing.com/bingbot.htm"
10.0.0.14 - - [19/Aug/2025:10:49:23 +0000] "GET /api/v1/items HTTP/2" 200 3609 "https://social.example.org/post/123" "Mozilla/5.0 (X11; Linux x86_64) Gecko/20100101 Firefox/116.0"
10.0.0.2 - - [19/Aug/2025:12:52:59 +0000] "GET /checkout HTTP/2" 200 327 "https://news.ycombinator.com/" "Mozilla/5.0 (X11; Linux x86_64) Gecko/20100101 Firefox/116.0"
192.168.1.13 - - [19/Aug/2025:10:29:41 +0000] "HEAD /products?id=100 HTTP/2" 404 3725 "https://social.example.org/post/123" "Googlebot/2.1 (+http://www.google.com/bot.html)"
192.168.1.16 - - [19/Aug/2025:08:01:39 +0000] "GET /promo/summer HTTP/1.1" 404 4974 "https://social.example.org/post/123" "Mozilla/5.0 (Windows NT 10.0; Win64; x64) AppleWebKit/537.36 Chrome/118.0 Safari/537.36"
10.0.0.10 - - [19/Aug/2025:10:15:10 +0000] "HEAD /robots.txt HTTP/1.1" 200 486 "https://news.ycombinator.com/" "Mozilla/5.0 (X11; Linux x86_64) Gecko/20100101 Firefox/116.0"
192.168.1.14 - - [19/Aug/2025:16:35:32 +0000] "GET /logout HTTP/2" 500 2260 "https://www.google.com/" "Googlebot/2.1 (+http://www.google.com/bot.html)"
192.168.1.22 - - [19/Aug/2025:20:58:12 +0000] "GET /css/site.css HTTP/1.1" 200 1995 "https://news.ycombinator.com/" "Googlebot/2.1 (+http://www.google.com/bot.html)"
10.0.0.2 - - [19/Aug/2025:12:43:38 +0000] "GET /checkout HTTP/2" 304 - "-" "Mozilla/5.0 (X11; Linux x86_64) Gecko/20100101 Firefox/116.0"
192.168.1.12 - - [19/Aug/2025:15:21:55 +0000] "GET /logout HTTP/1.1" 200 564 "https://social.example.org/post/123" "Mozilla/5.0 (X11; Linux x86_64) Gecko/20100101 Firefox/116.0"
192.168.1.26 - - [19/Aug/2025:13:30:55 +0000] "GET /login HTTP/2" 500 4701 "-" "python-requests/2.31.0"
203.0.113.5 - - [19/Aug/2025:18:41:34 +0000] "GET /logout HTTP/2" 500 789 "https://example.com/" "Mozilla/5.0 (X11; Linux x86_64) Gecko/20100101 Firefox/116.0"
203.0.113.9 - - [19/Aug/2025:11:52:46 +0000] "GET /api/v1/items/42 HTTP/2" 500 4490 "https://social.example.org/post/123" "Googlebot/2.1 (+http://www.google.com/bot.html)"
192.168.1.18 - - [19/Aug/2025:18:06:09 +0000] "HEAD /products?id=100 HTTP/1.1" 200 3682 "https://example.com/" "Mozilla/5.0 (Macintosh; Intel Mac OS X 10_15_7) AppleWebKit/605.1.15 Version/15.5 Safari/605.1.15"
192.168.1.15 - - [19/Aug/2025:20:50:30 +0000] "POST /products?id=100 HTTP/2" 404 906 "https://social.example.org/post/123" "python-requests/2.31.0"
192.168.1.18 - - [19/Aug/2025:13:15:48 +0000] "POST /css/site.css HTTP/2" 200 3989 "https://example.com/" "bingbot/2.0; +http://www.bing.com/bingbot.htm"
192.168.1.10 - - [19/Aug/2025:10:02:48 +0000] "GET /sitemap.xml HTTP/2" 200 2110 "https://example.com/" "bingbot/2.0; +http://www.bing.com/bingbot.htm"
203.0.113.5 - - [19/Aug/2025:11:18:19 +0000] "GET /nonexistent HTTP/2" 200 2715 "https://www.google.com/" "python-requests/2.31.0"
10.0.0.12 - - [19/Aug/2025:18:08:09 +0000] "POST /admin HTTP/2" 403 529 "https://www.google.com/" "bingbot/2.0; +http://www.bing.com/bingbot.htm"
192.168.1.18 - - [19/Aug/2025:10:37:00 +0000] "POST /sitemap.xml HTTP/2" 302 1695 "https://example.com/" "python-requests/2.31.0"
192.168.1.22 - - [19/Aug/2025:08:54:32 +0000] "HEAD /api/v1/items/42 HTTP/2" 302 1685 "https://news.ycombinator.com/" "Googlebot/2.1 (+http://www.google.com/bot.html)"
192.168.1.2 - - [19/Aug/2025:08:57:24 +0000] "HEAD /products HTTP/2" 200 2833 "https://www.google.com/" "Mozilla/5.0 (Macintosh; Intel Mac OS X 10_15_7) AppleWebKit/605.1.15 Version/15.5 Safari/605.1.15"
203.0.113.6 - - [19/Aug/2025:08:38:49 +0000] "GET /search?q=hadoop HTTP/2" 302 4062 "https://news.ycombinator.com/" "python-requests/2.31.0"
10.0.0.7 - - [19/Aug/2025:20:53:47 +0000] "GET /search?q=hadoop HTTP/2" 404 569 "https://social.example.org/post/123" "python-requests/2.31.0"
192.168.1.6 - - [19/Aug/2025:07:21:32 +0000] "POST /docs/guide.pdf HTTP/1.1" 200 3958 "https://news.ycombinator.com/" "bingbot/2.0; +http://www.bing.com/bingbot.htm"
203.0.113.7 - - [19/Aug/2025:09:16:51 +0000] "GET /search?q=hive HTTP/1.1" 500 4036 "https://www.google.com/" "Mozilla/5.0 (Windows NT 10.0; Win64; x64) AppleWebKit/537.36 Chrome/118.0 Safari/537.36"
192.168.1.19 - - [19/Aug/2025:22:17:35 +0000] "GET /search?q=hadoop HTTP/1.1" 200 4580 "https://example.com/" "Mozilla/5.0 (Windows NT 10.0; Win64; x64) AppleWebKit/537.36 Chrome/118.0 Safari/537.36"
203.0.113.8 - - [19/Aug/2025:09:15:37 +0000] "HEAD /robots.txt HTTP/2" 200 4698 "-" "curl/7.88.1"
10.0.0.4 - - [19/Aug/2025:18:04:12 +0000] "GET /logout HTTP/1.1" 302 1917 "-" "bingbot/2.0; +http://www.bing.com/bingbot.htm"
