10.0.0.4 - - [18/Aug/2025:11:52:34 +0000] "POST /index.html HTTP/1.1" 200 3224 "-" "Mozilla/5.0 (X11; Linux x86_64) Gecko/20100101 Firefox/116.0"
192.168.1.25 - - [18/Aug/2025:16:17:07 +0000] "POST /admin HTTP/2" 200 1830 "https://social.example.org/post/123" "python-requests/2.31.0"
10.0.0.7 - - [18/Aug/2025:13:59:51 +0000] "POST /products HTTP/2" 200 3827 "https://news.ycombinator.com/" "Mozilla/5.0 (X11; Linux x86_64) Gecko/20100101 Firefox/116.0"
192.168.1.8 - - [18/Aug/2025:08:18:20 +0000] "GET /api/v1/items HTTP/2" 200 3952 "https://news.ycombinator.com/" "python-requests/2.31.0"
192.168.1.24 - - [18/Aug/2025:12:44:28 +0000] "POST /index.html HTTP/2" 404 3863 "https://example.com/" "python-requests/2.31.0"
203.0.113.2 - - [18/Aug/2025:22:03:04 +0000] "HEAD /admin HTTP/2" 304 - "https://www.google.com/" "Mozilla/5.0 (Windows NT 10.0; Win64; x64) AppleWebKit/537.36 Chrome/118.0 Safari/537.36"
10.0.0.2 - - [18/Aug/2025:08:38:43 +0000] "GET /cart HTTP/1.1" 200 3300 "https://example.com/" "Googlebot/2.1 (+http://www.google.com/bot.html)"
192.168.1.11 - - [18/Aug/2025:21:02:38 +0000] "HEAD /logout HTTP/2" 200 3936 "-" "bingbot/2.0; +http://www.bing.com/bingbot.htm"
192.168.1.22 - - [18/Aug/2025:08:23:25 +0000] "HEAD /images/logo.png HTTP/1.1" 200 512 "https://www.google.com/" "Googlebot/2.1 (+http://www.google.com/bot.html)"
192.168.1.9 - - [18/Aug/2025:13:58:35 +0000] "POST /images/logo.png HTTP/2" 200 2639 "https://social.example.org/post/123" "Mozilla/5.0 (Macintosh; Intel Mac OS X 10_15_7) AppleWebKit/605.1.15 Version/15.5 Safari/605.1.15"
10.0.0.2 - - [18/Aug/2025:07:54:04 +0000] "GET /logout HTTP/1.1" 404 2918 "https://example.com/" "python-requests/2.31.0"
192.168.1.21 - - [18/Aug/2025:06:34:18 +0000] "GET /checkout HTTP/2" 304 - "https://www.google.com/" "Mozilla/5.0 (Windows NT 10.0; Win64; x64) AppleWebKit/537.36 Chrome/118.0 Safari/537.36"
192.168.1.17 - - [18/Aug/2025:22:50:08 +0000] "POST / HTTP/2" 304 - "https://news.ycombinator.com/" "curl/7.88.1"
10.0.0.13 - - [18/Aug/2025:12:35:08 +0000] "GET /products HTTP/2" 301 4221 "https://news.ycombinator.com/" "Googlebot/2.1 (+http://www.google.com/bot.html)"
192.168.1.6 - - [18/Aug/2025:18:52:36 +0000] "GET /api/v1/items HTTP/1.1" 302 4116 "https://news.ycombinator.com/" "curl/7.88.1"
10.0.0.9 - - [18/Aug/2025:07:53:49 +0000] "HEAD /nonexistent HTTP/1.1" 200 4419 "-" "Mozilla/5.0 (X11; Linux x86_64) Gecko/20100101 Firefox/116.0"
192.168.1.12 - - [18/Aug/2025:07:09:19 +0000] "GET /api/v1/items HTTP/1.1" 200 4550 "https://example.com/" "Mozilla/5.0 (X11; Linux x86_64) Gecko/20100101 Firefox/116.0"
10.0.0.9 - - [18/Aug/2025:06:12:40 +0000] "POST /cart HTTP/2" 404 4670 "-" "bingbot/2.0; +http://www.bing.com/bingbot.htm"
192.168.1.11 - - [18/Aug/2025:16:37:37 +0000] "GET /promo/summer HTTP/2" 404 637 "-" "Mozilla/5.0 (Windows NT 10.0; Win64; x64) AppleWebKit/537.36 Chrome/118.0 Safari/537.36"
10.0.0.10 - - [18/Aug/2025:05:41:49 +0000] "POST /search?q=hadoop HTTP/2" 404 548 "https://social.example.org/post/123" "python-requests/2.31.0"
10.0.0.4 - - [18/Aug/2025:14:41:19 +0000] "GET /admin HTTP/2" 401 790 "https://www.google.com/" "Googlebot/2.1 (+http://www.google.com/bot.html)"
192.168.1.23 - - [18/Aug/2025:11:29:13 +0000] "HEAD /cart HTTP/2" 500 2915 "https://example.com/" "Googlebot/2.1 (+http://www.google.com/bot.html)"
10.0.0.9 - - [18/Aug/2025:07:23:32 +0000] "GET /api/v1/items HTTP/1.1" 302 1303 "https://example.com/" "Googlebot/2.1 (+http://www.google.com/bot.html)"
192.168.1.20 - - [18/Aug/2025:09:06:03 +0000] "POST /promo/summer HTTP/2" 200 1608 "https://example.com/" "bingbot/2.0; +http://www.bing.com/bingbot.htm"
192.168.1.12 - - [18/Aug/2025:17:12:48 +0000] "POST /sitemap.xml HTTP/2" 302 2827 "https://social.example.org/post/123" "Mozilla/5.0 (Windows NT 10.0; Win64; x64) AppleWebKit/537.36 Chrome/118.0 Safari/537.36"
10.0.0.3 - - [18/Aug/2025:07:25:32 +0000] "GET /search?q=hadoop HTTP/2" 200 714 "https://example.com/" "Googlebot/2.1 (+http://www.google.com/bot.html)"
203.0.113.3 - - [18/Aug/2025:15:53:41 +0000] "POST /css/site.css HTTP/1.1" 200 3830 "https://www.google.com/" "curl/7.88.1"
192.168.1.25 - - [18/Aug/2025:17:48:25 +0000] "GET /admin HTTP/1.1" 403 3269 "https://news.ycombinator.com/" "curl/7.88.1"
203.0.113.8 - - [18/Aug/2025:06:32:28 +0000] "HEAD /images/logo.png HTTP/1.1" 200 1092 "https://social.example.org/post/123" "curl/7.88.1"
192.168.1.25 - - [18/Aug/2025:18:21:35 +0000] "GET /search?q=hadoop HTTP/2" 304 - "-" "Mozilla/5.0 (Windows NT 10.0; Win64; x64) AppleWebKit/537.36 Chrome/118.0 Safari/537.36"
10.0.0.4 - - [18/Aug/2025:05:45:21 +0000] "HEAD /logout HTTP/1.1" 404 4523 "https://www.google.com/" "curl/7.88.1"
192.168.1.27 - - [18/Aug/2025:20:20:10 +0000] "HEAD /css/site.css HTTP/2" 304 - "https://news.ycombinator.com/" "bingbot/2.0; +http://www.bing.com/bingbot.htm"
10.0.0.4 - - [18/Aug/2025:13:36:19 +0000] "GET /api/v1/items/42 HTTP/2" 404 1197 "https://social.example.org/post/123" "bingbot/2.0; +http://www.bing.com/bingbot.htm"
203.0.113.4 - - [18/Aug/2025:10:57:46 +0000] "HEAD / HTTP/2" 200 2164 "-" "bingbot/2.0; +http://www.bing.com/bingbot.htm"
203.0.113.6 - - [18/Aug/2025:13:33:40 +0000] "HEAD /admin HTTP/1.1" 404 2284 "-" "bingbot/2.0; +http://www.bing.com/bingbot.htm"
192.168.1.3 - - [18/Aug/2025:21:07:12 +0000] "POST /api/v1/items HTTP/2" 200 3682 "https://www.google.com/" "Googlebot/2.1 (+http://www.google.com/bot.html)"
10.0.0.4 - - [18/Aug/2025:13:39:58 +0000] "HEAD /index.html HTTP/1.1" 304 - "https://www.google.com/" "bingbot/2.0; +http://www.bing.com/bingbot.htm"
10.0.0.7 - - [18/Aug/2025:10:42:30 +0000] "POST /api/v1/items HTTP/1.1" 302 4667 "https://example.com/" "bingbot/2.0; +http://www.bing.com/bingbot.htm"
203.0.113.6 - - [18/Aug/2025:11:49:55 +0000] "HEAD /images/logo.png HTTP/2" 200 2319 "https://example.com/" "bingbot/2.0; +http://www.bing.com/bingbot.htm"
192.168.1.20 - - [18/Aug/2025:10:19:49 +0000] "HEAD /search?q=hadoop HTTP/2" 200 4230 "https://example.com/" "bingbot/2.0; +http://www.bing.com/bingbot.htm"
192.168.1.19 - - [18/Aug/2025:20:50:46 +0000] "POST /products?id=100 HTTP/2" 301 3127 "https://www.google.com/" "curl/7.88.1"
192.168.1.24 - - [18/Aug/2025:05:45:05 +0000] "POST /images/logo.png HTTP/2" 200 1955 "https://news.ycombinator.com/" "curl/7.88.1"
192.168.1.10 - - [18/Aug/2025:20:44:17 +0000] "GET /promo/summer HTTP/1.1" 200 715 "https://news.ycombinator.com/" "Mozilla/5.0 (Macintosh; Intel Mac OS X 10_15_7) AppleWebKit/605.1.15 Version/15.5 Safari/605.1.15"
192.168.1.28 - - [18/Aug/2025:16:03:06 +0000] "POST /robots.txt HTTP/1.1" 404 1426 "-" "bingbot/2.0; +http://www.bing.com/bingbot.htm"
203.0.113.1 - - [18/Aug/2025:22:10:26 +0000] "POST /robots.txt HTTP/1.1" 200 2931 "https://example.com/" "python-requests/2.31.0"
203.0.113.1 - - [18/Aug/2025:06:49:05 +0000] "HEAD /search?q=hive HTTP/1.1" 200 3723 "https://www.google.com/" "Mozilla/5.0 (Windows NT 10.0; Win64; x64) AppleWebKit/537.36 Chrome/118.0 Safari/537.36"
10.0.0.5 - - [18/Aug/2025:23:25:50 +0000] "GET /css/site.css HTTP/1.1" 200 2744 "https://news.ycombinator.com/" "bingbot/2.0; +http://www.bing.com/bingbot.htm"
10.0.0.3 - - [18/Aug/2025:07:21:18 +0000] "HEAD /docs/guide.pdf HTTP/2" 200 4430 "https://social.example.org/post/123" "curl/7.88.1"
192.168.1.12 - - [18/Aug/2025:08:07:21 +0000] "HEAD /logout HTTP/2" 500 1825 "-" "python-requests/2.31.0"
203.0.113.3 - - [18/Aug/2025:10:18:36 +0000] "GET /checkout HTTP/2" 301 4521 "https://example.com/" "Mozilla/5.0 (Windows NT 10.0; Win64; x64) AppleWebKit/537.36 Chrome/118.0 Safari/537.36"
192.168.1.10 - - [18/Aug/2025:11:06:11 +0000] "POST /api/v1/items HTTP/1.1" 200 2436 "https://social.example.org/post/123" "Mozilla/5.0 (Macintosh; Intel Mac OS X 10_15_7) AppleWebKit/605.1.15 Version/15.5 Safari/605.1.15"
192.168.1.21 - - [18/Aug/2025:12:17:21 +0000] "HEAD /nonexistent HTTP/1.1" 404 2235 "-" "python-requests/2.31.0"
192.168.1.27 - - [18/Aug/2025:07:19:10 +0000] "HEAD /sitemap.xml HTTP/2" 500 1261 "https://example.com/" "curl/7.88.1"
10.0.0.4 - - [18/Aug/2025:15:14:08 +0000] "GET /logout HTTP/2" 301 4799 "https://social.example.org/post/123" "Mozilla/5.0 (X11; Linux x86_64) Gecko/20100101 Firefox/116.0"
192.168.1.15 - - [18/Aug/2025:14:42:52 +0000] "GET /promo/summer HTTP/1.1" 304 - "https://social.example.org/post/123" "bingbot/2.0; +http://www.bing.com/bingbot.htm"
10.0.0.10 - - [18/Aug/2025:17:04:58 +0000] "GET /index.html HTTP/1.1" 404 4696 "https://www.google.com/" "Mozilla/5.0 (Macintosh; Intel Mac OS X 10_15_7) AppleWebKit/605.1.15 Version/15.5 Safari/605.1.15"
192.168.1.9 - - [18/Aug/2025:10:33:28 +0000] "HEAD /search?q=hadoop HTTP/2" 200 4480 "https://social.example.org/post/123" "Mozilla/5.0 (X11; Linux x86_64) Gecko/20100101 Firefox/116.0"
192.168.1.28 - - [18/Aug/2025:05:08:32 +0000] "POST /nonexistent HTTP/1.1" 200 2824 "-" "Googlebot/2.1 (+http://www.google.com/bot.html)"
192.168.1.15 - - [18/Aug/2025:09:00:47 +0000] "HEAD /products HTTP/1.1" 301 3122 "-" "bingbot/2.0; +http://www.bing.com/bingbot.htm"
192.168.1.6 - - [18/Aug/2025:23:59:57 +0000] "POST /index.html HTTP/2" 301 1774 "https://www.google.com/" "Mozilla/5.0 (X11; Linux x86_64) Gecko/20100101 Firefox/116.0"
192.168.1.28 - - [18/Aug/2025:16:46:41 +0000] "POST /admin HTTP/2" 404 957 "https://news.ycombinator.com/" "Mozilla/5.0 (Macintosh; Intel Mac OS X 10_15_7) AppleWebKit/605.1.15 Version/15.5 Safari/605.1.15"
192.168.1.13 - - [18/Aug/2025:16:22:07 +0000] "HEAD /admin HTTP/1.1" 500 2124 "-" "Mozilla/5.0 (X11; Linux x86_64) Gecko/20100101 Firefox/116.0"
203.0.113.3 - - [18/Aug/2025:03:19:29 +0000] "HEAD /docs/guide.pdf HTTP/2" 304 - "https://social.example.org/post/123" "Mozilla/5.0 (X11; Linux x86_64) Gecko/20100101 Firefox/116.0"
192.168.1.11 - - [18/Aug/2025:09:29:22 +0000] "POST /search?q=hadoop HTTP/1.1" 200 3734 "https://news.ycombinator.com/" "Mozilla/5.0 (X11; Linux x86_64) Gecko/20100101 Firefox/116.0"
192.168.1.17 - - [18/Aug/2025:20:56:01 +0000] "GET /products HTTP/1.1" 404 575 "https://social.example.org/post/123" "bingbot/2.0; +http://www.bing.com/bingbot.htm"
192.168.1.17 - - [18/Aug/2025:16:55:03 +0000] "HEAD /index.html HTTP/2" 302 2219 "https://news.ycombinator.com/" "Mozilla/5.0 (Macintosh; Intel Mac OS X 10_15_7) AppleWebKit/605.1.15 Version/15.5 Safari/605.1.15"
192.168.1.10 - - [18/Aug/2025:18:49:03 +0000] "HEAD /css/site.css HTTP/1.1" 500 2912 "https://news.ycombinator.com/" "bingbot/2.0; +http://www.bing.com/bingbot.htm"
192.168.1.17 - - [18/Aug/2025:18:52:20 +0000] "POST /cart HTTP/1.1" 301 2761 "https://example.com/" "Mozilla/5.0 (Windows NT 10.0; Win64; x64) AppleWebKit/537.36 Chrome/118.0 Safari/537.36"
203.0.113.7 - - [18/Aug/2025:14:37:56 +0000] "GET /login HTTP/2" 200 3121 "https://social.example.org/post/123" "Mozilla/5.0 (X11; Linux x86_64) Gecko/20100101 Firefox/116.0"
192.168.1.28 - - [18/Aug/2025:13:44:26 +0000] "GET /css/site.css HTTP/2" 200 4706 "https://social.example.org/post/123" "Mozilla/5.0 (Macintosh; Intel Mac OS X 10_15_7) AppleWebKit/605.1.15 Version/15.5 Safari/605.1.15"
203.0.113.5 - - [18/Aug/2025:19:19:54 +0000] "GET /logout HTTP/1.1" 304 - "https://social.example.org/post/123" "Googlebot/2.1 (+http://www.google.com/bot.html)"
192.168.1.17 - - [18/Aug/2025:14:08:24 +0000] "POST /search?q=hadoop HTTP/2" 404 947 "https://social.example.org/post/123" "Mozilla/5.0 (X11; Linux x86_64) Gecko/20100101 Firefox/116.0"
192.168.1.14 - - [18/Aug/2025:11:34:46 +0000] "GET /images/logo.png HTTP/2" 404 623 "-" "Mozilla/5.0 (Macintosh; Intel Mac OS X 10_15_7) AppleWebKit/605.1.15 Version/15.5 Safari/605.1.15"
203.0.113.2 - - [18/Aug/2025:18:37:46 +0000] "HEAD /search?q=hadoop HTTP/2" 200 3027 "https://example.com/" "Mozilla/5.0 (Windows NT 10.0; Win64; x64) AppleWebKit/537.36 Chrome/118.0 Safari/537.36"
192.168.1.9 - - [18/Aug/2025:09:12:47 +0000] "HEAD /robots.txt HTTP/1.1" 500 1975 "https://social.example.org/post/123" "Mozilla/5.0 (Macintosh; Intel Mac OS X 10_15_7) AppleWebKit/605.1.15 Version/15.5 Safari/605.1.15"
192.168.1.26 - - [18/Aug/2025:14:49:18 +0000] "POST /docs/guide.pdf HTTP/2" 200 2442 "https://example.com/" "bingbot/2.0; +http://www.bing.com/bingbot.htm"
203.0.113.6 - - [18/Aug/2025:19:29:06 +0000] "POST /api/v1/items HTTP/1.1" 200 2863 "https://social.example.org/post/123" "Mozilla/5.0 (Windows NT 10.0; Win64; x64) AppleWebKit/537.36 Chrome/118.0 Safari/537.36"
192.168.1.11 - - [18/Aug/2025:14:14:47 +0000] "GET /images/logo.png HTTP/2" 200 1548 "https://www.google.com/" "curl/7.88.1"
192.168.1.17 - - [18/Aug/2025:09:36:53 +0000] "POST /docs/guide.pdf HTTP/2" 200 4302 "https://social.example.org/post/123" "Googlebot/2.1 (+http://www.google.com/bot.html)"
192.168.1.12 - - [18/Aug/2025:08:50:22 +0000] "GET /docs/guide.pdf HTTP/2" 200 4741 "-" "bingbot/2.0; +http://www.bing.com/bingbot.htm"
203.0.113.2 - - [18/Aug/2025:04:54:04 +0000] "GET / HTTP/2" 200 2195 "-" "python-requests/2.31.0"
10.0.0.3 - - [18/Aug/2025:08:13:32 +0000] "POST /index.html HTTP/2" 404 4296 "-" "Mozilla/5.0 (Windows NT 10.0; Win64; x64) AppleWebKit/537.36 Chrome/118.0 Safari/537.36"
192.168.1.3 - - [18/Aug/2025:13:26:00 +0000] "HEAD /images/logo.png HTTP/2" 200 4414 "https://social.example.org/post/123" "Mozilla/5.0 (X11; Linux x86_64) Gecko/20100101 Firefox/116.0"
192.168.1.8 - - [18/Aug/2025:21:11:06 +0000] "HEAD /cart HTTP/1.1" 200 4612 "https://example.com/" "Mozilla/5.0 (X11; Linux x86_64) Gecko/20100101 Firefox/116.0"
192.168.1.7 - - [18/Aug/2025:11:50:25 +0000] "POST /admin HTTP/2" 403 2150 "https://example.com/" "python-requests/2.31.0"
203.0.113.1 - - [18/Aug/2025:19:05:41 +0000] "GET /products HTTP/2" 301 3389 "https://news.ycombinator.com/" "Googlebot/2.1 (+http://www.google.com/bot.html)"
192.168.1.12 - - [18/Aug/2025:06:00:44 +0000] "GET /robots.txt HTTP/2" 404 3013 "https://news.ycombinator.com/" "Mozilla/5.0 (X11; Linux x86_64) Gecko/20100101 Firefox/116.0"
192.168.1.4 - - [18/Aug/2025:22:57:33 +0000] "GET /search?q=hadoop HTTP/2" 200 681 "-" "python-requests/2.31.0"
10.0.0.10 - - [18/Aug/2025:20:57:34 +0000] "HEAD /index.html HTTP/1.1" 200 428 "https://www.google.com/" "bingbot/2.0; +http://www.bing.com/bingbot.htm"
192.168.1.27 - - [18/Aug/2025:08:52:45 +0000] "GET /css/site.css HTTP/1.1" 404 2269 "https://news.ycombinator.com/" "Mozilla/5.0 (X11; Linux x86_64) Gecko/20100101 Firefox/116.0"
10.0.0.8 - - [18/Aug/2025:19:43:57 +0000] "POST /admin HTTP/1.1" 401 4402 "https://example.com/" "Mozilla/5.0 (Windows NT 10.0; Win64; x64) AppleWebKit/537.36 Chrome/118.0 Safari/537.36"
192.168.1.6 - - [18/Aug/2025:07:14:53 +0000] "POST /promo/summer HTTP/2" 200 542 "https://example.com/" "Mozilla/5.0 (X11; Linux x86_64) Gecko/20100101 Firefox/116.0"
192.168.1.24 - - [18/Aug/2025:23:31:14 +0000] "HEAD /admin HTTP/2" 200 3413 "-" "Mozilla/5.0 (X11; Linux x86_64) Gecko/20100101 Firefox/116.0"
203.0.113.5 - - [18/Aug/2025:15:51:15 +0000] "GET /products HTTP/2" 200 3412 "https://www.google.com/" "python-requests/2.31.0"
192.168.1.7 - - [18/Aug/2025:11:23:06 +0000] "GET /css/site.css HTTP/2" 200 2509 "-" "Mozilla/5.0 (Macintosh; Intel Mac OS X 10_15_7) AppleWebKit/605.1.15 Version/15.5 Safari/605.1.15"
10.0.0.9 - - [18/Aug/2025:07:27:28 +0000] "HEAD /sitemap.xml HTTP/2" 200 515 "-" "curl/7.88.1"
192.168.1.22 - - [18/Aug/2025:14:38:38 +0000] "POST / HTTP/2" 301 3476 "-" "python-requests/2.31.0"
10.0.0.10 - - [18/Aug/2025:20:57:15 +0000] "HEAD /checkout HTTP/2" 200 1437 "https://example.com/" "curl/7.88.1"
192.168.1.12 - - [18/Aug/2025:09:09:04 +0000] "POST /images/logo.png HTTP/2" 200 4266 "-" "curl/7.88.1"
10.0.0.14 - - [18/Aug/2025:09:15:46 +0000] "POST /promo/summer HTTP/1.1" 302 1176 "https://www.google.com/" "curl/7.88.1"
10.0.0.13 - - [18/Aug/2025:01:25:21 +0000] "POST /api/v1/items HTTP/2" 200 3827 "https://news.ycombinator.com/" "Mozilla/5.0 (Macintosh; Intel Mac OS X 10_15_7) AppleWebKit/605.1.15 Version/15.5 Safari/605.1.15"
192.168.1.14 - - [18/Aug/2025:10:38:44 +0000] "POST /api/v1/items HTTP/1.1" 301 2914 "https://example.com/" "python-requests/2.31.0"
192.168.1.17 - - [18/Aug/2025:17:31:36 +0000] "POST /admin HTTP/2" 200 1232 "https://news.ycombinator.com/" "Mozilla/5.0 (Macintosh; Intel Mac OS X 10_15_7) AppleWebKit/605.1.15 Version/15.5 Safari/605.1.15"
203.0.113.3 - - [18/Aug/2025:15:34:11 +0000] "HEAD / HTTP/2" 500 2017 "https://social.example.org/post/123" "Mozilla/5.0 (X11; Linux x86_64) Gecko/20100101 Firefox/116.0"
192.168.1.28 - - [18/Aug/2025:10:44:04 +0000] "HEAD /robots.txt HTTP/1.1" 404 2780 "https://www.google.com/" "curl/7.88.1"
192.168.1.26 - - [18/Aug/2025:16:45:27 +0000] "GET /logout HTTP/2" 404 3583 "https://news.ycombinator.com/" "bingbot/2.0; +http://www.bing.com/bingbot.htm"
192.168.1.28 - - [18/Aug/2025:20:55:44 +0000] "HEAD /index.html HTTP/2" 500 4698 "https://news.ycombinator.com/" "python-requests/2.31.0"
192.168.1.17 - - [18/Aug/2025:20:06:49 +0000] "HEAD /api/v1/items/42 HTTP/1.1" 404 662 "https://news.ycombinator.com/" "python-requests/2.31.0"
192.168.1.23 - - [18/Aug/2025:16:25:48 +0000] "POST /products?id=100 HTTP/1.1" 200 2419 "https://www.google.com/" "bingbot/2.0; +http://www.bing.com/bingbot.htm"
203.0.113.4 - - [18/Aug/2025:17:35:37 +0000] "HEAD /search?q=hive HTTP/2" 200 3504 "https://social.example.org/post/123" "Mozilla/5.0 (X11; Linux x86_64) Gecko/20100101 Firefox/116.0"
192.168.1.11 - - [18/Aug/2025:16:44:32 +0000] "POST / HTTP/2" 200 2720 "https://social.example.org/post/123" "Mozilla/5.0 (Windows NT 10.0; Win64; x64) AppleWebKit/537.36 Chrome/118.0 Safari/537.36"
192.168.1.24 - - [18/Aug/2025:07:46:09 +0000] "POST /api/v1/items HTTP/2" 200 4568 "https://social.example.org/post/123" "curl/7.88.1"
203.0.113.4 - - [18/Aug/2025:12:28:46 +0000] "POST /api/v1/items HTTP/1.1" 200 666 "-" "Mozilla/5.0 (Windows NT 10.0; Win64; x64) AppleWebKit/537.36 Chrome/118.0 Safari/537.36"
203.0.113.3 - - [18/Aug/2025:19:41:06 +0000] "GET /search?q=hive HTTP/1.1" 304 - "https://www.google.com/" "curl/7.88.1"
192.168.1.27 - - [18/Aug/2025:14:29:14 +0000] "HEAD /checkout HTTP/1.1" 404 3840 "https://social.example.org/post/123" "Mozilla/5.0 (Windows NT 10.0; Win64; x64) AppleWebKit/537.36 Chrome/118.0 Safari/537.36"
10.0.0.2 - - [18/Aug/2025:17:56:12 +0000] "HEAD /login HTTP/2" 200 2059 "https://www.google.com/" "curl/7.88.1"
192.168.1.6 - - [18/Aug/2025:18:51:50 +0000] "HEAD /products?id=100 HTTP/1.1" 200 2970 "https://www.google.com/" "Googlebot/2.1 (+http://www.google.com/bot.html)"
10.0.0.5 - - [18/Aug/2025:07:42:55 +0000] "HEAD /api/v1/items HTTP/2" 404 3515 "https://news.ycombinator.com/" "Mozilla/5.0 (Windows NT 10.0; Win64; x64) AppleWebKit/537.36 Chrome/118.0 Safari/537.36"
10.0.0.13 - - [18/Aug/2025:11:54:29 +0000] "GET /css/site.css HTTP/1.1" 404 1397 "https://example.com/" "Mozilla/5.0 (Windows NT 10.0; Win64; x64) AppleWebKit/537.36 Chrome/118.0 Safari/537.36"
192.168.1.25 - - [18/Aug/2025:09:07:11 +0000] "HEAD /cart HTTP/2" 301 1429 "https://news.ycombinator.com/" "Googlebot/2.1 (+http://www.google.com/bot.html)"
10.0.0.8 - - [18/Aug/2025:12:31:40 +0000] "HEAD /checkout HTTP/1.1" 302 2666 "https://www.google.com/" "Mozilla/5.0 (Macintosh; Intel Mac OS X 10_15_7) AppleWebKit/605.1.15 Version/15.5 Safari/605.1.15"
192.168.1.5 - - [18/Aug/2025:10:28:39 +0000] "POST / HTTP/2" 200 1898 "https://social.example.org/post/123" "bingbot/2.0; +http://www.bing.com/bingbot.htm"
203.0.113.3 - - [18/Aug/2025:13:31:26 +0000] "POST /login HTTP/2" 302 1670 "-" "bingbot/2.0; +http://www.bing.com/bingbot.htm"
192.168.1.20 - - [18/Aug/2025:04:48:14 +0000] "GET /images/logo.png HTTP/1.1" 304 - "https://example.com/" "Mozilla/5.0 (Macintosh; Intel Mac OS X 10_15_7) AppleWebKit/605.1.15 Version/15.5 Safari/605.1.15"
203.0.113.9 - - [18/Aug/2025:18:36:47 +0000] "POST /docs/guide.pdf HTTP/1.1" 404 1235 "https://example.com/" "Mozilla/5.0 (X11; Linux x86_64) Gecko/20100101 Firefox/116.0"
203.0.113.8 - - [18/Aug/2025:14:23:34 +0000] "GET /logout HTTP/1.1" 301 1138 "https://www.google.com/" "curl/7.88.1"
192.168.1.18 - - [18/Aug/2025:19:02:28 +0000] "POST /products HTTP/2" 200 2241 "https://www.google.com/" "Mozilla/5.0 (X11; Linux x86_64) Gecko/20100101 Firefox/116.0"
203.0.113.5 - - [18/Aug/2025:17:44:22 +0000] "HEAD /login HTTP/1.1" 404 1440 "https://www.google.com/" "Mozilla/5.0 (X11; Linux x86_64) Gecko/20100101 Firefox/116.0"
192.168.1.24 - - [18/Aug/2025:09:03:36 +0000] "HEAD /images/logo.png HTTP/1.1" 200 2697 "https://example.com/" "bingbot/2.0; +http://www.bing.com/bingbot.htm"
203.0.113.3 - - [18/Aug/2025:09:54:32 +0000] "GET /cart HTTP/2" 200 2571 "https://www.google.com/" "python-requests/2.31.0"
203.0.113.5 - - [18/Aug/2025:19:15:09 +0000] "POST /search?q=hive HTTP/2" 302 1464 "https://news.ycombinator.com/" "python-requests/2.31.0"
10.0.0.2 - - [18/Aug/2025:09:26:24 +0000] "GET /products HTTP/2" 304 - "https://example.com/" "python-requests/2.31.0"
10.0.0.5 - - [18/Aug/2025:20:23:29 +0000] "POST /nonexistent HTTP/1.1" 404 4055 "https://example.com/" "Mozilla/5.0 (X11; Linux x86_64) Gecko/20100101 Firefox/116.0"
192.168.1.15 - - [18/Aug/2025:06:34:25 +0000] "POST /search?q=hadoop HTTP/2" 200 2944 "https://example.com/" "curl/7.88.1"
10.0.0.5 - - [18/Aug/2025:14:08:36 +0000] "POST /index.html HTTP/1.1" 200 4064 "-" "Mozilla/5.0 (Windows NT 10.0; Win64; x64) AppleWebKit/537.36 Chrome/118.0 Safari/537.36"
10.0.0.3 - - [18/Aug/2025:20:10:28 +0000] "GET /login HTTP/1.1" 500 1380 "https://example.com/" "Mozilla/5.0 (Macintosh; Intel Mac OS X 10_15_7) AppleWebKit/605.1.15 Version/15.5 Safari/605.1.15"
192.168.1.7 - - [18/Aug/2025:19:56:17 +0000] "HEAD /api/v1/items/42 HTTP/2" 200 3346 "https://www.google.com/" "Mozilla/5.0 (Windows NT 10.0; Win64; x64) AppleWebKit/537.36 Chrome/118.0 Safari/537.36"
203.0.113.4 - - [18/Aug/2025:11:19:46 +0000] "GET /login HTTP/1.1" 500 1079 "-" "Mozilla/5.0 (Macintosh; Intel Mac OS X 10_15_7) AppleWebKit/605.1.15 Version/15.5 Safari/605.1.15"
192.168.1.16 - - [18/Aug/2025:12:08:37 +0000] "HEAD /logout HTTP/1.1" 200 3114 "-" "Mozilla/5.0 (X11; Linux x86_64) Gecko/20100101 Firefox/116.0"
192.168.1.6 - - [18/Aug/2025:12:08:30 +0000] "GET /admin HTTP/1.1" 401 1145 "https://example.com/" "curl/7.88.1"
203.0.113.9 - - [18/Aug/2025:19:08:24 +0000] "GET /cart HTTP/1.1" 304 - "https://news.ycombinator.com/" "Mozilla/5.0 (Windows NT 10.0; Win64; x64) AppleWebKit/537.36 Chrome/118.0 Safari/537.36"
192.168.1.24 - - [18/Aug/2025:15:10:28 +0000] "HEAD /search?q=hadoop HTTP/1.1" 301 3924 "https://www.google.com/" "Mozilla/5.0 (Windows NT 10.0; Win64; x64) AppleWebKit/537.36 Chrome/118.0 Safari/537.36"
192.168.1.9 - - [18/Aug/2025:20:08:48 +0000] "HEAD /admin HTTP/2" 301 2876 "https://www.google.com/" "Mozilla/5.0 (Macintosh; Intel Mac OS X 10_15_7) AppleWebKit/605.1.15 Version/15.5 Safari/605.1.15"
10.0.0.9 - - [18/Aug/2025:10:05:15 +0000] "HEAD /promo/summer HTTP/2" 500 519 "https://example.com/" "Mozilla/5.0 (Macintosh; Intel Mac OS X 10_15_7) AppleWebKit/605.1.15 Version/15.5 Safari/605.1.15"
203.0.113.7 - - [18/Aug/2025:13:32:12 +0000] "POST /css/site.css HTTP/1.1" 200 4354 "https://social.example.org/post/123" "Mozilla/5.0 (Windows NT 10.0; Win64; x64) AppleWebKit/537.36 Chrome/118.0 Safari/537.36"
192.168.1.6 - - [18/Aug/2025:09:40:38 +0000] "HEAD / HTTP/2" 200 1381 "https://social.example.org/post/123" "Mozilla/5.0 (X11; Linux x86_64) Gecko/20100101 Firefox/116.0"
10.0.0.8 - - [18/Aug/2025:19:26:23 +0000] "HEAD /checkout HTTP/2" 200 436 "https://news.ycombinator.com/" "Mozilla/5.0 (Windows NT 10.0; Win64; x64) AppleWebKit/537.36 Chrome/118.0 Safari/537.36"
192.168.1.5 - - [18/Aug/2025:02:13:02 +0000] "POST /sitemap.xml HTTP/2" 404 4404 "https://social.example.org/post/123" "Googlebot/2.1 (+http://www.google.com/bot.html)"
10.0.0.8 - - [18/Aug/2025:17:05:40 +0000] "HEAD /promo/summer HTTP/1.1" 200 984 "https://example.com/" "Mozilla/5.0 (Windows NT 10.0; Win64; x64) AppleWebKit/537.36 Chrome/118.0 Safari/537.36"
192.168.1.11 - - [18/Aug/2025:13:13:51 +0000] "HEAD /api/v1/items HTTP/2" 404 841 "https://example.com/" "python-requests/2.31.0"
192.168.1.5 - - [18/Aug/2025:12:54:15 +0000] "GET /products HTTP/2" 200 4014 "https://news.ycombinator.com/" "bingbot/2.0; +http://www.bing.com/bingbot.htm"
203.0.113.2 - - [18/Aug/2025:05:42:47 +0000] "HEAD /checkout HTTP/1.1" 200 1424 "-" "Mozilla/5.0 (Macintosh; Intel Mac OS X 10_15_7) AppleWebKit/605.1.15 Version/15.5 Safari/605.1.15"
10.0.0.7 - - [18/Aug/2025:13:22:33 +0000] "HEAD /images/logo.png HTTP/1.1" 200 1339 "https://example.com/" "python-requests/2.31.0"
192.168.1.3 - - [18/Aug/2025:19:49:57 +0000] "POST /login HTTP/2" 304 - "-" "curl/7.88.1"
192.168.1.6 - - [18/Aug/2025:17:36:40 +0000] "POST /logout HTTP/2" 200 4392 "https://news.ycombinator.com/" "Mozilla/5.0 (Macintosh; Intel Mac OS X 10_15_7) AppleWebKit/605.1.15 Version/15.5 Safari/605.1.15"
192.168.1.8 - - [18/Aug/2025:11:16:49 +0000] "HEAD /products?id=100 HTTP/1.1" 500 4468 "-" "Mozilla/5.0 (Windows NT 10.0; Win64; x64) AppleWebKit/537.36 Chrome/118.0 Safari/537.36"
192.168.1.4 - - [18/Aug/2025:19:00:15 +0000] "POST /api/v1/items/42 HTTP/2" 200 1766 "-" "bingbot/2.0; +http://www.bing.com/bingbot.htm"
203.0.113.1 - - [18/Aug/2025:18:45:47 +0000] "POST /search?q=hive HTTP/2" 200 3709 "https://example.com/" "curl/7.88.1"
192.168.1.9 - - [18/Aug/2025:18:36:23 +0000] "HEAD /index.html HTTP/1.1" 200 4525 "-" "Googlebot/2.1 (+http://www.google.com/bot.html)"
192.168.1.20 - - [18/Aug/2025:06:29:55 +0000] "POST /api/v1/items HTTP/1.1" 304 - "https://social.example.org/post/123" "Mozilla/5.0 (Windows NT 10.0; Win64; x64) AppleWebKit/537.36 Chrome/118.0 Safari/537.36"
192.168.1.21 - - [18/Aug/2025:11:18:36 +0000] "HEAD /promo/summer HTTP/1.1" 302 3316 "https://news.ycombinator.com/" "Googlebot/2.1 (+http://www.google.com/bot.html)"
203.0.113.6 - - [18/Aug/2025:23:49:12 +0000] "HEAD /search?q=hive HTTP/1.1" 200 3659 "-" "Mozilla/5.0 (Macintosh; Intel Mac OS X 10_15_7) AppleWebKit/605.1.15 Version/15.5 Safari/605.1.15"
203.0.113.4 - - [18/Aug/2025:14:40:53 +0000] "GET /api/v1/items HTTP/1.1" 404 3382 "https://example.com/" "Mozilla/5.0 (Windows NT 10.0; Win64; x64) AppleWebKit/537.36 Chrome/118.0 Safari/537.36"
10.0.0.5 - - [18/Aug/2025:09:15:26 +0000] "GET /cart HTTP/2" 200 659 "https://www.google.com/" "Mozilla/5.0 (X11; Linux x86_64) Gecko/20100101 Firefox/116.0"
192.168.1.25 - - [18/Aug/2025:13:44:57 +0000] "POST /products HTTP/1.1" 304 - "https://www.google.com/" "python-requests/2.31.0"
10.0.0.10 - - [18/Aug/2025:18:04:37 +0000] "GET /login HTTP/1.1" 200 2689 "https://example.com/" "Mozilla/5.0 (X11; Linux x86_64) Gecko/20100101 Firefox/116.0"
203.0.113.4 - - [18/Aug/2025:10:51:25 +0000] "HEAD /api/v1/items HTTP/2" 302 2527 "https://www.google.com/" "Mozilla/5.0 (Windows NT 10.0; Win64; x64) AppleWebKit/537.36 Chrome/118.0 Safari/537.36"
203.0.113.9 - - [18/Aug/2025:21:08:49 +0000] "HEAD /products?id=100 HTTP/1.1" 200 1646 "https://social.example.org/post/123" "Googlebot/2.1 (+http://www.google.com/bot.html)"
192.168.1.24 - - [18/Aug/2025:10:07:34 +0000] "GET /logout HTTP/2" 302 2470 "-" "Mozilla/5.0 (Windows NT 10.0; Win64; x64) AppleWebKit/537.36 Chrome/118.0 Safari/537.36"
203.0.113.5 - - [18/Aug/2025:08:43:19 +0000] "HEAD /promo/summer HTTP/1.1" 200 2985 "https://www.google.com/" "Mozilla/5.0 (Windows NT 10.0; Win64; x64) AppleWebKit/537.36 Chrome/118.0 Safari/537.36"
10.0.0.6 - - [18/Aug/2025:17:22:25 +0000] "GET /css/site.css HTTP/2" 200 554 "https://social.example.org/post/123" "Mozilla/5.0 (X11; Linux x86_64) Gecko/20100101 Firefox/116.0"
192.168.1.17 - - [18/Aug/2025:12:47:35 +0000] "GET /logout HTTP/1.1" 200 1294 "-" "Mozilla/5.0 (Windows NT 10.0; Win64; x64) AppleWebKit/537.36 Chrome/118.0 Safari/537.36"
192.168.1.14 - - [18/Aug/2025:19:14:08 +0000] "POST /api/v1/items/42 HTTP/1.1" 404 2420 "-" "Mozilla/5.0 (Windows NT 10.0; Win64; x64) AppleWebKit/537.36 Chrome/118.0 Safari/537.36"
203.0.113.1 - - [18/Aug/2025:23:12:57 +0000] "POST /cart HTTP/1.1" 200 1303 "-" "Googlebot/2.1 (+http://www.google.com/bot.html)"
192.168.1.29 - - [18/Aug/2025:05:59:36 +0000] "HEAD /admin HTTP/2" 200 3435 "https://social.example.org/post/123" "Mozilla/5.0 (Macintosh; Intel Mac OS X 10_15_7) AppleWebKit/605.1.15 Version/15.5 Safari/605.1.15"
192.168.1.19 - - [18/Aug/2025:11:58:11 +0000] "POST /logout HTTP/1.1" 200 2313 "https://example.com/" "Googlebot/2.1 (+http://www.google.com/bot.html)"
192.168.1.5 - - [18/Aug/2025:11:35:30 +0000] "GET /images/logo.png HTTP/2" 200 3734 "https://www.google.com/" "python-requests/2.31.0"
10.0.0.14 - - [18/Aug/2025:19:33:15 +0000] "HEAD / HTTP/2" 500 3241 "https://social.example.org/post/123" "bingbot/2.0; +http://www.bing.com/bingbot.htm"
10.0.0.10 - - [18/Aug/2025:18:22:58 +0000] "HEAD /api/v1/items HTTP/2" 200 1773 "-" "curl/7.88.1"
203.0.113.9 - - [18/Aug/2025:15:01:57 +0000] "POST /index.html HTTP/2" 304 - "https://example.com/" "Mozilla/5.0 (X11; Linux x86_64) Gecko/20100101 Firefox/116.0"
192.168.1.8 - - [18/Aug/2025:15:14:10 +0000] "GET /search?q=hive HTTP/2" 304 - "-" "Mozilla/5.0 (X11; Linux x86_64) Gecko/20100101 Firefox/116.0"
192.168.1.26 - - [18/Aug/2025:23:14:36 +0000] "POST /checkout HTTP/1.1" 200 2905 "https://example.com/" "bingbot/2.0; +http://www.bing.com/bingbot.htm"
10.0.0.10 - - [18/Aug/2025:04:44:22 +0000] "HEAD /cart HTTP/1.1" 302 4741 "https://example.com/" "Mozilla/5.0 (Macintosh; Intel Mac OS X 10_15_7) AppleWebKit/605.1.15 Version/15.5 Safari/605.1.15"
192.168.1.16 - - [18/Aug/2025:13:05:03 +0000] "HEAD /search?q=hive HTTP/1.1" 304 - "https://social.example.org/post/123" "Mozilla/5.0 (Windows NT 10.0; Win64; x64) AppleWebKit/537.36 Chrome/118.0 Safari/537.36"
192.168.1.10 - - [18/Aug/2025:10:39:12 +0000] "POST /checkout HTTP/2" 200 479 "https://www.google.com/" "bingbot/2.0; +http://www.bing.com/bingbot.htm"
192.168.1.9 - - [18/Aug/2025:17:09:49 +0000] "HEAD /api/v1/items/42 HTTP/1.1" 200 3540 "https://news.ycombinator.com/" "Mozilla/5.0 (Windows NT 10.0; Win64; x64) AppleWebKit/537.36 Chrome/118.0 Safari/537.36"
192.168.1.12 - - [18/Aug/2025:10:20:08 +0000] "HEAD /login HTTP/2" 404 2899 "https://www.google.com/" "python-requests/2.31.0"
10.0.0.13 - - [18/Aug/2025:21:44:56 +0000] "POST /search?q=hive HTTP/1.1" 301 2813 "https://example.com/" "Mozilla/5.0 (Macintosh; Intel Mac OS X 10_15_7) AppleWebKit/605.1.15 Version/15.5 Safari/605.1.15"
10.0.0.10 - - [18/Aug/2025:08:00:44 +0000] "POST /nonexistent HTTP/1.1" 404 2109 "https://news.ycombinator.com/" "Mozilla/5.0 (Windows NT 10.0; Win64; x64) AppleWebKit/537.36 Chrome/118.0 Safari/537.36"
203.0.113.7 - - [18/Aug/2025:20:09:21 +0000] "GET /search?q=hive HTTP/2" 200 1675 "-" "Mozilla/5.0 (X11; Linux x86_64) Gecko/20100101 Firefox/116.0"
192.168.1.23 - - [18/Aug/2025:17:40:46 +0000] "POST / HTTP/2" 200 2344 "-" "curl/7.88.1"
192.168.1.2 - - [18/Aug/2025:09:06:46 +0000] "GET /admin HTTP/2" 404 1662 "https://social.example.org/post/123" "Googlebot/2.1 (+http://www.google.com/bot.html)"
192.168.1.26 - - [18/Aug/2025:19:22:34 +0000] "GET /robots.txt HTTP/1.1" 200 3996 "-" "Mozilla/5.0 (X11; Linux x86_64) Gecko/20100101 Firefox/116.0"
192.168.1.22 - - [18/Aug/2025:19:18:01 +0000] "POST /products?id=100 HTTP/1.1" 200 1693 "https://social.example.org/post/123" "Mozilla/5.0 (Macintosh; Intel Mac OS X 10_15_7) AppleWebKit/605.1.15 Version/15.5 Safari/605.1.15"
192.168.1.7 - - [18/Aug/2025:17:35:57 +0000] "POST /promo/summer HTTP/2" 500 553 "https://social.example.org/post/123" "python-requests/2.31.0"
192.168.1.12 - - [18/Aug/2025:08:56:27 +0000] "GET /products?id=100 HTTP/2" 200 1856 "https://social.example.org/post/123" "python-requests/2.31.0"
10.0.0.8 - - [18/Aug/2025:14:59:46 +0000] "POST /css/site.css HTTP/2" 200 1085 "-" "Googlebot/2.1 (+http://www.google.com/bot.html)"
192.168.1.11 - - [18/Aug/2025:14:53:31 +0000] "GET /api/v1/items/42 HTTP/1.1" 301 1017 "https://example.com/" "Mozilla/5.0 (X11; Linux x86_64) Gecko/20100101 Firefox/116.0"
192.168.1.14 - - [18/Aug/2025:16:38:30 +0000] "GET / HTTP/1.1" 200 2690 "-" "Googlebot/2.1 (+http://www.google.com/bot.html)"
192.168.1.27 - - [18/Aug/2025:19:19:50 +0000] "POST /robots.txt HTTP/2" 200 4757 "https://social.example.org/post/123" "Mozilla/5.0 (Macintosh; Intel Mac OS X 10_15_7) AppleWebKit/605.1.15 Version/15.5 Safari/605.1.15"
192.168.1.13 - - [18/Aug/2025:11:24:23 +0000] "POST /index.html HTTP/2" 302 4109 "https://example.com/" "Mozilla/5.0 (Macintosh; Intel Mac OS X 10_15_7) AppleWebKit/605.1.15 Version/15.5 Safari/605.1.15"
192.168.1.11 - - [18/Aug/2025:19:36:03 +0000] "HEAD /products?id=100 HTTP/1.1" 404 3116 "https://news.ycombinator.com/" "Googlebot/2.1 (+http://www.google.com/bot.html)"
10.0.0.9 - - [18/Aug/2025:22:37:14 +0000] "GET /admin HTTP/2" 404 4991 "https://www.google.com/" "Googlebot/2.1 (+http://www.google.com/bot.html)"
203.0.113.5 - - [18/Aug/2025:10:25:57 +0000] "GET /sitemap.xml HTTP/1.1" 200 3978 "https://www.google.com/" "Mozilla/5.0 (Macintosh; Intel Mac OS X 10_15_7) AppleWebKit/605.1.15 Version/15.5 Safari/605.1.15"
192.168.1.10 - - [18/Aug/2025:22:51:12 +0000] "GET /login HTTP/1.1" 404 3866 "https://www.google.com/" "Mozilla/5.0 (X11; Linux x86_64) Gecko/20100101 Firefox/116.0"
192.168.1.18 - - [18/Aug/2025:15:53:38 +0000] "POST /products HTTP/1.1" 301 4857 "https://social.example.org/post/123" "bingbot/2.0; +http://www.bing.com/bingbot.htm"
10.0.0.3 - - [18/Aug/2025:10:17:33 +0000] "GET /promo/summer HTTP/2" 200 3695 "https://www.google.com/" "Mozilla/5.0 (Macintosh; Intel Mac OS X 10_15_7) AppleWebKit/605.1.15 Version/15.5 Safari/605.1.15"
192.168.1.8 - - [18/Aug/2025:14:37:48 +0000] "GET /nonexistent HTTP/1.1" 404 3666 "https://example.com/" "Googlebot/2.1 (+http://www.google.com/bot.html)"
10.0.0.4 - - [18/Aug/2025:16:36:38 +0000] "GET /checkout HTTP/2" 301 1478 "https://news.ycombinator.com/" "bingbot/2.0; +http://www.bing.com/bingbot.htm"
192.168.1.27 - - [18/Aug/2025:16:25:02 +0000] "POST /search?q=hive HTTP/1.1" 500 4192 "https://example.com/" "curl/7.88.1"
192.168.1.21 - - [18/Aug/2025:03:52:50 +0000] "POST /images/logo.png HTTP/2" 500 1104 "https://www.google.com/" "Mozilla/5.0 (Macintosh; Intel Mac OS X 10_15_7) AppleWebKit/605.1.15 Version/15.5 Safari/605.1.15"
203.0.113.9 - - [18/Aug/2025:10:47:28 +0000] "POST /images/logo.png HTTP/2" 404 1031 "https://www.google.com/" "Googlebot/2.1 (+http://www.google.com/bot.html)"
203.0.113.7 - - [18/Aug/2025:09:52:26 +0000] "POST /sitemap.xml HTTP/2" 200 4521 "https://www.google.com/" "Mozilla/5.0 (Windows NT 10.0; Win64; x64) AppleWebKit/537.36 Chrome/118.0 Safari/537.36"
192.168.1.10 - - [18/Aug/2025:10:32:25 +0000] "HEAD /nonexistent HTTP/1.1" 404 1944 "-" "Mozilla/5.0 (Macintosh; Intel Mac OS X 10_15_7) AppleWebKit/605.1.15 Version/15.5 Safari/605.1.15"
192.168.1.25 - - [18/Aug/2025:04:03:58 +0000] "HEAD /search?q=hadoop HTTP/2" 200 4102 "https://news.ycombinator.com/" "Googlebot/2.1 (+http://www.google.com/bot.html)"
192.168.1.3 - - [18/Aug/2025:16:07:43 +0000] "GET /api/v1/items/42 HTTP/2" 404 3954 "https://www.google.com/" "Mozilla/5.0 (X11; Linux x86_64) Gecko/20100101 Firefox/116.0"
192.168.1.24 - - [18/Aug/2025:12:35:22 +0000] "GET /images/logo.png HTTP/1.1" 200 524 "https://social.example.org/post/123" "Mozilla/5.0 (Windows NT 10.0; Win64; x64) AppleWebKit/537.36 Chrome/118.0 Safari/537.36"
192.168.1.15 - - [18/Aug/2025:08:36:49 +0000] "GET /search?q=hive HTTP/1.1" 200 3654 "https://news.ycombinator.com/" "Mozilla/5.0 (Windows NT 10.0; Win64; x64) AppleWebKit/537.36 Chrome/118.0 Safari/537.36"
192.168.1.2 - - [18/Aug/2025:19:49:43 +0000] "POST /cart HTTP/1.1" 404 369 "https://www.google.com/" "curl/7.88.1"
203.0.113.5 - - [18/Aug/2025:15:19:45 +0000] "HEAD /images/logo.png HTTP/2" 301 3156 "https://social.example.org/post/123" "curl/7.88.1"
10.0.0.7 - - [18/Aug/2025:09:19:43 +0000] "HEAD /admin HTTP/1.1" 200 4490 "https://example.com/" "bingbot/2.0; +http://www.bing.com/bingbot.htm"
192.168.1.21 - - [18/Aug/2025:16:38:18 +0000] "HEAD /products?id=100 HTTP/2" 200 3054 "https://example.com/" "python-requests/2.31.0"
203.0.113.1 - - [18/Aug/2025:10:17:16 +0000] "HEAD /css/site.css HTTP/1.1" 200 4537 "https://www.google.com/" "Mozilla/5.0 (Windows NT 10.0; Win64; x64) AppleWebKit/537.36 Chrome/118.0 Safari/537.36"
10.0.0.12 - - [18/Aug/2025:18:51:51 +0000] "POST /api/v1/items HTTP/1.1" 500 508 "https://social.example.org/post/123" "curl/7.88.1"
192.168.1.26 - - [18/Aug/2025:09:26:25 +0000] "HEAD /index.html HTTP/1.1" 200 2121 "https://news.ycombinator.com/" "python-requests/2.31.0"
192.168.1.24 - - [18/Aug/2025:18:58:42 +0000] "HEAD /css/site.css HTTP/1.1" 404 4873 "https://www.google.com/" "curl/7.88.1"
192.168.1.18 - - [18/Aug/2025:07:08:47 +0000] "HEAD /docs/guide.pdf HTTP/1.1" 404 3049 "-" "Mozilla/5.0 (Macintosh; Intel Mac OS X 10_15_7) AppleWebKit/605.1.15 Version/15.5 Safari/605.1.15"
192.168.1.21 - - [18/Aug/2025:11:47:55 +0000] "POST /api/v1/items HTTP/2" 200 2708 "https://social.example.org/post/123" "Mozilla/5.0 (X11; Linux x86_64) Gecko/20100101 Firefox/116.0"
10.0.0.14 - - [18/Aug/2025:07:03:55 +0000] "HEAD /nonexistent HTTP/1.1" 404 4399 "-" "Mozilla/5.0 (X11; Linux x86_64) Gecko/20100101 Firefox/116.0"
192.168.1.28 - - [18/Aug/2025:16:33:19 +0000] "GET /cart HTTP/1.1" 200 3107 "https://social.example.org/post/123" "bingbot/2.0; +http://www.bing.com/bingbot.htm"
192.168.1.22 - - [18/Aug/2025:20:29:09 +0000] "HEAD /checkout HTTP/1.1" 302 3024 "https://www.google.com/" "curl/7.88.1"
192.168.1.19 - - [18/Aug/2025:16:00:28 +0000] "GET /checkout HTTP/1.1" 302 1021 "https://www.google.com/" "bingbot/2.0; +http://www.bing.com/bingbot.htm"
192.168.1.29 - - [18/Aug/2025:12:27:25 +0000] "POST /admin HTTP/1.1" 403 3356 "-" "curl/7.88.1"
192.168.1.3 - - [18/Aug/2025:18:33:12 +0000] "HEAD / HTTP/1.1" 200 3120 "https://example.com/" "Mozilla/5.0 (Macintosh; Intel Mac OS X 10_15_7) AppleWebKit/605.1.15 Version/15.5 Safari/605.1.15"
192.168.1.21 - - [18/Aug/2025:07:32:37 +0000] "GET /products HTTP/1.1" 200 2682 "https://social.example.org/post/123" "python-requests/2.31.0"
192.168.1.29 - - [18/Aug/2025:13:33:21 +0000] "HEAD /cart HTTP/2" 302 3242 "https://www.google.com/" "Mozilla/5.0 (Macintosh; Intel Mac OS X 10_15_7) AppleWebKit/605.1.15 Version/15.5 Safari/605.1.15"
192.168.1.27 - - [18/Aug/2025:21:58:51 +0000] "GET /search?q=hive HTTP/1.1" 500 1374 "https://www.google.com/" "python-requests/2.31.0"
192.168.1.9 - - [18/Aug/2025:03:32:10 +0000] "POST /index.html HTTP/2" 404 2395 "https://news.ycombinator.com/" "bingbot/2.0; +http://www.bing.com/bingbot.htm"
192.168.1.8 - - [18/Aug/2025:05:03:42 +0000] "HEAD / HTTP/1.1" 500 1248 "https://social.example.org/post/123" "Googlebot/2.1 (+http://www.google.com/bot.html)"
10.0.0.4 - - [18/Aug/2025:11:35:16 +0000] "HEAD /cart HTTP/1.1" 500 376 "https://example.com/" "Googlebot/2.1 (+http://www.google.com/bot.html)"
192.168.1.19 - - [18/Aug/2025:16:42:33 +0000] "HEAD /promo/summer HTTP/1.1" 301 1159 "https://news.ycombinator.com/" "python-requests/2.31.0"
192.168.1.8 - - [18/Aug/2025:15:18:07 +0000] "POST /search?q=hadoop HTTP/1.1" 200 4585 "https://www.google.com/" "curl/7.88.1"
192.168.1.4 - - [18/Aug/2025:17:18:10 +0000] "HEAD /robots.txt HTTP/1.1" 500 4237 "https://example.com/" "Mozilla/5.0 (Macintosh; Intel Mac OS X 10_15_7) AppleWebKit/605.1.15 Version/15.5 Safari/605.1.15"
192.168.1.9 - - [18/Aug/2025:00:42:05 +0000] "HEAD /robots.txt HTTP/1.1" 200 4491 "-" "python-requests/2.31.0"
203.0.113.1 - - [18/Aug/2025:17:57:16 +0000] "GET /logout HTTP/2" 200 4103 "-" "Mozilla/5.0 (Windows NT 10.0; Win64; x64) AppleWebKit/537.36 Chrome/118.0 Safari/537.36"
192.168.1.20 - - [18/Aug/2025:18:55:02 +0000] "POST /api/v1/items HTTP/2" 500 1249 "-" "Mozilla/5.0 (X11; Linux x86_64) Gecko/20100101 Firefox/116.0"
192.168.1.10 - - [18/Aug/2025:18:02:00 +0000] "HEAD /checkout HTTP/2" 200 3885 "https://news.ycombinator.com/" "curl/7.88.1"
192.168.1.23 - - [18/Aug/2025:19:05:23 +0000] "GET /products?id=100 HTTP/2" 301 4039 "https://example.com/" "Mozilla/5.0 (X11; Linux x86_64) Gecko/20100101 Firefox/116.0"
192.168.1.28 - - [18/Aug/2025:11:54:30 +0000] "HEAD /checkout HTTP/1.1" 200 780 "https://www.google.com/" "Mozilla/5.0 (Windows NT 10.0; Win64; x64) AppleWebKit/537.36 Chrome/118.0 Safari/537.36"
10.0.0.10 - - [18/Aug/2025:11:37:30 +0000] "HEAD /logout HTTP/1.1" 404 3410 "https://example.com/" "bingbot/2.0; +http://www.bing.com/bingbot.htm"
203.0.113.6 - - [18/Aug/2025:04:43:56 +0000] "GET /robots.txt HTTP/2" 200 3669 "https://social.example.org/post/123" "Mozilla/5.0 (Windows NT 10.0; Win64; x64) AppleWebKit/537.36 Chrome/118.0 Safari/537.36"
192.168.1.2 - - [18/Aug/2025:06:41:20 +0000] "HEAD /sitemap.xml HTTP/1.1" 404 3071 "https://news.ycombinator.com/" "bingbot/2.0; +http://www.bing.com/bingbot.htm"
192.168.1.29 - - [18/Aug/2025:16:39:06 +0000] "HEAD /search?q=hive HTTP/2" 200 3452 "https://www.google.com/" "Mozilla/5.0 (X11; Linux x86_64) Gecko/20100101 Firefox/116.0"
192.168.1.5 - - [18/Aug/2025:19:57:39 +0000] "GET /checkout HTTP/2" 302 1654 "-" "Mozilla/5.0 (X11; Linux x86_64) Gecko/20100101 Firefox/116.0"
192.168.1.19 - - [18/Aug/2025:13:15:21 +0000] "GET /sitemap.xml HTTP/1.1" 304 - "https://social.example.org/post/123" "Googlebot/2.1 (+http://www.google.com/bot.html)"
10.0.0.2 - - [18/Aug/2025:18:05:29 +0000] "HEAD /logout HTTP/1.1" 302 3962 "https://example.com/" "Mozilla/5.0 (Windows NT 10.0; Win64; x64) AppleWebKit/537.36 Chrome/118.0 Safari/537.36"
192.168.1.3 - - [18/Aug/2025:22:47:41 +0000] "GET /admin HTTP/2" 401 1044 "https://news.ycombinator.com/" "bingbot/2.0; +http://www.bing.com/bingbot.htm"
10.0.0.9 - - [18/Aug/2025:16:56:32 +0000] "GET /logout HTTP/2" 200 744 "https://www.google.com/" "Mozilla/5.0 (X11; Linux x86_64) Gecko/20100101 Firefox/116.0"
10.0.0.13 - - [18/Aug/2025:12:35:49 +0000] "HEAD /robots.txt HTTP/2" 500 4007 "-" "Mozilla/5.0 (Windows NT 10.0; Win64; x64) AppleWebKit/537.36 Chrome/118.0 Safari/537.36"
192.168.1.23 - - [18/Aug/2025:18:14:00 +0000] "POST /css/site.css HTTP/2" 500 1170 "-" "Mozilla/5.0 (Macintosh; Intel Mac OS X 10_15_7) AppleWebKit/605.1.15 Version/15.5 Safari/605.1.15"
203.0.113.7 - - [18/Aug/2025:13:52:45 +0000] "HEAD /login HTTP/1.1" 200 1904 "https://www.google.com/" "Mozilla/5.0 (Windows NT 10.0; Win64; x64) AppleWebKit/537.36 Chrome/118.0 Safari/537.36"
10.0.0.3 - - [18/Aug/2025:20:25:13 +0000] "GET /api/v1/items HTTP/1.1" 301 680 "https://news.ycombinator.com/" "Mozilla/5.0 (Windows NT 10.0; Win64; x64) AppleWebKit/537.36 Chrome/118.0 Safari/537.36"
203.0.113.2 - - [18/Aug/2025:18:28:29 +0000] "HEAD /sitemap.xml HTTP/1.1" 302 335 "https://news.ycombinator.com/" "python-requests/2.31.0"
10.0.0.11 - - [18/Aug/2025:05:59:27 +0000] "POST /sitemap.xml HTTP/1.1" 500 1722 "https://www.google.com/" "Mozilla/5.0 (Windows NT 10.0; Win64; x64) AppleWebKit/537.36 Chrome/118.0 Safari/537.36"
192.168.1.22 - - [18/Aug/2025:11:38:38 +0000] "HEAD /admin HTTP/2" 404 2333 "https://example.com/" "Googlebot/2.1 (+http://www.google.com/bot.html)"
192.168.1.10 - - [18/Aug/2025:21:18:28 +0000] "GET /login HTTP/2" 500 4787 "https://example.com/" "python-requests/2.31.0"
192.168.1.15 - - [18/Aug/2025:17:35:40 +0000] "GET /search?q=hadoop HTTP/2" 404 3128 "https://www.google.com/" "python-requests/2.31.0"
10.0.0.8 - - [18/Aug/2025:16:11:32 +0000] "HEAD /api/v1/items HTTP/1.1" 200 4906 "https://social.example.org/post/123" "bingbot/2.0; +http://www.bing.com/bingbot.htm"
192.168.1.28 - - [18/Aug/2025:14:42:45 +0000] "HEAD /docs/guide.pdf HTTP/2" 301 404 "https://news.ycombinator.com/" "Mozilla/5.0 (Windows NT 10.0; Win64; x64) AppleWebKit/537.36 Chrome/118.0 Safari/537.36"
203.0.113.2 - - [18/Aug/2025:04:09:03 +0000] "GET /search?q=hadoop HTTP/2" 200 2647 "https://example.com/" "Mozilla/5.0 (Macintosh; Intel Mac OS X 10_15_7) AppleWebKit/605.1.15 Version/15.5 Safari/605.1.15"
192.168.1.20 - - [18/Aug/2025:19:44:50 +0000] "GET /docs/guide.pdf HTTP/1.1" 200 4007 "-" "bingbot/2.0; +http://www.bing.com/bingbot.htm"
192.168.1.16 - - [18/Aug/2025:19:47:35 +0000] "HEAD /docs/guide.pdf HTTP/2" 200 4485 "https://example.com/" "python-requests/2.31.0"
192.168.1.26 - - [18/Aug/2025:16:59:24 +0000] "POST /api/v1/items HTTP/1.1" 200 2358 "https://www.google.com/" "bingbot/2.0; +http://www.bing.com/bingbot.htm"
10.0.0.2 - - [18/Aug/2025:19:55:55 +0000] "GET /api/v1/items/42 HTTP/1.1" 500 1885 "https://example.com/" "Googlebot/2.1 (+http://www.google.com/bot.html)"
192.168.1.13 - - [18/Aug/2025:08:43:04 +0000] "GET /sitemap.xml HTTP/1.1" 301 632 "https://social.example.org/post/123" "curl/7.88.1"
10.0.0.11 - - [18/Aug/2025:14:08:10 +0000] "POST / HTTP/2" 302 1568 "-" "Mozilla/5.0 (Macintosh; Intel Mac OS X 10_15_7) AppleWebKit/605.1.15 Version/15.5 Safari/605.1.15"
203.0.113.9 - - [18/Aug/2025:20:38:03 +0000] "HEAD /promo/summer HTTP/2" 302 4991 "https://news.ycombinator.com/" "curl/7.88.1"
10.0.0.7 - - [18/Aug/2025:06:45:20 +0000] "GET /checkout HTTP/1.1" 304 - "https://www.google.com/" "Googlebot/2.1 (+http://www.google.com/bot.html)"
192.168.1.24 - - [18/Aug/2025:14:25:05 +0000] "GET /search?q=hadoop HTTP/2" 200 3255 "https://example.com/" "Mozilla/5.0 (Macintosh; Intel Mac OS X 10_15_7) AppleWebKit/605.1.15 Version/15.5 Safari/605.1.15"
10.0.0.4 - - [18/Aug/2025:21:39:33 +0000] "HEAD / HTTP/1.1" 404 3134 "https://social.example.org/post/123" "Mozilla/5.0 (Macintosh; Intel Mac OS X 10_15_7) AppleWebKit/605.1.15 Version/15.5 Safari/605.1.15"
10.0.0.13 - - [18/Aug/2025:20:39:58 +0000] "GET /index.html HTTP/2" 301 1228 "https://social.example.org/post/123" "curl/7.88.1"
10.0.0.7 - - [18/Aug/2025:14:18:01 +0000] "POST /sitemap.xml HTTP/2" 302 659 "https://example.com/" "python-requests/2.31.0"
192.168.1.8 - - [18/Aug/2025:08:32:05 +0000] "GET /docs/guide.pdf HTTP/1.1" 404 836 "https://www.google.com/" "python-requests/2.31.0"
203.0.113.3 - - [18/Aug/2025:15:13:55 +0000] "POST /products?id=100 HTTP/1.1" 304 - "https://social.example.org/post/123" "python-requests/2.31.0"
203.0.113.3 - - [18/Aug/2025:18:04:47 +0000] "GET / HTTP/2" 500 3017 "-" "Mozilla/5.0 (Windows NT 10.0; Win64; x64) AppleWebKit/537.36 Chrome/118.0 Safari/537.36"
192.168.1.18 - - [18/Aug/2025:06:11:50 +0000] "HEAD /products HTTP/1.1" 200 3639 "https://social.example.org/post/123" "Googlebot/2.1 (+http://www.google.com/bot.html)"
192.168.1.3 - - [18/Aug/2025:15:27:20 +0000] "POST /products?id=100 HTTP/1.1" 404 818 "https://news.ycombinator.com/" "Mozilla/5.0 (Windows NT 10.0; Win64; x64) AppleWebKit/537.36 Chrome/118.0 Safari/537.36"
10.0.0.6 - - [18/Aug/2025:17:04:22 +0000] "GET /css/site.css HTTP/2" 404 1008 "https://example.com/" "Mozilla/5.0 (X11; Linux x86_64) Gecko/20100101 Firefox/116.0"
203.0.113.2 - - [18/Aug/2025:20:24:25 +0000] "GET /robots.txt HTTP/1.1" 304 - "https://www.google.com/" "Mozilla/5.0 (Macintosh; Intel Mac OS X 10_15_7) AppleWebKit/605.1.15 Version/15.5 Safari/605.1.15"
10.0.0.8 - - [18/Aug/2025:17:50:51 +0000] "POST /cart HTTP/2" 404 3356 "-" "bingbot/2.0; +http://www.bing.com/bingbot.htm"
192.168.1.4 - - [18/Aug/2025:19:09:07 +0000] "GET /nonexistent HTTP/2" 404 2796 "https://www.google.com/" "python-requests/2.31.0"
192.168.1.15 - - [18/Aug/2025:17:46:22 +0000] "POST /sitemap.xml HTTP/1.1" 200 1807 "https://www.google.com/" "bingbot/2.0; +http://www.bing.com/bingbot.htm"
192.168.1.13 - - [18/Aug/2025:19:12:07 +0000] "HEAD /nonexistent HTTP/1.1" 200 4802 "-" "curl/7.88.1"
192.168.1.14 - - [18/Aug/2025:16:16:06 +0000] "HEAD /nonexistent HTTP/2" 404 1350 "https://www.google.com/" "Mozilla/5.0 (Windows NT 10.0; Win64; x64) AppleWebKit/537.36 Chrome/118.0 Safari/537.36"
192.168.1.14 - - [18/Aug/2025:10:04:57 +0000] "POST /robots.txt HTTP/2" 200 2804 "https://news.ycombinator.com/" "Mozilla/5.0 (Macintosh; Intel Mac OS X 10_15_7) AppleWebKit/605.1.15 Version/15.5 Safari/605.1.15"
192.168.1.22 - - [18/Aug/2025:14:23:51 +0000] "POST /checkout HTTP/1.1" 200 2316 "https://www.google.com/" "python-requests/2.31.0"
192.168.1.25 - - [18/Aug/2025:17:27:17 +0000] "GET /api/v1/items HTTP/2" 302 3948 "https://example.com/" "Mozilla/5.0 (X11; Linux x86_64) Gecko/20100101 Firefox/116.0"
192.168.1.13 - - [18/Aug/2025:10:35:06 +0000] "HEAD /promo/summer HTTP/1.1" 200 1446 "https://news.ycombinator.com/" "Mozilla/5.0 (Macintosh; Intel Mac OS X 10_15_7) AppleWebKit/605.1.15 Version/15.5 Safari/605.1.15"
192.168.1.6 - - [18/Aug/2025:09:56:40 +0000] "HEAD /products HTTP/1.1" 304 - "-" "Mozilla/5.0 (X11; Linux x86_64) Gecko/20100101 Firefox/116.0"
10.0.0.11 - - [18/Aug/2025:14:25:49 +0000] "GET /index.html HTTP/2" 304 - "https://news.ycombinator.com/" "Googlebot/2.1 (+http://www.google.com/bot.html)"
192.168.1.27 - - [18/Aug/2025:16:09:23 +0000] "GET /nonexistent HTTP/2" 200 4405 "https://news.ycombinator.com/" "Mozilla/5.0 (Windows NT 10.0; Win64; x64) AppleWebKit/537.36 Chrome/118.0 Safari/537.36"
203.0.113.2 - - [18/Aug/2025:11:32:00 +0000] "GET /promo/summer HTTP/1.1" 304 - "https://www.google.com/" "Googlebot/2.1 (+http://www.google.com/bot.html)"
203.0.113.2 - - [18/Aug/2025:08:36:36 +0000] "GET /robots.txt HTTP/2" 200 2092 "https://social.example.org/post/123" "Mozilla/5.0 (Macintosh; Intel Mac OS X 10_15_7) AppleWebKit/605.1.15 Version/15.5 Safari/605.1.15"
192.168.1.4 - - [18/Aug/2025:06:23:14 +0000] "HEAD /search?q=hadoop HTTP/2" 301 4147 "https://social.example.org/post/123" "Mozilla/5.0 (Windows NT 10.0; Win64; x64) AppleWebKit/537.36 Chrome/118.0 Safari/537.36"
192.168.1.8 - - [18/Aug/2025:05:41:20 +0000] "HEAD /sitemap.xml HTTP/2" 500 2457 "https://news.ycombinator.com/" "bingbot/2.0; +http://www.bing.com/bingbot.htm"
192.168.1.26 - - [18/Aug/2025:14:24:41 +0000] "POST /nonexistent HTTP/1.1" 404 3382 "https://www.google.com/" "bingbot/2.0; +http://www.bing.com/bingbot.htm"
192.168.1.24 - - [18/Aug/2025:11:52:55 +0000] "POST /robots.txt HTTP/1.1" 304 - "https://www.google.com/" "Googlebot/2.1 (+http://www.google.com/bot.html)"
203.0.113.1 - - [18/Aug/2025:08:04:32 +0000] "POST /search?q=hadoop HTTP/1.1" 200 1589 "https://example.com/" "bingbot/2.0; +http://www.bing.com/bingbot.htm"
