192.168.1.16 - - [18/Aug/2025:17:07:42 +0000] "POST /api/v1/items HTTP/1.1" 302 4222 "https://social.example.org/post/123" "Mozilla/5.0 (Macintosh; Intel Mac OS X 10_15_7) AppleWebKit/605.1.15 Version/15.5 Safari/605.1.15"
192.168.1.28 - - [18/Aug/2025:15:41:53 +0000] "GET /search?q=hive HTTP/1.1" 200 4998 "https://news.ycombinator.com/" "Mozilla/5.0 (Macintosh; Intel Mac OS X 10_15_7) AppleWebKit/605.1.15 Version/15.5 Safari/605.1.15"
10.0.0.10 - - [18/Aug/2025:07:32:02 +0000] "GET /index.html HTTP/1.1" 200 1774 "https://news.ycombinator.com/" "Googlebot/2.1 (+http://www.google.com/bot.html)"
192.168.1.3 - - [18/Aug/2025:15:36:40 +0000] "HEAD /css/site.css HTTP/1.1" 200 3979 "https://news.ycombinator.com/" "Googlebot/2.1 (+http://www.google.com/bot.html)"
192.168.1.28 - - [18/Aug/2025:19:10:14 +0000] "HEAD /cart HTTP/1.1" 404 4484 "https://example.com/" "Mozilla/5.0 (Macintosh; Intel Mac OS X 10_15_7) AppleWebKit/605.1.15 Version/15.5 Safari/605.1.15"
10.0.0.3 - - [18/Aug/2025:17:21:59 +0000] "HEAD /nonexistent HTTP/1.1" 200 3457 "https://www.google.com/" "Mozilla/5.0 (Windows NT 10.0; Win64; x64) AppleWebKit/537.36 Chrome/118.0 Safari/537.36"
10.0.0.6 - - [18/Aug/2025:02:33:55 +0000] "HEAD /login HTTP/1.1" 404 1088 "https://www.google.com/" "Googlebot/2.1 (+http://www.google.com/bot.html)"
10.0.0.8 - - [18/Aug/2025:20:38:02 +0000] "HEAD /products?id=100 HTTP/1.1" 302 1367 "https://news.ycombinator.com/" "bingbot/2.0; +http://www.bing.com/bingbot.htm"
203.0.113.3 - - [18/Aug/2025:19:57:49 +0000] "HEAD /login HTTP/2" 200 655 "https://news.ycombinator.com/" "Googlebot/2.1 (+http://www.google.com/bot.html)"
203.0.113.9 - - [18/Aug/2025:09:51:30 +0000] "POST /api/v1/items/42 HTTP/1.1" 301 1396 "https://example.com/" "Googlebot/2.1 (+http://www.google.com/bot.html)"
192.168.1.7 - - [18/Aug/2025:18:58:54 +0000] "POST /promo/summer HTTP/2" 200 1848 "-" "python-requests/2.31.0"
10.0.0.7 - - [18/Aug/2025:17:00:36 +0000] "GET /sitemap.xml HTTP/1.1" 301 1982 "https://example.com/" "Googlebot/2.1 (+http://www.google.com/bot.html)"
203.0.113.1 - - [18/Aug/2025:11:09:27 +0000] "HEAD /images/logo.png HTTP/2" 304 - "https://social.example.org/post/123" "bingbot/2.0; +http://www.bing.com/bingbot.htm"
192.168.1.27 - - [18/Aug/2025:11:17:43 +0000] "GET /login HTTP/2" 200 3332 "https://news.ycombinator.com/" "bingbot/2.0; +http://www.bing.com/bingbot.htm"
192.168.1.24 - - [18/Aug/2025:13:19:36 +0000] "HEAD /admin HTTP/1.1" 404 1275 "https://www.google.com/" "Googlebot/2.1 (+http://www.google.com/bot.html)"
192.168.1.15 - - [18/Aug/2025:18:10:06 +0000] "HEAD /admin HTTP/2" 304 - "https://news.ycombinator.com/" "python-requests/2.31.0"
192.168.1.26 - - [18/Aug/2025:16:03:10 +0000] "HEAD / HTTP/1.1" 200 4163 "https://news.ycombinator.com/" "Googlebot/2.1 (+http://www.google.com/bot.html)"
192.168.1.25 - - [18/Aug/2025:07:16:14 +0000] "GET /promo/summer HTTP/1.1" 500 3448 "https://social.example.org/post/123" "bingbot/2.0; +http://www.bing.com/bingbot.htm"
10.0.0.12 - - [18/Aug/2025:16:18:45 +0000] "GET /checkout HTTP/2" 302 387 "https://www.google.com/" "Mozilla/5.0 (X11; Linux x86_64) Gecko/20100101 Firefox/116.0"
192.168.1.20 - - [18/Aug/2025:16:51:33 +0000] "GET /index.html HTTP/1.1" 404 1688 "-" "curl/7.88.1"
192.168.1.7 - - [18/Aug/2025:09:00:10 +0000] "POST /admin HTTP/2" 404 3621 "https://news.ycombinator.com/" "Mozilla/5.0 (Macintosh; Intel Mac OS X 10_15_7) AppleWebKit/605.1.15 Version/15.5 Safari/605.1.15"
192.168.1.6 - - [18/Aug/2025:13:47:45 +0000] "GET /docs/guide.pdf HTTP/2" 500 4880 "https://news.ycombinator.com/" "curl/7.88.1"
192.168.1.16 - - [18/Aug/2025:10:52:17 +0000] "HEAD /search?q=hadoop HTTP/2" 301 338 "https://example.com/" "Mozilla/5.0 (Macintosh; Intel Mac OS X 10_15_7) AppleWebKit/605.1.15 Version/15.5 Safari/605.1.15"
192.168.1.6 - - [18/Aug/2025:11:06:35 +0000] "HEAD /css/site.css HTTP/2" 200 4504 "https://example.com/" "bingbot/2.0; +http://www.bing.com/bingbot.htm"
203.0.113.4 - - [18/Aug/2025:18:36:16 +0000] "POST /admin HTTP/2" 200 4058 "https://social.example.org/post/123" "bingbot/2.0; +http://www.bing.com/bingbot.htm"
192.168.1.18 - - [18/Aug/2025:19:30:07 +0000] "GET /admin HTTP/1.1" 403 2886 "https://social.example.org/post/123" "curl/7.88.1"
192.168.1.18 - - [18/Aug/2025:13:00:44 +0000] "GET /css/site.css HTTP/1.1" 301 3101 "-" "bingbot/2.0; +http://www.bing.com/bingbot.htm"
192.168.1.24 - - [18/Aug/2025:20:30:20 +0000] "GET /nonexistent HTTP/2" 404 4387 "https://www.google.com/" "Mozilla/5.0 (Macintosh; Intel Mac OS X 10_15_7) AppleWebKit/605.1.15 Version/15.5 Safari/605.1.15"
192.168.1.15 - - [18/Aug/2025:17:55:16 +0000] "GET /search?q=hadoop HTTP/1.1" 404 3216 "https://www.google.com/" "Mozilla/5.0 (X11; Linux x86_64) Gecko/20100101 Firefox/116.0"
203.0.113.3 - - [18/Aug/2025:07:58:05 +0000] "HEAD /robots.txt HTTP/1.1" 304 - "-" "Mozilla/5.0 (X11; Linux x86_64) Gecko/20100101 Firefox/116.0"
10.0.0.5 - - [18/Aug/2025:13:39:20 +0000] "HEAD /images/logo.png HTTP/2" 200 4487 "https://example.com/" "Googlebot/2.1 (+http://www.google.com/bot.html)"
192.168.1.5 - - [18/Aug/2025:09:36:08 +0000] "HEAD /login HTTP/2" 304 - "-" "bingbot/2.0; +http://www.bing.com/bingbot.htm"
203.0.113.9 - - [18/Aug/2025:10:55:43 +0000] "GET /logout HTTP/1.1" 500 4545 "https://social.example.org/post/123" "curl/7.88.1"
192.168.1.15 - - [18/Aug/2025:16:00:43 +0000] "POST /nonexistent HTTP/1.1" 404 2427 "https://www.google.com/" "bingbot/2.0; +http://www.bing.com/bingbot.htm"
10.0.0.13 - - [18/Aug/2025:09:17:30 +0000] "POST /api/v1/items/42 HTTP/1.1" 302 3772 "https://www.google.com/" "Googlebot/2.1 (+http://www.google.com/bot.html)"
192.168.1.27 - - [18/Aug/2025:17:23:23 +0000] "POST /logout HTTP/1.1" 404 1374 "https://news.ycombinator.com/" "python-requests/2.31.0"
192.168.1.19 - - [18/Aug/2025:09:06:46 +0000] "GET /docs/guide.pdf HTTP/2" 301 1906 "https://www.google.com/" "Mozilla/5.0 (X11; Linux x86_64) Gecko/20100101 Firefox/116.0"
192.168.1.2 - - [18/Aug/2025:21:09:30 +0000] "GET /login HTTP/2" 200 4535 "https://news.ycombinator.com/" "python-requests/2.31.0"
192.168.1.18 - - [18/Aug/2025:10:31:19 +0000] "HEAD /nonexistent HTTP/1.1" 404 1638 "-" "Mozilla/5.0 (Macintosh; Intel Mac OS X 10_15_7) AppleWebKit/605.1.15 Version/15.5 Safari/605.1.15"
10.0.0.14 - - [18/Aug/2025:18:30:53 +0000] "GET /logout HTTP/2" 200 3257 "https://example.com/" "bingbot/2.0; +http://www.bing.com/bingbot.htm"
192.168.1.24 - - [18/Aug/2025:14:51:16 +0000] "GET /login HTTP/1.1" 200 1929 "https://news.ycombinator.com/" "bingbot/2.0; +http://www.bing.com/bingbot.htm"
203.0.113.9 - - [18/Aug/2025:16:34:11 +0000] "POST /api/v1/items/42 HTTP/2" 404 4481 "https://social.example.org/post/123" "Mozilla/5.0 (X11; Linux x86_64) Gecko/20100101 Firefox/116.0"
192.168.1.26 - - [18/Aug/2025:17:56:05 +0000] "HEAD /css/site.css HTTP/2" 404 1486 "https://www.google.com/" "python-requests/2.31.0"
10.0.0.14 - - [18/Aug/2025:18:21:26 +0000] "HEAD /nonexistent HTTP/2" 404 1627 "https://example.com/" "Mozilla/5.0 (Macintosh; Intel Mac OS X 10_15_7) AppleWebKit/605.1.15 Version/15.5 Safari/605.1.15"
203.0.113.5 - - [18/Aug/2025:10:41:18 +0000] "POST /promo/summer HTTP/2" 200 3944 "https://example.com/" "python-requests/2.31.0"
192.168.1.12 - - [18/Aug/2025:15:28:26 +0000] "GET / HTTP/1.1" 500 2222 "https://example.com/" "python-requests/2.31.0"
192.168.1.12 - - [18/Aug/2025:17:05:13 +0000] "POST /products?id=100 HTTP/1.1" 200 4176 "https://news.ycombinator.com/" "Mozilla/5.0 (Windows NT 10.0; Win64; x64) AppleWebKit/537.36 Chrome/118.0 Safari/537.36"
203.0.113.8 - - [18/Aug/2025:04:25:33 +0000] "GET /products?id=100 HTTP/2" 404 1572 "-" "python-requests/2.31.0"
192.168.1.16 - - [18/Aug/2025:20:24:19 +0000] "GET /css/site.css HTTP/2" 404 1335 "https://www.google.com/" "bingbot/2.0; +http://www.bing.com/bingbot.htm"
203.0.113.2 - - [18/Aug/2025:19:01:02 +0000] "POST /api/v1/items HTTP/2" 302 4728 "https://example.com/" "bingbot/2.0; +http://www.bing.com/bingbot.htm"
192.168.1.13 - - [18/Aug/2025:12:44:34 +0000] "HEAD /promo/summer HTTP/2" 404 4920 "https://social.example.org/post/123" "bingbot/2.0; +http://www.bing.com/bingbot.htm"
192.168.1.24 - - [18/Aug/2025:16:34:19 +0000] "POST /docs/guide.pdf HTTP/1.1" 200 3919 "https://example.com/" "curl/7.88.1"
192.168.1.2 - - [18/Aug/2025:11:09:19 +0000] "GET /sitemap.xml HTTP/1.1" 200 2649 "https://social.example.org/post/123" "bingbot/2.0; +http://www.bing.com/bingbot.htm"
203.0.113.8 - - [18/Aug/2025:01:59:31 +0000] "POST /css/site.css HTTP/1.1" 301 2699 "https://news.ycombinator.com/" "Mozilla/5.0 (Macintosh; Intel Mac OS X 10_15_7) AppleWebKit/605.1.15 Version/15.5 Safari/605.1.15"
192.168.1.14 - - [18/Aug/2025:18:35:23 +0000] "POST /docs/guide.pdf HTTP/2" 301 2347 "https://www.google.com/" "python-requests/2.31.0"
192.168.1.26 - - [18/Aug/2025:17:24:53 +0000] "GET /images/logo.png HTTP/1.1" 301 2262 "https://news.ycombinator.com/" "Mozilla/5.0 (X11; Linux x86_64) Gecko/20100101 Firefox/116.0"
203.0.113.4 - - [18/Aug/2025:18:39:51 +0000] "HEAD /images/logo.png HTTP/2" 404 4657 "https://example.com/" "Googlebot/2.1 (+http://www.google.com/bot.html)"
192.168.1.10 - - [18/Aug/2025:08:04:11 +0000] "POST /products?id=100 HTTP/2" 404 4009 "https://example.com/" "python-requests/2.31.0"
192.168.1.3 - - [18/Aug/2025:15:12:20 +0000] "GET /index.html HTTP/1.1" 200 1137 "https://example.com/" "curl/7.88.1"
192.168.1.2 - - [18/Aug/2025:07:28:46 +0000] "GET /products HTTP/1.1" 200 4343 "https://www.google.com/" "curl/7.88.1"
10.0.0.5 - - [18/Aug/2025:12:50:51 +0000] "POST /logout HTTP/1.1" 200 957 "https://www.google.com/" "Mozilla/5.0 (Windows NT 10.0; Win64; x64) AppleWebKit/537.36 Chrome/118.0 Safari/537.36"
10.0.0.8 - - [18/Aug/2025:09:25:04 +0000] "POST /checkout HTTP/1.1" 200 3425 "-" "Mozilla/5.0 (Windows NT 10.0; Win64; x64) AppleWebKit/537.36 Chrome/118.0 Safari/537.36"
192.168.1.26 - - [18/Aug/2025:22:45:15 +0000] "POST /search?q=hive HTTP/1.1" 200 4075 "-" "bingbot/2.0; +http://www.bing.com/bingbot.htm"
192.168.1.26 - - [18/Aug/2025:16:13:30 +0000] "HEAD /css/site.css HTTP/2" 200 645 "https://news.ycombinator.com/" "bingbot/2.0; +http://www.bing.com/bingbot.htm"
192.168.1.21 - - [18/Aug/2025:07:30:40 +0000] "GET /api/v1/items/42 HTTP/1.1" 404 2084 "-" "Mozilla/5.0 (Macintosh; Intel Mac OS X 10_15_7) AppleWebKit/605.1.15 Version/15.5 Safari/605.1.15"
192.168.1.12 - - [18/Aug/2025:15:20:00 +0000] "POST /nonexistent HTTP/1.1" 404 373 "-" "bingbot/2.0; +http://www.bing.com/bingbot.htm"
10.0.0.12 - - [18/Aug/2025:18:30:44 +0000] "GET /api/v1/items/42 HTTP/1.1" 200 1591 "https://social.example.org/post/123" "Mozilla/5.0 (Windows NT 10.0; Win64; x64) AppleWebKit/537.36 Chrome/118.0 Safari/537.36"
203.0.113.8 - - [18/Aug/2025:16:21:59 +0000] "HEAD /index.html HTTP/1.1" 200 1560 "https://news.ycombinator.com/" "Mozilla/5.0 (X11; Linux x86_64) Gecko/20100101 Firefox/116.0"
192.168.1.22 - - [18/Aug/2025:07:31:14 +0000] "HEAD /api/v1/items/42 HTTP/2" 500 1880 "-" "python-requests/2.31.0"
192.168.1.18 - - [18/Aug/2025:11:46:08 +0000] "GET /robots.txt HTTP/2" 304 - "https://example.com/" "bingbot/2.0; +http://www.bing.com/bingbot.htm"
192.168.1.13 - - [18/Aug/2025:17:12:36 +0000] "HEAD /api/v1/items/42 HTTP/2" 500 4137 "https://example.com/" "Mozilla/5.0 (X11; Linux x86_64) Gecko/20100101 Firefox/116.0"
10.0.0.9 - - [18/Aug/2025:19:58:55 +0000] "GET /products HTTP/1.1" 302 2722 "https://example.com/" "bingbot/2.0; +http://www.bing.com/bingbot.htm"
10.0.0.14 - - [18/Aug/2025:11:00:49 +0000] "HEAD /admin HTTP/1.1" 200 3282 "https://news.ycombinator.com/" "Mozilla/5.0 (Macintosh; Intel Mac OS X 10_15_7) AppleWebKit/605.1.15 Version/15.5 Safari/605.1.15"
10.0.0.8 - - [18/Aug/2025:10:04:42 +0000] "POST /search?q=hadoop HTTP/2" 304 - "https://www.google.com/" "bingbot/2.0; +http://www.bing.com/bingbot.htm"
192.168.1.22 - - [18/Aug/2025:10:26:41 +0000] "GET /products?id=100 HTTP/1.1" 200 1363 "https://www.google.com/" "Mozilla/5.0 (X11; Linux x86_64) Gecko/20100101 Firefox/116.0"
192.168.1.14 - - [18/Aug/2025:04:06:31 +0000] "GET /index.html HTTP/2" 404 4313 "https://news.ycombinator.com/" "bingbot/2.0; +http://www.bing.com/bingbot.htm"
192.168.1.25 - - [18/Aug/2025:17:16:03 +0000] "GET /promo/summer HTTP/1.1" 200 2009 "https://social.example.org/post/123" "Mozilla/5.0 (X11; Linux x86_64) Gecko/20100101 Firefox/116.0"
192.168.1.5 - - [18/Aug/2025:06:51:40 +0000] "POST /docs/guide.pdf HTTP/2" 200 777 "https://news.ycombinator.com/" "curl/7.88.1"
192.168.1.21 - - [18/Aug/2025:13:46:04 +0000] "GET /search?q=hadoop HTTP/1.1" 200 2192 "https://news.ycombinator.com/" "Googlebot/2.1 (+http://www.google.com/bot.html)"
192.168.1.17 - - [18/Aug/2025:08:33:42 +0000] "HEAD /checkout HTTP/2" 500 1164 "https://news.ycombinator.com/" "curl/7.88.1"
192.168.1.29 - - [18/Aug/2025:16:44:42 +0000] "GET /checkout HTTP/1.1" 304 - "https://social.example.org/post/123" "bingbot/2.0; +http://www.bing.com/bingbot.htm"
10.0.0.12 - - [18/Aug/2025:10:10:34 +0000] "POST /api/v1/items/42 HTTP/2" 304 - "https://example.com/" "Mozilla/5.0 (X11; Linux x86_64) Gecko/20100101 Firefox/116.0"
192.168.1.29 - - [18/Aug/2025:11:48:40 +0000] "HEAD /api/v1/items HTTP/1.1" 404 4769 "https://www.google.com/" "Googlebot/2.1 (+http://www.google.com/bot.html)"
192.168.1.18 - - [18/Aug/2025:18:59:47 +0000] "POST /logout HTTP/2" 301 301 "-" "curl/7.88.1"
192.168.1.21 - - [18/Aug/2025:15:33:08 +0000] "GET /css/site.css HTTP/1.1" 200 2879 "-" "Mozilla/5.0 (X11; Linux x86_64) Gecko/20100101 Firefox/116.0"
192.168.1.19 - - [18/Aug/2025:18:44:52 +0000] "HEAD /sitemap.xml HTTP/1.1" 200 609 "https://social.example.org/post/123" "curl/7.88.1"
10.0.0.11 - - [18/Aug/2025:08:16:23 +0000] "GET /search?q=hive HTTP/2" 200 1052 "https://news.ycombinator.com/" "Googlebot/2.1 (+http://www.google.com/bot.html)"
192.168.1.6 - - [18/Aug/2025:14:13:46 +0000] "HEAD /api/v1/items HTTP/2" 200 4299 "https://news.ycombinator.com/" "Mozilla/5.0 (X11; Linux x86_64) Gecko/20100101 Firefox/116.0"
192.168.1.21 - - [18/Aug/2025:20:38:41 +0000] "GET /nonexistent HTTP/2" 404 3039 "https://example.com/" "Mozilla/5.0 (X11; Linux x86_64) Gecko/20100101 Firefox/116.0"
192.168.1.9 - - [18/Aug/2025:12:59:55 +0000] "GET /promo/summer HTTP/1.1" 404 3433 "-" "curl/7.88.1"
10.0.0.10 - - [18/Aug/2025:13:20:34 +0000] "GET /api/v1/items HTTP/1.1" 200 713 "https://social.example.org/post/123" "Googlebot/2.1 (+http://www.google.com/bot.html)"
192.168.1.7 - - [18/Aug/2025:18:36:32 +0000] "GET /login HTTP/2" 301 1512 "https://www.google.com/" "curl/7.88.1"
192.168.1.5 - - [18/Aug/2025:06:36:47 +0000] "HEAD /admin HTTP/2" 200 3564 "https://news.ycombinator.com/" "Googlebot/2.1 (+http://www.google.com/bot.html)"
192.168.1.10 - - [18/Aug/2025:18:08:48 +0000] "POST /docs/guide.pdf HTTP/1.1" 302 3538 "https://news.ycombinator.com/" "Mozilla/5.0 (Macintosh; Intel Mac OS X 10_15_7) AppleWebKit/605.1.15 Version/15.5 Safari/605.1.15"
192.168.1.17 - - [18/Aug/2025:14:47:33 +0000] "GET /products HTTP/2" 301 2949 "https://news.ycombinator.com/" "Mozilla/5.0 (Windows NT 10.0; Win64; x64) AppleWebKit/537.36 Chrome/118.0 Safari/537.36"
192.168.1.25 - - [18/Aug/2025:07:26:27 +0000] "POST /search?q=hadoop HTTP/2" 200 498 "https://example.com/" "Mozilla/5.0 (Macintosh; Intel Mac OS X 10_15_7) AppleWebKit/605.1.15 Version/15.5 Safari/605.1.15"
10.0.0.2 - - [18/Aug/2025:23:39:52 +0000] "HEAD /cart HTTP/2" 200 2212 "https://www.google.com/" "python-requests/2.31.0"
192.168.1.7 - - [18/Aug/2025:11:48:46 +0000] "GET /index.html HTTP/1.1" 404 1509 "https://example.com/" "Mozilla/5.0 (Windows NT 10.0; Win64; x64) AppleWebKit/537.36 Chrome/118.0 Safari/537.36"
192.168.1.21 - - [18/Aug/2025:10:51:07 +0000] "POST /robots.txt HTTP/1.1" 200 2012 "https://news.ycombinator.com/" "Mozilla/5.0 (Macintosh; Intel Mac OS X 10_15_7) AppleWebKit/605.1.15 Version/15.5 Safari/605.1.15"
192.168.1.18 - - [18/Aug/2025:09:33:48 +0000] "HEAD /robots.txt HTTP/1.1" 500 450 "https://social.example.org/post/123" "bingbot/2.0; +http://www.bing.com/bingbot.htm"
192.168.1.18 - - [18/Aug/2025:20:33:02 +0000] "GET /index.html HTTP/2" 200 2522 "-" "Googlebot/2.1 (+http://www.google.com/bot.html)"
192.168.1.26 - - [18/Aug/2025:16:00:04 +0000] "HEAD /images/logo.png HTTP/2" 200 456 "https://example.com/" "Mozilla/5.0 (X11; Linux x86_64) Gecko/20100101 Firefox/116.0"
192.168.1.26 - - [18/Aug/2025:19:24:14 +0000] "HEAD /products?id=100 HTTP/2" 302 4654 "-" "Mozilla/5.0 (Macintosh; Intel Mac OS X 10_15_7) AppleWebKit/605.1.15 Version/15.5 Safari/605.1.15"
203.0.113.5 - - [18/Aug/2025:09:29:35 +0000] "GET /index.html HTTP/1.1" 304 - "https://example.com/" "curl/7.88.1"
192.168.1.3 - - [18/Aug/2025:13:47:10 +0000] "POST /api/v1/items/42 HTTP/2" 404 2776 "https://www.google.com/" "bingbot/2.0; +http://www.bing.com/bingbot.htm"
192.168.1.18 - - [18/Aug/2025:10:03:40 +0000] "POST / HTTP/2" 200 1542 "https://example.com/" "Googlebot/2.1 (+http://www.google.com/bot.html)"
192.168.1.26 - - [18/Aug/2025:16:05:46 +0000] "HEAD /promo/summer HTTP/1.1" 301 2269 "https://news.ycombinator.com/" "Mozilla/5.0 (Macintosh; Intel Mac OS X 10_15_7) AppleWebKit/605.1.15 Version/15.5 Safari/605.1.15"
10.0.0.12 - - [18/Aug/2025:12:19:58 +0000] "POST /logout HTTP/1.1" 200 1435 "https://news.ycombinator.com/" "bingbot/2.0; +http://www.bing.com/bingbot.htm"
192.168.1.10 - - [18/Aug/2025:16:12:55 +0000] "POST /sitemap.xml HTTP/1.1" 301 1489 "https://news.ycombinator.com/" "Mozilla/5.0 (Macintosh; Intel Mac OS X 10_15_7) AppleWebKit/605.1.15 Version/15.5 Safari/605.1.15"
203.0.113.6 - - [18/Aug/2025:10:35:34 +0000] "GET /checkout HTTP/2" 200 541 "https://example.com/" "Googlebot/2.1 (+http://www.google.com/bot.html)"
203.0.113.7 - - [18/Aug/2025:21:19:28 +0000] "HEAD /images/logo.png HTTP/1.1" 200 1174 "https://www.google.com/" "Mozilla/5.0 (Macintosh; Intel Mac OS X 10_15_7) AppleWebKit/605.1.15 Version/15.5 Safari/605.1.15"
192.168.1.19 - - [18/Aug/2025:04:39:39 +0000] "HEAD /nonexistent HTTP/1.1" 404 2191 "-" "curl/7.88.1"
192.168.1.10 - - [18/Aug/2025:06:49:30 +0000] "HEAD /promo/summer HTTP/2" 500 3363 "https://www.google.com/" "Mozilla/5.0 (X11; Linux x86_64) Gecko/20100101 Firefox/116.0"
192.168.1.12 - - [18/Aug/2025:11:30:08 +0000] "GET /search?q=hive HTTP/1.1" 301 422 "https://example.com/" "Googlebot/2.1 (+http://www.google.com/bot.html)"
203.0.113.8 - - [18/Aug/2025:09:42:12 +0000] "GET /products HTTP/1.1" 302 4313 "https://example.com/" "Mozilla/5.0 (X11; Linux x86_64) Gecko/20100101 Firefox/116.0"
192.168.1.27 - - [18/Aug/2025:12:15:27 +0000] "GET /promo/summer HTTP/2" 500 2863 "https://social.example.org/post/123" "bingbot/2.0; +http://www.bing.com/bingbot.htm"
10.0.0.8 - - [18/Aug/2025:21:36:38 +0000] "HEAD /index.html HTTP/1.1" 302 4042 "-" "Mozilla/5.0 (Macintosh; Intel Mac OS X 10_15_7) AppleWebKit/605.1.15 Version/15.5 Safari/605.1.15"
192.168.1.4 - - [18/Aug/2025:13:25:47 +0000] "HEAD /admin HTTP/1.1" 200 2685 "https://social.example.org/post/123" "Googlebot/2.1 (+http://www.google.com/bot.html)"
192.168.1.20 - - [18/Aug/2025:19:49:52 +0000] "POST /checkout HTTP/2" 200 746 "https://news.ycombinator.com/" "Mozilla/5.0 (Macintosh; Intel Mac OS X 10_15_7) AppleWebKit/605.1.15 Version/15.5 Safari/605.1.15"
192.168.1.7 - - [18/Aug/2025:12:41:28 +0000] "HEAD /sitemap.xml HTTP/1.1" 200 4776 "https://www.google.com/" "Googlebot/2.1 (+http://www.google.com/bot.html)"
192.168.1.13 - - [18/Aug/2025:11:28:01 +0000] "POST /nonexistent HTTP/1.1" 404 2348 "https://example.com/" "python-requests/2.31.0"
192.168.1.12 - - [18/Aug/2025:16:45:50 +0000] "HEAD /products?id=100 HTTP/1.1" 200 3981 "https://example.com/" "Mozilla/5.0 (Windows NT 10.0; Win64; x64) AppleWebKit/537.36 Chrome/118.0 Safari/537.36"
10.0.0.6 - - [18/Aug/2025:13:24:46 +0000] "HEAD /checkout HTTP/2" 304 - "https://social.example.org/post/123" "Mozilla/5.0 (Windows NT 10.0; Win64; x64) AppleWebKit/537.36 Chrome/118.0 Safari/537.36"
10.0.0.10 - - [18/Aug/2025:18:58:21 +0000] "HEAD /cart HTTP/1.1" 200 1765 "-" "Googlebot/2.1 (+http://www.google.com/bot.html)"
10.0.0.2 - - [18/Aug/2025:10:46:49 +0000] "POST /checkout HTTP/1.1" 200 1961 "-" "bingbot/2.0; +http://www.bing.com/bingbot.htm"
10.0.0.5 - - [18/Aug/2025:18:00:29 +0000] "POST /docs/guide.pdf HTTP/1.1" 404 4342 "https://www.google.com/" "Mozilla/5.0 (Macintosh; Intel Mac OS X 10_15_7) AppleWebKit/605.1.15 Version/15.5 Safari/605.1.15"
192.168.1.28 - - [18/Aug/2025:15:30:29 +0000] "POST /products HTTP/1.1" 200 4783 "https://example.com/" "bingbot/2.0; +http://www.bing.com/bingbot.htm"
192.168.1.15 - - [18/Aug/2025:15:52:52 +0000] "GET /checkout HTTP/1.1" 200 3159 "-" "Mozilla/5.0 (Macintosh; Intel Mac OS X 10_15_7) AppleWebKit/605.1.15 Version/15.5 Safari/605.1.15"
10.0.0.12 - - [18/Aug/2025:19:42:36 +0000] "POST /api/v1/items HTTP/1.1" 200 1192 "https://social.example.org/post/123" "Mozilla/5.0 (Macintosh; Intel Mac OS X 10_15_7) AppleWebKit/605.1.15 Version/15.5 Safari/605.1.15"
203.0.113.2 - - [18/Aug/2025:08:18:39 +0000] "HEAD /promo/summer HTTP/1.1" 302 3250 "-" "Mozilla/5.0 (Windows NT 10.0; Win64; x64) AppleWebKit/537.36 Chrome/118.0 Safari/537.36"
192.168.1.26 - - [18/Aug/2025:18:20:23 +0000] "GET /login HTTP/1.1" 200 4156 "https://www.google.com/" "Mozilla/5.0 (Windows NT 10.0; Win64; x64) AppleWebKit/537.36 Chrome/118.0 Safari/537.36"
10.0.0.7 - - [18/Aug/2025:17:17:21 +0000] "POST /sitemap.xml HTTP/1.1" 500 2012 "https://news.ycombinator.com/" "Mozilla/5.0 (Windows NT 10.0; Win64; x64) AppleWebKit/537.36 Chrome/118.0 Safari/537.36"
10.0.0.7 - - [18/Aug/2025:07:46:40 +0000] "GET /robots.txt HTTP/2" 301 2892 "https://example.com/" "bingbot/2.0; +http://www.bing.com/bingbot.htm"
192.168.1.10 - - [18/Aug/2025:14:39:22 +0000] "HEAD /nonexistent HTTP/2" 200 4334 "https://www.google.com/" "bingbot/2.0; +http://www.bing.com/bingbot.htm"
192.168.1.2 - - [18/Aug/2025:09:18:12 +0000] "GET / HTTP/2" 404 1266 "https://www.google.com/" "Mozilla/5.0 (X11; Linux x86_64) Gecko/20100101 Firefox/116.0"
192.168.1.4 - - [18/Aug/2025:15:26:26 +0000] "POST /api/v1/items/42 HTTP/1.1" 200 1948 "https://example.com/" "curl/7.88.1"
10.0.0.6 - - [18/Aug/2025:18:19:19 +0000] "HEAD /api/v1/items HTTP/1.1" 200 3030 "https://example.com/" "Googlebot/2.1 (+http://www.google.com/bot.html)"
192.168.1.13 - - [18/Aug/2025:17:39:01 +0000] "GET /api/v1/items HTTP/2" 404 4224 "https://social.example.org/post/123" "Mozilla/5.0 (X11; Linux x86_64) Gecko/20100101 Firefox/116.0"
192.168.1.11 - - [18/Aug/2025:04:08:30 +0000] "HEAD /logout HTTP/2" 302 3691 "-" "Mozilla/5.0 (X11; Linux x86_64) Gecko/20100101 Firefox/116.0"
203.0.113.3 - - [18/Aug/2025:13:36:46 +0000] "POST /docs/guide.pdf HTTP/1.1" 200 3017 "https://example.com/" "Mozilla/5.0 (Windows NT 10.0; Win64; x64) AppleWebKit/537.36 Chrome/118.0 Safari/537.36"
192.168.1.3 - - [18/Aug/2025:22:17:53 +0000] "POST /admin HTTP/1.1" 404 1835 "https://news.ycombinator.com/" "Mozilla/5.0 (Windows NT 10.0; Win64; x64) AppleWebKit/537.36 Chrome/118.0 Safari/537.36"
203.0.113.5 - - [18/Aug/2025:19:48:19 +0000] "POST /index.html HTTP/2" 301 1011 "https://social.example.org/post/123" "Mozilla/5.0 (Macintosh; Intel Mac OS X 10_15_7) AppleWebKit/605.1.15 Version/15.5 Safari/605.1.15"
192.168.1.15 - - [18/Aug/2025:11:53:19 +0000] "HEAD /css/site.css HTTP/1.1" 200 3365 "-" "Mozilla/5.0 (X11; Linux x86_64) Gecko/20100101 Firefox/116.0"
10.0.0.6 - - [18/Aug/2025:09:05:28 +0000] "GET /robots.txt HTTP/1.1" 200 3086 "https://social.example.org/post/123" "python-requests/2.31.0"
192.168.1.22 - - [18/Aug/2025:19:19:49 +0000] "GET /products?id=100 HTTP/1.1" 200 599 "https://social.example.org/post/123" "Googlebot/2.1 (+http://www.google.com/bot.html)"
192.168.1.2 - - [18/Aug/2025:17:33:07 +0000] "POST /index.html HTTP/1.1" 200 4124 "-" "Mozilla/5.0 (Windows NT 10.0; Win64; x64) AppleWebKit/537.36 Chrome/118.0 Safari/537.36"
192.168.1.21 - - [18/Aug/2025:13:42:47 +0000] "GET /nonexistent HTTP/2" 404 2928 "https://www.google.com/" "Mozilla/5.0 (Macintosh; Intel Mac OS X 10_15_7) AppleWebKit/605.1.15 Version/15.5 Safari/605.1.15"
203.0.113.9 - - [18/Aug/2025:10:34:20 +0000] "POST /products?id=100 HTTP/2" 200 1590 "https://example.com/" "Mozilla/5.0 (Windows NT 10.0; Win64; x64) AppleWebKit/537.36 Chrome/118.0 Safari/537.36"
10.0.0.6 - - [18/Aug/2025:02:39:35 +0000] "GET /search?q=hadoop HTTP/2" 304 - "https://example.com/" "curl/7.88.1"
192.168.1.20 - - [18/Aug/2025:08:45:51 +0000] "HEAD /search?q=hive HTTP/1.1" 200 2850 "https://news.ycombinator.com/" "curl/7.88.1"
192.168.1.3 - - [18/Aug/2025:14:03:08 +0000] "POST /index.html HTTP/1.1" 301 740 "-" "Googlebot/2.1 (+http://www.google.com/bot.html)"
10.0.0.11 - - [18/Aug/2025:11:45:38 +0000] "HEAD /logout HTTP/2" 200 3022 "https://www.google.com/" "python-requests/2.31.0"
192.168.1.7 - - [18/Aug/2025:18:51:34 +0000] "POST /nonexistent HTTP/1.1" 200 1096 "https://social.example.org/post/123" "curl/7.88.1"
10.0.0.3 - - [18/Aug/2025:16:45:49 +0000] "POST /search?q=hive HTTP/1.1" 200 2413 "https://example.com/" "Googlebot/2.1 (+http://www.google.com/bot.html)"
192.168.1.23 - - [18/Aug/2025:08:58:42 +0000] "POST /logout HTTP/2" 200 835 "https://social.example.org/post/123" "Mozilla/5.0 (Windows NT 10.0; Win64; x64) AppleWebKit/537.36 Chrome/118.0 Safari/537.36"
192.168.1.12 - - [18/Aug/2025:11:29:54 +0000] "POST /api/v1/items/42 HTTP/1.1" 304 - "-" "Googlebot/2.1 (+http://www.google.com/bot.html)"
192.168.1.22 - - [18/Aug/2025:18:50:06 +0000] "HEAD /products HTTP/2" 304 - "https://social.example.org/post/123" "Googlebot/2.1 (+http://www.google.com/bot.html)"
192.168.1.17 - - [18/Aug/2025:15:15:39 +0000] "HEAD /checkout HTTP/2" 301 841 "https://example.com/" "Mozilla/5.0 (Macintosh; Intel Mac OS X 10_15_7) AppleWebKit/605.1.15 Version/15.5 Safari/605.1.15"
192.168.1.29 - - [18/Aug/2025:18:37:27 +0000] "HEAD /api/v1/items HTTP/1.1" 200 938 "https://news.ycombinator.com/" "Mozilla/5.0 (X11; Linux x86_64) Gecko/20100101 Firefox/116.0"
10.0.0.3 - - [18/Aug/2025:13:37:38 +0000] "POST /docs/guide.pdf HTTP/1.1" 302 1743 "https://example.com/" "Googlebot/2.1 (+http://www.google.com/bot.html)"
10.0.0.12 - - [18/Aug/2025:06:06:43 +0000] "POST /api/v1/items HTTP/2" 404 803 "-" "Mozilla/5.0 (Macintosh; Intel Mac OS X 10_15_7) AppleWebKit/605.1.15 Version/15.5 Safari/605.1.15"
203.0.113.8 - - [18/Aug/2025:18:56:37 +0000] "HEAD / HTTP/1.1" 404 1522 "https://social.example.org/post/123" "bingbot/2.0; +http://www.bing.com/bingbot.htm"
10.0.0.2 - - [18/Aug/2025:10:39:36 +0000] "GET /search?q=hadoop HTTP/2" 200 4971 "https://example.com/" "Googlebot/2.1 (+http://www.google.com/bot.html)"
192.168.1.7 - - [18/Aug/2025:17:58:22 +0000] "HEAD / HTTP/2" 200 2709 "-" "curl/7.88.1"
203.0.113.5 - - [18/Aug/2025:20:03:00 +0000] "HEAD /api/v1/items/42 HTTP/1.1" 200 555 "https://www.google.com/" "Googlebot/2.1 (+http://www.google.com/bot.html)"
192.168.1.22 - - [18/Aug/2025:17:25:40 +0000] "HEAD /admin HTTP/2" 301 3865 "https://news.ycombinator.com/" "Mozilla/5.0 (Macintosh; Intel Mac OS X 10_15_7) AppleWebKit/605.1.15 Version/15.5 Safari/605.1.15"
192.168.1.14 - - [18/Aug/2025:16:30:08 +0000] "HEAD /admin HTTP/2" 301 1563 "https://example.com/" "Mozilla/5.0 (X11; Linux x86_64) Gecko/20100101 Firefox/116.0"
192.168.1.6 - - [18/Aug/2025:16:08:00 +0000] "HEAD / HTTP/1.1" 500 4287 "https://social.example.org/post/123" "Mozilla/5.0 (Macintosh; Intel Mac OS X 10_15_7) AppleWebKit/605.1.15 Version/15.5 Safari/605.1.15"
192.168.1.28 - - [18/Aug/2025:06:41:51 +0000] "POST /promo/summer HTTP/2" 404 1772 "https://social.example.org/post/123" "bingbot/2.0; +http://www.bing.com/bingbot.htm"
192.168.1.26 - - [18/Aug/2025:12:52:28 +0000] "POST /search?q=hive HTTP/1.1" 301 360 "https://news.ycombinator.com/" "Googlebot/2.1 (+http://www.google.com/bot.html)"
10.0.0.6 - - [18/Aug/2025:19:15:45 +0000] "POST /login HTTP/2" 200 610 "https://news.ycombinator.com/" "Googlebot/2.1 (+http://www.google.com/bot.html)"
10.0.0.4 - - [18/Aug/2025:17:07:37 +0000] "HEAD /products HTTP/1.1" 500 4612 "https://example.com/" "Googlebot/2.1 (+http://www.google.com/bot.html)"
10.0.0.13 - - [18/Aug/2025:13:33:56 +0000] "GET /search?q=hive HTTP/2" 404 939 "https://news.ycombinator.com/" "Mozilla/5.0 (X11; Linux x86_64) Gecko/20100101 Firefox/116.0"
192.168.1.23 - - [18/Aug/2025:14:39:03 +0000] "HEAD / HTTP/2" 302 4499 "https://social.example.org/post/123" "bingbot/2.0; +http://www.bing.com/bingbot.htm"
192.168.1.20 - - [18/Aug/2025:17:26:22 +0000] "POST /checkout HTTP/1.1" 500 2790 "https://news.ycombinator.com/" "curl/7.88.1"
192.168.1.12 - - [18/Aug/2025:06:30:37 +0000] "HEAD /index.html HTTP/2" 500 523 "https://example.com/" "Googlebot/2.1 (+http://www.google.com/bot.html)"
192.168.1.19 - - [18/Aug/2025:06:32:04 +0000] "POST /cart HTTP/2" 200 2404 "-" "python-requests/2.31.0"
10.0.0.11 - - [18/Aug/2025:07:11:58 +0000] "HEAD /cart HTTP/2" 200 1736 "https://example.com/" "Mozilla/5.0 (X11; Linux x86_64) Gecko/20100101 Firefox/116.0"
10.0.0.7 - - [18/Aug/2025:17:31:11 +0000] "GET /api/v1/items HTTP/1.1" 200 1562 "https://social.example.org/post/123" "Mozilla/5.0 (X11; Linux x86_64) Gecko/20100101 Firefox/116.0"
192.168.1.17 - - [18/Aug/2025:23:49:24 +0000] "HEAD /logout HTTP/1.1" 200 3126 "-" "python-requests/2.31.0"
192.168.1.5 - - [18/Aug/2025:09:52:07 +0000] "GET /logout HTTP/2" 302 2768 "https://social.example.org/post/123" "python-requests/2.31.0"
192.168.1.16 - - [18/Aug/2025:21:59:34 +0000] "POST /admin HTTP/2" 403 4645 "https://social.example.org/post/123" "Mozilla/5.0 (Windows NT 10.0; Win64; x64) AppleWebKit/537.36 Chrome/118.0 Safari/537.36"
192.168.1.26 - - [18/Aug/2025:10:51:28 +0000] "HEAD /api/v1/items HTTP/1.1" 200 4652 "https://example.com/" "Mozilla/5.0 (X11; Linux x86_64) Gecko/20100101 Firefox/116.0"
192.168.1.19 - - [18/Aug/2025:12:58:41 +0000] "POST /images/logo.png HTTP/2" 200 2391 "https://news.ycombinator.com/" "Googlebot/2.1 (+http://www.google.com/bot.html)"
192.168.1.17 - - [18/Aug/2025:12:43:47 +0000] "HEAD /nonexistent HTTP/1.1" 404 1773 "https://example.com/" "bingbot/2.0; +http://www.bing.com/bingbot.htm"
192.168.1.6 - - [18/Aug/2025:01:00:53 +0000] "GET /login HTTP/1.1" 304 - "-" "python-requests/2.31.0"
192.168.1.20 - - [18/Aug/2025:12:14:46 +0000] "POST /search?q=hadoop HTTP/1.1" 200 1053 "-" "bingbot/2.0; +http://www.bing.com/bingbot.htm"
10.0.0.12 - - [18/Aug/2025:16:53:13 +0000] "HEAD /products?id=100 HTTP/1.1" 200 1364 "https://social.example.org/post/123" "python-requests/2.31.0"
192.168.1.13 - - [18/Aug/2025:18:41:36 +0000] "GET /checkout HTTP/2" 200 4125 "-" "python-requests/2.31.0"
192.168.1.29 - - [18/Aug/2025:12:17:49 +0000] "HEAD /api/v1/items HTTP/2" 200 906 "https://example.com/" "Mozilla/5.0 (X11; Linux x86_64) Gecko/20100101 Firefox/116.0"
192.168.1.5 - - [18/Aug/2025:06:24:21 +0000] "POST /images/logo.png HTTP/1.1" 302 868 "https://social.example.org/post/123" "Mozilla/5.0 (Macintosh; Intel Mac OS X 10_15_7) AppleWebKit/605.1.15 Version/15.5 Safari/605.1.15"
10.0.0.5 - - [18/Aug/2025:15:11:41 +0000] "GET /cart HTTP/2" 200 1170 "https://social.example.org/post/123" "python-requests/2.31.0"
192.168.1.6 - - [18/Aug/2025:09:02:04 +0000] "HEAD /images/logo.png HTTP/2" 200 4377 "https://www.google.com/" "python-requests/2.31.0"
203.0.113.2 - - [18/Aug/2025:16:59:02 +0000] "POST /images/logo.png HTTP/1.1" 500 3001 "https://social.example.org/post/123" "bingbot/2.0; +http://www.bing.com/bingbot.htm"
10.0.0.5 - - [18/Aug/2025:00:45:49 +0000] "POST /login HTTP/2" 500 874 "https://news.ycombinator.com/" "Mozilla/5.0 (Macintosh; Intel Mac OS X 10_15_7) AppleWebKit/605.1.15 Version/15.5 Safari/605.1.15"
203.0.113.9 - - [18/Aug/2025:00:44:52 +0000] "POST /products?id=100 HTTP/2" 200 2780 "https://social.example.org/post/123" "Mozilla/5.0 (Windows NT 10.0; Win64; x64) AppleWebKit/537.36 Chrome/118.0 Safari/537.36"
192.168.1.25 - - [18/Aug/2025:15:41:05 +0000] "HEAD /api/v1/items HTTP/1.1" 302 2675 "https://www.google.com/" "Mozilla/5.0 (Macintosh; Intel Mac OS X 10_15_7) AppleWebKit/605.1.15 Version/15.5 Safari/605.1.15"
192.168.1.14 - - [18/Aug/2025:14:24:42 +0000] "POST /admin HTTP/1.1" 200 4285 "-" "python-requests/2.31.0"
192.168.1.4 - - [18/Aug/2025:12:12:08 +0000] "GET / HTTP/1.1" 302 3484 "-" "Mozilla/5.0 (X11; Linux x86_64) Gecko/20100101 Firefox/116.0"
10.0.0.8 - - [18/Aug/2025:14:19:31 +0000] "POST / HTTP/1.1" 200 759 "https://example.com/" "Mozilla/5.0 (X11; Linux x86_64) Gecko/20100101 Firefox/116.0"
192.168.1.15 - - [18/Aug/2025:17:25:07 +0000] "HEAD /sitemap.xml HTTP/2" 404 4695 "https://www.google.com/" "python-requests/2.31.0"
192.168.1.4 - - [18/Aug/2025:14:59:04 +0000] "HEAD /cart HTTP/2" 404 456 "https://social.example.org/post/123" "bingbot/2.0; +http://www.bing.com/bingbot.htm"
192.168.1.10 - - [18/Aug/2025:05:44:41 +0000] "GET /checkout HTTP/1.1" 200 1097 "https://social.example.org/post/123" "bingbot/2.0; +http://www.bing.com/bingbot.htm"
192.168.1.8 - - [18/Aug/2025:08:37:04 +0000] "GET /robots.txt HTTP/1.1" 200 1960 "https://social.example.org/post/123" "curl/7.88.1"
192.168.1.27 - - [18/Aug/2025:18:47:43 +0000] "POST /products?id=100 HTTP/1.1" 200 2046 "-" "bingbot/2.0; +http://www.bing.com/bingbot.htm"
192.168.1.19 - - [18/Aug/2025:08:04:07 +0000] "GET /login HTTP/1.1" 500 3330 "https://news.ycombinator.com/" "Mozilla/5.0 (Macintosh; Intel Mac OS X 10_15_7) AppleWebKit/605.1.15 Version/15.5 Safari/605.1.15"
192.168.1.4 - - [18/Aug/2025:12:59:37 +0000] "GET /products?id=100 HTTP/2" 200 428 "https://social.example.org/post/123" "Mozilla/5.0 (Windows NT 10.0; Win64; x64) AppleWebKit/537.36 Chrome/118.0 Safari/537.36"
192.168.1.7 - - [18/Aug/2025:01:11:59 +0000] "HEAD /nonexistent HTTP/2" 200 1339 "https://www.google.com/" "Mozilla/5.0 (Macintosh; Intel Mac OS X 10_15_7) AppleWebKit/605.1.15 Version/15.5 Safari/605.1.15"
192.168.1.28 - - [18/Aug/2025:16:33:28 +0000] "GET /checkout HTTP/1.1" 404 1774 "https://social.example.org/post/123" "bingbot/2.0; +http://www.bing.com/bingbot.htm"
192.168.1.21 - - [18/Aug/2025:21:40:52 +0000] "POST /login HTTP/1.1" 304 - "https://www.google.com/" "Mozilla/5.0 (Macintosh; Intel Mac OS X 10_15_7) AppleWebKit/605.1.15 Version/15.5 Safari/605.1.15"
10.0.0.13 - - [18/Aug/2025:07:33:06 +0000] "POST /docs/guide.pdf HTTP/1.1" 302 2004 "https://example.com/" "Mozilla/5.0 (Windows NT 10.0; Win64; x64) AppleWebKit/537.36 Chrome/118.0 Safari/537.36"
203.0.113.3 - - [18/Aug/2025:08:50:09 +0000] "POST /robots.txt HTTP/1.1" 200 653 "-" "python-requests/2.31.0"
192.168.1.18 - - [18/Aug/2025:11:13:27 +0000] "POST /promo/summer HTTP/2" 200 1155 "-" "bingbot/2.0; +http://www.bing.com/bingbot.htm"
10.0.0.5 - - [18/Aug/2025:08:50:01 +0000] "HEAD /products?id=100 HTTP/1.1" 200 3943 "https://news.ycombinator.com/" "bingbot/2.0; +http://www.bing.com/bingbot.htm"
203.0.113.3 - - [18/Aug/2025:10:12:47 +0000] "POST /search?q=hive HTTP/1.1" 200 2165 "-" "Mozilla/5.0 (Macintosh; Intel Mac OS X 10_15_7) AppleWebKit/605.1.15 Version/15.5 Safari/605.1.15"
192.168.1.26 - - [18/Aug/2025:17:55:12 +0000] "GET /products HTTP/2" 404 4268 "-" "Googlebot/2.1 (+http://www.google.com/bot.html)"
10.0.0.3 - - [18/Aug/2025:08:59:39 +0000] "GET /admin HTTP/2" 404 1890 "https://example.com/" "curl/7.88.1"
203.0.113.4 - - [18/Aug/2025:09:08:02 +0000] "HEAD /index.html HTTP/2" 200 1210 "https://social.example.org/post/123" "Googlebot/2.1 (+http://www.google.com/bot.html)"
192.168.1.16 - - [18/Aug/2025:12:48:21 +0000] "POST /promo/summer HTTP/1.1" 404 1692 "https://news.ycombinator.com/" "bingbot/2.0; +http://www.bing.com/bingbot.htm"
10.0.0.7 - - [18/Aug/2025:19:05:26 +0000] "POST /search?q=hadoop HTTP/2" 302 2586 "-" "python-requests/2.31.0"
192.168.1.17 - - [18/Aug/2025:12:55:15 +0000] "POST /login HTTP/1.1" 404 1520 "https://news.ycombinator.com/" "Mozilla/5.0 (Windows NT 10.0; Win64; x64) AppleWebKit/537.36 Chrome/118.0 Safari/537.36"
10.0.0.4 - - [18/Aug/2025:12:02:02 +0000] "HEAD /sitemap.xml HTTP/1.1" 301 4650 "https://social.example.org/post/123" "Googlebot/2.1 (+http://www.google.com/bot.html)"
192.168.1.8 - - [18/Aug/2025:18:44:52 +0000] "POST /robots.txt HTTP/1.1" 200 4875 "-" "python-requests/2.31.0"
192.168.1.24 - - [18/Aug/2025:17:13:08 +0000] "POST /search?q=hive HTTP/1.1" 200 4230 "https://example.com/" "Mozilla/5.0 (Macintosh; Intel Mac OS X 10_15_7) AppleWebKit/605.1.15 Version/15.5 Safari/605.1.15"
203.0.113.7 - - [18/Aug/2025:17:54:36 +0000] "HEAD / HTTP/2" 302 1435 "https://social.example.org/post/123" "Mozilla/5.0 (Macintosh; Intel Mac OS X 10_15_7) AppleWebKit/605.1.15 Version/15.5 Safari/605.1.15"
10.0.0.3 - - [18/Aug/2025:18:23:40 +0000] "HEAD / HTTP/1.1" 301 3027 "https://news.ycombinator.com/" "Mozilla/5.0 (Windows NT 10.0; Win64; x64) AppleWebKit/537.36 Chrome/118.0 Safari/537.36"
203.0.113.4 - - [18/Aug/2025:10:48:17 +0000] "HEAD /docs/guide.pdf HTTP/1.1" 404 963 "https://news.ycombinator.com/" "curl/7.88.1"
203.0.113.3 - - [18/Aug/2025:17:03:32 +0000] "POST /index.html HTTP/1.1" 301 3294 "https://social.example.org/post/123" "bingbot/2.0; +http://www.bing.com/bingbot.htm"
203.0.113.1 - - [18/Aug/2025:05:23:11 +0000] "HEAD /products HTTP/1.1" 200 3043 "https://www.google.com/" "bingbot/2.0; +http://www.bing.com/bingbot.htm"
203.0.113.8 - - [18/Aug/2025:07:30:47 +0000] "HEAD /search?q=hadoop HTTP/1.1" 200 3189 "https://example.com/" "bingbot/2.0; +http://www.bing.com/bingbot.htm"
192.168.1.6 - - [18/Aug/2025:16:17:03 +0000] "POST /api/v1/items/42 HTTP/2" 302 4407 "https://news.ycombinator.com/" "Mozilla/5.0 (X11; Linux x86_64) Gecko/20100101 Firefox/116.0"
203.0.113.3 - - [18/Aug/2025:07:45:34 +0000] "HEAD /css/site.css HTTP/2" 404 3315 "-" "Mozilla/5.0 (Macintosh; Intel Mac OS X 10_15_7) AppleWebKit/605.1.15 Version/15.5 Safari/605.1.15"
192.168.1.7 - - [18/Aug/2025:20:29:05 +0000] "POST /checkout HTTP/2" 200 1195 "https://www.google.com/" "curl/7.88.1"
192.168.1.11 - - [18/Aug/2025:07:09:31 +0000] "GET /sitemap.xml HTTP/1.1" 200 3712 "https://news.ycombinator.com/" "Mozilla/5.0 (Macintosh; Intel Mac OS X 10_15_7) AppleWebKit/605.1.15 Version/15.5 Safari/605.1.15"
203.0.113.7 - - [18/Aug/2025:12:26:28 +0000] "HEAD / HTTP/2" 200 815 "-" "Mozilla/5.0 (X11; Linux x86_64) Gecko/20100101 Firefox/116.0"
203.0.113.1 - - [18/Aug/2025:18:53:33 +0000] "POST /login HTTP/2" 404 2973 "https://social.example.org/post/123" "bingbot/2.0; +http://www.bing.com/bingbot.htm"
10.0.0.9 - - [18/Aug/2025:16:33:53 +0000] "POST /logout HTTP/2" 404 1380 "https://example.com/" "Mozilla/5.0 (Macintosh; Intel Mac OS X 10_15_7) AppleWebKit/605.1.15 Version/15.5 Safari/605.1.15"
192.168.1.25 - - [18/Aug/2025:18:14:30 +0000] "POST /index.html HTTP/1.1" 200 2629 "https://social.example.org/post/123" "Mozilla/5.0 (Macintosh; Intel Mac OS X 10_15_7) AppleWebKit/605.1.15 Version/15.5 Safari/605.1.15"
10.0.0.8 - - [18/Aug/2025:15:10:45 +0000] "POST /checkout HTTP/1.1" 500 1557 "https://www.google.com/" "Mozilla/5.0 (Macintosh; Intel Mac OS X 10_15_7) AppleWebKit/605.1.15 Version/15.5 Safari/605.1.15"
192.168.1.10 - - [18/Aug/2025:07:20:36 +0000] "POST /images/logo.png HTTP/2" 200 1980 "https://news.ycombinator.com/" "python-requests/2.31.0"
192.168.1.11 - - [18/Aug/2025:04:20:22 +0000] "POST /logout HTTP/1.1" 304 - "https://example.com/" "Mozilla/5.0 (Windows NT 10.0; Win64; x64) AppleWebKit/537.36 Chrome/118.0 Safari/537.36"
10.0.0.5 - - [18/Aug/2025:20:25:59 +0000] "GET /logout HTTP/2" 200 335 "https://news.ycombinator.com/" "bingbot/2.0; +http://www.bing.com/bingbot.htm"
10.0.0.4 - - [18/Aug/2025:10:45:18 +0000] "POST /nonexistent HTTP/1.1" 200 3074 "-" "python-requests/2.31.0"
203.0.113.3 - - [18/Aug/2025:13:02:08 +0000] "HEAD /products?id=100 HTTP/2" 200 3590 "https://news.ycombinator.com/" "Mozilla/5.0 (X11; Linux x86_64) Gecko/20100101 Firefox/116.0"
192.168.1.22 - - [18/Aug/2025:09:22:05 +0000] "GET /promo/summer HTTP/1.1" 404 4612 "https://www.google.com/" "Mozilla/5.0 (X11; Linux x86_64) Gecko/20100101 Firefox/116.0"
192.168.1.3 - - [18/Aug/2025:20:17:12 +0000] "GET /docs/guide.pdf HTTP/2" 404 1015 "https://news.ycombinator.com/" "Googlebot/2.1 (+http://www.google.com/bot.html)"
10.0.0.12 - - [18/Aug/2025:08:20:38 +0000] "HEAD /index.html HTTP/2" 301 1511 "https://social.example.org/post/123" "curl/7.88.1"
192.168.1.24 - - [18/Aug/2025:11:00:18 +0000] "POST /css/site.css HTTP/2" 304 - "-" "Mozilla/5.0 (Macintosh; Intel Mac OS X 10_15_7) AppleWebKit/605.1.15 Version/15.5 Safari/605.1.15"
192.168.1.28 - - [18/Aug/2025:17:28:47 +0000] "POST /css/site.css HTTP/1.1" 500 3772 "https://social.example.org/post/123" "Mozilla/5.0 (Macintosh; Intel Mac OS X 10_15_7) AppleWebKit/605.1.15 Version/15.5 Safari/605.1.15"
192.168.1.11 - - [18/Aug/2025:19:38:05 +0000] "GET /css/site.css HTTP/2" 304 - "https://example.com/" "Mozilla/5.0 (Windows NT 10.0; Win64; x64) AppleWebKit/537.36 Chrome/118.0 Safari/537.36"
192.168.1.26 - - [18/Aug/2025:20:37:48 +0000] "GET / HTTP/2" 404 2539 "https://social.example.org/post/123" "Mozilla/5.0 (Macintosh; Intel Mac OS X 10_15_7) AppleWebKit/605.1.15 Version/15.5 Safari/605.1.15"
203.0.113.8 - - [18/Aug/2025:14:45:36 +0000] "GET /search?q=hadoop HTTP/1.1" 301 2671 "https://news.ycombinator.com/" "Googlebot/2.1 (+http://www.google.com/bot.html)"
10.0.0.11 - - [18/Aug/2025:05:52:19 +0000] "POST /robots.txt HTTP/2" 200 519 "-" "Mozilla/5.0 (Macintosh; Intel Mac OS X 10_15_7) AppleWebKit/605.1.15 Version/15.5 Safari/605.1.15"
10.0.0.14 - - [18/Aug/2025:09:40:53 +0000] "POST /products?id=100 HTTP/2" 301 1769 "https://social.example.org/post/123" "python-requests/2.31.0"
203.0.113.8 - - [18/Aug/2025:16:01:07 +0000] "POST /robots.txt HTTP/1.1" 404 3263 "https://news.ycombinator.com/" "Googlebot/2.1 (+http://www.google.com/bot.html)"
10.0.0.14 - - [18/Aug/2025:14:55:16 +0000] "HEAD /robots.txt HTTP/1.1" 200 4498 "https://news.ycombinator.com/" "Mozilla/5.0 (Windows NT 10.0; Win64; x64) AppleWebKit/537.36 Chrome/118.0 Safari/537.36"
192.168.1.5 - - [18/Aug/2025:19:10:37 +0000] "GET /api/v1/items HTTP/2" 500 1409 "https://example.com/" "Mozilla/5.0 (Macintosh; Intel Mac OS X 10_15_7) AppleWebKit/605.1.15 Version/15.5 Safari/605.1.15"
10.0.0.14 - - [18/Aug/2025:05:23:26 +0000] "POST /index.html HTTP/2" 200 4638 "-" "bingbot/2.0; +http://www.bing.com/bingbot.htm"
203.0.113.8 - - [18/Aug/2025:08:40:11 +0000] "GET /promo/summer HTTP/1.1" 304 - "https://example.com/" "Mozilla/5.0 (X11; Linux x86_64) Gecko/20100101 Firefox/116.0"
192.168.1.21 - - [18/Aug/2025:10:54:43 +0000] "POST /api/v1/items/42 HTTP/1.1" 304 - "https://news.ycombinator.com/" "curl/7.88.1"
10.0.0.7 - - [18/Aug/2025:18:00:08 +0000] "POST /api/v1/items/42 HTTP/2" 301 3087 "https://www.google.com/" "Mozilla/5.0 (Windows NT 10.0; Win64; x64) AppleWebKit/537.36 Chrome/118.0 Safari/537.36"
192.168.1.14 - - [18/Aug/2025:09:32:14 +0000] "HEAD /promo/summer HTTP/1.1" 301 4072 "-" "Mozilla/5.0 (Windows NT 10.0; Win64; x64) AppleWebKit/537.36 Chrome/118.0 Safari/537.36"
10.0.0.4 - - [18/Aug/2025:18:59:01 +0000] "POST /css/site.css HTTP/2" 200 3920 "https://news.ycombinator.com/" "bingbot/2.0; +http://www.bing.com/bingbot.htm"
203.0.113.5 - - [18/Aug/2025:18:21:11 +0000] "POST / HTTP/1.1" 200 1354 "https://www.google.com/" "python-requests/2.31.0"
192.168.1.10 - - [18/Aug/2025:09:08:13 +0000] "GET /login HTTP/1.1" 200 454 "https://social.example.org/post/123" "Mozilla/5.0 (X11; Linux x86_64) Gecko/20100101 Firefox/116.0"
192.168.1.4 - - [18/Aug/2025:12:12:06 +0000] "HEAD /sitemap.xml HTTP/1.1" 302 1274 "https://example.com/" "Mozilla/5.0 (Windows NT 10.0; Win64; x64) AppleWebKit/537.36 Chrome/118.0 Safari/537.36"
203.0.113.8 - - [18/Aug/2025:06:42:00 +0000] "GET /products?id=100 HTTP/1.1" 404 1938 "https://www.google.com/" "python-requests/2.31.0"
203.0.113.7 - - [18/Aug/2025:11:05:09 +0000] "POST /nonexistent HTTP/2" 404 4401 "https://news.ycombinator.com/" "Mozilla/5.0 (Macintosh; Intel Mac OS X 10_15_7) AppleWebKit/605.1.15 Version/15.5 Safari/605.1.15"
10.0.0.11 - - [18/Aug/2025:13:04:06 +0000] "GET /sitemap.xml HTTP/1.1" 500 1869 "https://example.com/" "Mozilla/5.0 (Macintosh; Intel Mac OS X 10_15_7) AppleWebKit/605.1.15 Version/15.5 Safari/605.1.15"
203.0.113.6 - - [18/Aug/2025:20:34:00 +0000] "GET /search?q=hadoop HTTP/2" 200 1816 "https://social.example.org/post/123" "python-requests/2.31.0"
192.168.1.24 - - [18/Aug/2025:21:11:53 +0000] "POST /login HTTP/1.1" 304 - "https://www.google.com/" "Googlebot/2.1 (+http://www.google.com/bot.html)"
10.0.0.3 - - [18/Aug/2025:07:20:07 +0000] "GET /sitemap.xml HTTP/1.1" 302 3259 "https://example.com/" "bingbot/2.0; +http://www.bing.com/bingbot.htm"
10.0.0.5 - - [18/Aug/2025:17:05:20 +0000] "GET /admin HTTP/2" 200 3936 "https://www.google.com/" "bingbot/2.0; +http://www.bing.com/bingbot.htm"
192.168.1.14 - - [18/Aug/2025:11:54:27 +0000] "GET /robots.txt HTTP/2" 200 404 "https://social.example.org/post/123" "python-requests/2.31.0"
203.0.113.2 - - [18/Aug/2025:07:28:33 +0000] "HEAD /products HTTP/1.1" 200 3534 "https://social.example.org/post/123" "python-requests/2.31.0"
192.168.1.12 - - [18/Aug/2025:15:06:47 +0000] "GET /api/v1/items/42 HTTP/1.1" 200 1940 "https://news.ycombinator.com/" "Mozilla/5.0 (X11; Linux x86_64) Gecko/20100101 Firefox/116.0"
192.168.1.29 - - [18/Aug/2025:23:07:14 +0000] "HEAD /robots.txt HTTP/2" 500 2536 "https://social.example.org/post/123" "curl/7.88.1"
10.0.0.5 - - [18/Aug/2025:12:38:25 +0000] "HEAD /images/logo.png HTTP/1.1" 302 1185 "-" "curl/7.88.1"
192.168.1.10 - - [18/Aug/2025:13:14:40 +0000] "GET /products?id=100 HTTP/1.1" 200 4380 "-" "Mozilla/5.0 (Macintosh; Intel Mac OS X 10_15_7) AppleWebKit/605.1.15 Version/15.5 Safari/605.1.15"
192.168.1.11 - - [18/Aug/2025:11:43:20 +0000] "POST /promo/summer HTTP/1.1" 200 4559 "https://social.example.org/post/123" "Mozilla/5.0 (X11; Linux x86_64) Gecko/20100101 Firefox/116.0"
10.0.0.5 - - [18/Aug/2025:12:18:42 +0000] "POST /sitemap.xml HTTP/2" 304 - "https://example.com/" "Mozilla/5.0 (X11; Linux x86_64) Gecko/20100101 Firefox/116.0"
203.0.113.8 - - [18/Aug/2025:19:34:01 +0000] "GET /login HTTP/1.1" 301 3987 "https://example.com/" "Mozilla/5.0 (X11; Linux x86_64) Gecko/20100101 Firefox/116.0"
192.168.1.4 - - [18/Aug/2025:11:29:02 +0000] "GET /docs/guide.pdf HTTP/2" 500 1644 "https://social.example.org/post/123" "Googlebot/2.1 (+http://www.google.com/bot.html)"
10.0.0.5 - - [18/Aug/2025:07:45:24 +0000] "GET /nonexistent HTTP/2" 200 4198 "https://news.ycombinator.com/" "Mozilla/5.0 (X11; Linux x86_64) Gecko/20100101 Firefox/116.0"
192.168.1.18 - - [18/Aug/2025:08:03:25 +0000] "POST /nonexistent HTTP/2" 404 2630 "https://example.com/" "Mozilla/5.0 (Windows NT 10.0; Win64; x64) AppleWebKit/537.36 Chrome/118.0 Safari/537.36"
192.168.1.25 - - [18/Aug/2025:04:02:08 +0000] "POST /nonexistent HTTP/1.1" 404 3417 "-" "Googlebot/2.1 (+http://www.google.com/bot.html)"
192.168.1.24 - - [18/Aug/2025:10:22:26 +0000] "GET /search?q=hive HTTP/1.1" 200 2856 "https://news.ycombinator.com/" "Mozilla/5.0 (Windows NT 10.0; Win64; x64) AppleWebKit/537.36 Chrome/118.0 Safari/537.36"
192.168.1.21 - - [18/Aug/2025:20:04:55 +0000] "GET /api/v1/items HTTP/1.1" 200 4710 "https://example.com/" "Mozilla/5.0 (Windows NT 10.0; Win64; x64) AppleWebKit/537.36 Chrome/118.0 Safari/537.36"
10.0.0.10 - - [18/Aug/2025:12:55:27 +0000] "HEAD /login HTTP/2" 200 4147 "https://news.ycombinator.com/" "Mozilla/5.0 (Windows NT 10.0; Win64; x64) AppleWebKit/537.36 Chrome/118.0 Safari/537.36"
192.168.1.26 - - [18/Aug/2025:22:24:36 +0000] "POST /nonexistent HTTP/1.1" 404 1986 "https://example.com/" "Googlebot/2.1 (+http://www.google.com/bot.html)"
192.168.1.23 - - [18/Aug/2025:13:48:42 +0000] "GET /promo/summer HTTP/2" 200 3871 "https://www.google.com/" "Googlebot/2.1 (+http://www.google.com/bot.html)"
10.0.0.8 - - [18/Aug/2025:16:50:04 +0000] "GET /css/site.css HTTP/2" 200 2735 "https://news.ycombinator.com/" "Googlebot/2.1 (+http://www.google.com/bot.html)"
192.168.1.7 - - [18/Aug/2025:18:39:47 +0000] "HEAD /nonexistent HTTP/1.1" 404 2539 "-" "bingbot/2.0; +http://www.bing.com/bingbot.htm"
192.168.1.15 - - [18/Aug/2025:18:30:27 +0000] "POST /products HTTP/2" 304 - "https://example.com/" "Googlebot/2.1 (+http://www.google.com/bot.html)"
192.168.1.28 - - [18/Aug/2025:16:20:12 +0000] "POST /images/logo.png HTTP/2" 404 4785 "https://www.google.com/" "Mozilla/5.0 (Windows NT 10.0; Win64; x64) AppleWebKit/537.36 Chrome/118.0 Safari/537.36"
192.168.1.13 - - [18/Aug/2025:15:33:55 +0000] "HEAD /robots.txt HTTP/1.1" 404 4128 "https://example.com/" "python-requests/2.31.0"
203.0.113.9 - - [18/Aug/2025:13:39:54 +0000] "POST /nonexistent HTTP/1.1" 404 3284 "https://social.example.org/post/123" "Mozilla/5.0 (Macintosh; Intel Mac OS X 10_15_7) AppleWebKit/605.1.15 Version/15.5 Safari/605.1.15"
203.0.113.8 - - [18/Aug/2025:09:47:43 +0000] "POST /login HTTP/2" 200 827 "https://www.google.com/" "Mozilla/5.0 (X11; Linux x86_64) Gecko/20100101 Firefox/116.0"
203.0.113.1 - - [18/Aug/2025:11:52:18 +0000] "GET /images/logo.png HTTP/1.1" 301 2253 "-" "Mozilla/5.0 (Macintosh; Intel Mac OS X 10_15_7) AppleWebKit/605.1.15 Version/15.5 Safari/605.1.15"
192.168.1.21 - - [18/Aug/2025:08:15:51 +0000] "POST /robots.txt HTTP/2" 301 603 "https://www.google.com/" "Mozilla/5.0 (Macintosh; Intel Mac OS X 10_15_7) AppleWebKit/605.1.15 Version/15.5 Safari/605.1.15"
192.168.1.19 - - [18/Aug/2025:09:01:16 +0000] "HEAD /docs/guide.pdf HTTP/1.1" 404 645 "https://social.example.org/post/123" "Mozilla/5.0 (X11; Linux x86_64) Gecko/20100101 Firefox/116.0"
192.168.1.7 - - [18/Aug/2025:03:55:57 +0000] "POST /promo/summer HTTP/2" 200 3634 "https://example.com/" "python-requests/2.31.0"
203.0.113.6 - - [18/Aug/2025:16:05:25 +0000] "GET /search?q=hive HTTP/1.1" 404 4398 "-" "bingbot/2.0; +http://www.bing.com/bingbot.htm"
10.0.0.7 - - [18/Aug/2025:16:37:49 +0000] "POST /robots.txt HTTP/1.1" 200 1301 "https://example.com/" "curl/7.88.1"
203.0.113.7 - - [18/Aug/2025:19:47:24 +0000] "HEAD /search?q=hive HTTP/2" 200 1481 "-" "Mozilla/5.0 (Macintosh; Intel Mac OS X 10_15_7) AppleWebKit/605.1.15 Version/15.5 Safari/605.1.15"
